Component: ARM Compiler 5.06 update 7 (build 960) Tool: armlink [4d3601]

==============================================================================

Section Cross References

    startup_stm32f103xb.o(RESET) refers to startup_stm32f103xb.o(STACK) for __initial_sp
    startup_stm32f103xb.o(RESET) refers to startup_stm32f103xb.o(.text) for Reset_Handler
    startup_stm32f103xb.o(RESET) refers to stm32f1xx_it.o(i.NMI_Handler) for NMI_Handler
    startup_stm32f103xb.o(RESET) refers to stm32f1xx_it.o(i.HardFault_Handler) for HardFault_Handler
    startup_stm32f103xb.o(RESET) refers to stm32f1xx_it.o(i.MemManage_Handler) for MemManage_Handler
    startup_stm32f103xb.o(RESET) refers to stm32f1xx_it.o(i.BusFault_Handler) for BusFault_Handler
    startup_stm32f103xb.o(RESET) refers to stm32f1xx_it.o(i.UsageFault_Handler) for UsageFault_Handler
    startup_stm32f103xb.o(RESET) refers to stm32f1xx_it.o(i.SVC_Handler) for SVC_Handler
    startup_stm32f103xb.o(RESET) refers to stm32f1xx_it.o(i.DebugMon_Handler) for DebugMon_Handler
    startup_stm32f103xb.o(RESET) refers to stm32f1xx_it.o(i.PendSV_Handler) for PendSV_Handler
    startup_stm32f103xb.o(RESET) refers to stm32f1xx_it.o(i.SysTick_Handler) for SysTick_Handler
    startup_stm32f103xb.o(RESET) refers to stm32f1xx_it.o(i.EXTI9_5_IRQHandler) for EXTI9_5_IRQHandler
    startup_stm32f103xb.o(RESET) refers to stm32f1xx_it.o(i.TIM1_UP_IRQHandler) for TIM1_UP_IRQHandler
    startup_stm32f103xb.o(RESET) refers to stm32f1xx_it.o(i.EXTI15_10_IRQHandler) for EXTI15_10_IRQHandler
    startup_stm32f103xb.o(.text) refers to system_stm32f1xx.o(i.SystemInit) for SystemInit
    startup_stm32f103xb.o(.text) refers to entry.o(.ARM.Collect$$$$00000000) for __main
    main.o(i.SystemClock_Config) refers to memseta.o(.text) for __aeabi_memclr4
    main.o(i.SystemClock_Config) refers to stm32f1xx_hal_rcc.o(i.HAL_RCC_OscConfig) for HAL_RCC_OscConfig
    main.o(i.SystemClock_Config) refers to stm32f1xx_hal_rcc.o(i.HAL_RCC_ClockConfig) for HAL_RCC_ClockConfig
    main.o(i.SystemClock_Config) refers to stm32f1xx_hal_rcc_ex.o(i.HAL_RCCEx_PeriphCLKConfig) for HAL_RCCEx_PeriphCLKConfig
    main.o(i.main) refers to stm32f1xx_hal.o(i.HAL_Init) for HAL_Init
    main.o(i.main) refers to main.o(i.SystemClock_Config) for SystemClock_Config
    main.o(i.main) refers to main.o(i.JTAG_Set) for JTAG_Set
    main.o(i.main) refers to stm32f1xx_hal.o(i.HAL_Delay) for HAL_Delay
    main.o(i.main) refers to gpio.o(i.MX_GPIO_Init) for MX_GPIO_Init
    main.o(i.main) refers to tim.o(i.MX_TIM3_Init) for MX_TIM3_Init
    main.o(i.main) refers to tim.o(i.MX_TIM4_Init) for MX_TIM4_Init
    main.o(i.main) refers to usart.o(i.MX_USART1_UART_Init) for MX_USART1_UART_Init
    main.o(i.main) refers to adc.o(i.MX_ADC_Init) for MX_ADC_Init
    main.o(i.main) refers to tim.o(i.MX_TIM1_Init) for MX_TIM1_Init
    main.o(i.main) refers to oled.o(i.OLED_Init) for OLED_Init
    main.o(i.main) refers to show.o(i.DataScope) for DataScope
    main.o(i.main) refers to check.o(i.Tips) for Tips
    main.o(i.main) refers to main.o(.data) for .data
    gpio.o(i.HAL_GPIO_EXTI_Callback) refers to stm32f1xx_hal.o(i.HAL_Delay) for HAL_Delay
    gpio.o(i.HAL_GPIO_EXTI_Callback) refers to fadd.o(.text) for __aeabi_fadd
    gpio.o(i.HAL_GPIO_EXTI_Callback) refers to main.o(.data) for Balance_KP
    gpio.o(i.HAL_GPIO_EXTI_Callback) refers to main.o(.data) for Balance_KD
    gpio.o(i.HAL_GPIO_EXTI_Callback) refers to main.o(.data) for Position_KP
    gpio.o(i.HAL_GPIO_EXTI_Callback) refers to main.o(.data) for Position_KD
    gpio.o(i.HAL_GPIO_EXTI_Callback) refers to main.o(.data) for Menu
    gpio.o(i.HAL_GPIO_EXTI_Callback) refers to main.o(.data) for Amplitude1
    gpio.o(i.HAL_GPIO_EXTI_Callback) refers to main.o(.data) for Amplitude2
    gpio.o(i.HAL_GPIO_EXTI_Callback) refers to main.o(.data) for Amplitude3
    gpio.o(i.HAL_GPIO_EXTI_Callback) refers to main.o(.data) for Flag_Stop
    gpio.o(i.HAL_GPIO_EXTI_Callback) refers to control.o(.data) for Swing_up
    gpio.o(i.HAL_GPIO_EXTI_Callback) refers to main.o(.data) for Amplitude4
    gpio.o(i.MX_GPIO_Init) refers to stm32f1xx_hal_gpio.o(i.HAL_GPIO_WritePin) for HAL_GPIO_WritePin
    gpio.o(i.MX_GPIO_Init) refers to stm32f1xx_hal_gpio.o(i.HAL_GPIO_Init) for HAL_GPIO_Init
    gpio.o(i.MX_GPIO_Init) refers to stm32f1xx_hal_cortex.o(i.HAL_NVIC_SetPriority) for HAL_NVIC_SetPriority
    gpio.o(i.MX_GPIO_Init) refers to stm32f1xx_hal_cortex.o(i.HAL_NVIC_EnableIRQ) for HAL_NVIC_EnableIRQ
    adc.o(i.Get_Adc) refers to stm32f1xx_hal_adc.o(i.HAL_ADC_ConfigChannel) for HAL_ADC_ConfigChannel
    adc.o(i.Get_Adc) refers to stm32f1xx_hal_adc.o(i.HAL_ADC_Start) for HAL_ADC_Start
    adc.o(i.Get_Adc) refers to stm32f1xx_hal_adc.o(i.HAL_ADC_PollForConversion) for HAL_ADC_PollForConversion
    adc.o(i.Get_Adc) refers to stm32f1xx_hal_adc.o(i.HAL_ADC_GetValue) for HAL_ADC_GetValue
    adc.o(i.Get_Adc) refers to adc.o(.bss) for .bss
[...]
    ../clib/microlib/init/entry.s            0x00000000   Number         0  entry12a.o ABSOLUTE
    ../clib/microlib/init/entry.s            0x00000000   Number         0  entry11b.o ABSOLUTE
    ../clib/microlib/init/entry.s            0x00000000   Number         0  entry11a.o ABSOLUTE
    ../clib/microlib/init/entry.s            0x00000000   Number         0  entry10b.o ABSOLUTE
    ../clib/microlib/init/entry.s            0x00000000   Number         0  entry9b.o ABSOLUTE
    ../clib/microlib/init/entry.s            0x00000000   Number         0  entry9a.o ABSOLUTE
    ../clib/microlib/init/entry.s            0x00000000   Number         0  entry8b.o ABSOLUTE
    ../clib/microlib/init/entry.s            0x00000000   Number         0  entry8a.o ABSOLUTE
    ../clib/microlib/longlong.c              0x00000000   Number         0  llshl.o ABSOLUTE
    ../clib/microlib/longlong.c              0x00000000   Number         0  llsshr.o ABSOLUTE
    ../clib/microlib/longlong.c              0x00000000   Number         0  llushr.o ABSOLUTE
    ../clib/microlib/string/memset.c         0x00000000   Number         0  memseta.o ABSOLUTE
    ../clib/microlib/stubs.s                 0x00000000   Number         0  iusefp.o ABSOLUTE
    ../fplib/microlib/d2f.c                  0x00000000   Number         0  d2f.o ABSOLUTE
    ../fplib/microlib/f2d.c                  0x00000000   Number         0  f2d.o ABSOLUTE
    ../fplib/microlib/fpadd.c                0x00000000   Number         0  dadd.o ABSOLUTE
    ../fplib/microlib/fpadd.c                0x00000000   Number         0  fadd.o ABSOLUTE
    ../fplib/microlib/fpdiv.c                0x00000000   Number         0  fdiv.o ABSOLUTE
    ../fplib/microlib/fpepilogue.c           0x00000000   Number         0  fepilogue.o ABSOLUTE
    ../fplib/microlib/fpepilogue.c           0x00000000   Number         0  depilogue.o ABSOLUTE
    ../fplib/microlib/fpfix.c                0x00000000   Number         0  dfixi.o ABSOLUTE
    ../fplib/microlib/fpfix.c                0x00000000   Number         0  ffixui.o ABSOLUTE
    ../fplib/microlib/fpfix.c                0x00000000   Number         0  ffixi.o ABSOLUTE
    ../fplib/microlib/fpflt.c                0x00000000   Number         0  dfltui.o ABSOLUTE
    ../fplib/microlib/fpflt.c                0x00000000   Number         0  ffltui.o ABSOLUTE
    ../fplib/microlib/fpflt.c                0x00000000   Number         0  fflti.o ABSOLUTE
    ../fplib/microlib/fpmul.c                0x00000000   Number         0  dmul.o ABSOLUTE
    ../fplib/microlib/fpmul.c                0x00000000   Number         0  fmul.o ABSOLUTE
    ../fplib/microlib/fpscalb.c              0x00000000   Number         0  dscalb.o ABSOLUTE
    ..\BALANCE\CHECK\check.c                 0x00000000   Number         0  check.o ABSOLUTE
    ..\BALANCE\CONTROL\control.c             0x00000000   Number         0  control.o ABSOLUTE
    ..\BALANCE\DataScope_DP\DataScope_DP.C   0x00000000   Number         0  datascope_dp.o ABSOLUTE
    ..\BALANCE\show\show.c                   0x00000000   Number         0  show.o ABSOLUTE
    ..\Core\Src\adc.c                        0x00000000   Number         0  adc.o ABSOLUTE
    ..\Core\Src\gpio.c                       0x00000000   Number         0  gpio.o ABSOLUTE
    ..\Core\Src\main.c                       0x00000000   Number         0  main.o ABSOLUTE
    ..\Core\Src\stm32f1xx_hal_msp.c          0x00000000   Number         0  stm32f1xx_hal_msp.o ABSOLUTE
    ..\Core\Src\stm32f1xx_it.c               0x00000000   Number         0  stm32f1xx_it.o ABSOLUTE
    ..\Core\Src\system_stm32f1xx.c           0x00000000   Number         0  system_stm32f1xx.o ABSOLUTE
    ..\Core\Src\tim.c                        0x00000000   Number         0  tim.o ABSOLUTE
    ..\Core\Src\usart.c                      0x00000000   Number         0  usart.o ABSOLUTE
    ..\Drivers\STM32F1xx_HAL_Driver\Src\stm32f1xx_hal.c 0x00000000   Number         0  stm32f1xx_hal.o ABSOLUTE
    ..\Drivers\STM32F1xx_HAL_Driver\Src\stm32f1xx_hal_adc.c 0x00000000   Number         0  stm32f1xx_hal_adc.o ABSOLUTE
    ..\Drivers\STM32F1xx_HAL_Driver\Src\stm32f1xx_hal_adc_ex.c 0x00000000   Number         0  stm32f1xx_hal_adc_ex.o ABSOLUTE
    ..\Drivers\STM32F1xx_HAL_Driver\Src\stm32f1xx_hal_cortex.c 0x00000000   Number         0  stm32f1xx_hal_cortex.o ABSOLUTE
    ..\Drivers\STM32F1xx_HAL_Driver\Src\stm32f1xx_hal_dma.c 0x00000000   Number         0  stm32f1xx_hal_dma.o ABSOLUTE
    ..\Drivers\STM32F1xx_HAL_Driver\Src\stm32f1xx_hal_exti.c 0x00000000   Number         0  stm32f1xx_hal_exti.o ABSOLUTE
    ..\Drivers\STM32F1xx_HAL_Driver\Src\stm32f1xx_hal_flash.c 0x00000000   Number         0  stm32f1xx_hal_flash.o ABSOLUTE
    ..\Drivers\STM32F1xx_HAL_Driver\Src\stm32f1xx_hal_flash_ex.c 0x00000000   Number         0  stm32f1xx_hal_flash_ex.o ABSOLUTE
    ..\Drivers\STM32F1xx_HAL_Driver\Src\stm32f1xx_hal_gpio.c 0x00000000   Number         0  stm32f1xx_hal_gpio.o ABSOLUTE
    ..\Drivers\STM32F1xx_HAL_Driver\Src\stm32f1xx_hal_gpio_ex.c 0x00000000   Number         0  stm32f1xx_hal_gpio_ex.o ABSOLUTE
    ..\Drivers\STM32F1xx_HAL_Driver\Src\stm32f1xx_hal_pwr.c 0x00000000   Number         0  stm32f1xx_hal_pwr.o ABSOLUTE
    ..\Drivers\STM32F1xx_HAL_Driver\Src\stm32f1xx_hal_rcc.c 0x00000000   Number         0  stm32f1xx_hal_rcc.o ABSOLUTE
    ..\Drivers\STM32F1xx_HAL_Driver\Src\stm32f1xx_hal_rcc_ex.c 0x00000000   Number         0  stm32f1xx_hal_rcc_ex.o ABSOLUTE
    ..\Drivers\STM32F1xx_HAL_Driver\Src\stm32f1xx_hal_tim.c 0x00000000   Number         0  stm32f1xx_hal_tim.o ABSOLUTE
    ..\Drivers\STM32F1xx_HAL_Driver\Src\stm32f1xx_hal_tim_ex.c 0x00000000   Number         0  stm32f1xx_hal_tim_ex.o ABSOLUTE
    ..\Drivers\STM32F1xx_HAL_Driver\Src\stm32f1xx_hal_uart.c 0x00000000   Number         0  stm32f1xx_hal_uart.o ABSOLUTE
    ..\HARDWARE\KEY\key.c                    0x00000000   Number         0  key.o ABSOLUTE
    ..\HARDWARE\LED\LED.C                    0x00000000   Number         0  led.o ABSOLUTE
    ..\HARDWARE\OLED\oled.c                  0x00000000   Number         0  oled.o ABSOLUTE
    ..\\BALANCE\\CHECK\\check.c              0x00000000   Number         0  check.o ABSOLUTE
    ..\\BALANCE\\CONTROL\\control.c          0x00000000   Number         0  control.o ABSOLUTE
    ..\\BALANCE\\show\\show.c                0x00000000   Number         0  show.o ABSOLUTE
    ..\\HARDWARE\\KEY\\key.c                 0x00000000   Number         0  key.o ABSOLUTE
    ..\\HARDWARE\\LED\\LED.C                 0x00000000   Number         0  led.o ABSOLUTE
    ..\\HARDWARE\\OLED\\oled.c               0x00000000   Number         0  oled.o ABSOLUTE
    dc.s                                     0x00000000   Number         0  dc.o ABSOLUTE
    handlers.s                               0x00000000   Number         0  handlers.o ABSOLUTE
    init.s                                   0x00000000   Number         0  init.o ABSOLUTE
    startup_stm32f103xb.s                    0x00000000   Number         0  startup_stm32f103xb.o ABSOLUTE
    RESET                                    0x08000000   Section      236  startup_stm32f103xb.o(RESET)
    .ARM.Collect$$$$00000000                 0x080000ec   Section        0  entry.o(.ARM.Collect$$$$00000000)
    .ARM.Collect$$$$00000001                 0x080000ec   Section        4  entry2.o(.ARM.Collect$$$$00000001)
    .ARM.Collect$$$$00000004                 0x080000f0   Section        4  entry5.o(.ARM.Collect$$$$00000004)
    .ARM.Collect$$$$00000008                 0x080000f4   Section        0  entry7b.o(.ARM.Collect$$$$00000008)
    .ARM.Collect$$$$0000000A                 0x080000f4   Section        0  entry8b.o(.ARM.Collect$$$$0000000A)
    .ARM.Collect$$$$0000000B                 0x080000f4   Section        8  entry9a.o(.ARM.Collect$$$$0000000B)
    .ARM.Collect$$$$0000000E                 0x080000fc   Section        4  entry12b.o(.ARM.Collect$$$$0000000E)
    .ARM.Collect$$$$0000000F                 0x08000100   Section        0  entry10a.o(.ARM.Collect$$$$0000000F)
    .ARM.Collect$$$$00000011                 0x08000100   Section        0  entry11a.o(.ARM.Collect$$$$00000011)
    .ARM.Collect$$$$00002712                 0x08000100   Section        4  entry2.o(.ARM.Collect$$$$00002712)
    __lit__00000000                          0x08000100   Data           4  entry2.o(.ARM.Collect$$$$00002712)
    .text                                    0x08000104   Section       36  startup_stm32f103xb.o(.text)
    .text                                    0x08000128   Section        0  llushr.o(.text)
    .text                                    0x08000148   Section        0  memseta.o(.text)
    .text                                    0x0800016c   Section        0  fadd.o(.text)
    .text                                    0x0800021c   Section        0  fmul.o(.text)
    .text                                    0x08000280   Section        0  fdiv.o(.text)
    .text                                    0x080002fc   Section        0  dadd.o(.text)
    .text                                    0x0800044a   Section        0  dmul.o(.text)
    .text                                    0x0800052e   Section        0  dscalb.o(.text)
    .text                                    0x0800055c   Section        0  fflti.o(.text)
    .text                                    0x0800056e   Section        0  ffltui.o(.text)
    .text                                    0x08000578   Section        0  dfltui.o(.text)
    .text                                    0x08000592   Section        0  ffixi.o(.text)
    .text                                    0x080005c4   Section        0  ffixui.o(.text)
    .text                                    0x080005ec   Section        0  dfixi.o(.text)
    .text                                    0x0800062a   Section        0  f2d.o(.text)
    .text                                    0x08000650   Section        0  d2f.o(.text)
    .text                                    0x08000688   Section        0  llshl.o(.text)
    .text                                    0x080006a6   Section        0  llsshr.o(.text)
    .text                                    0x080006ca   Section        0  iusefp.o(.text)
    .text                                    0x080006ca   Section        0  fepilogue.o(.text)
    .text                                    0x08000738   Section        0  depilogue.o(.text)
    .text                                    0x080007f4   Section       36  init.o(.text)
    i.ADC_ConversionStop_Disable             0x08000818   Section        0  stm32f1xx_hal_adc.o(i.ADC_ConversionStop_Disable)
    i.ADC_Enable                             0x08000870   Section        0  stm32f1xx_hal_adc.o(i.ADC_Enable)
    i.Auto_run                               0x080008ec   Section        0  control.o(i.Auto_run)
    i.Balance                                0x08000ba8   Section        0  control.o(i.Balance)
    i.BusFault_Handler                       0x08000bf8   Section        0  stm32f1xx_it.o(i.BusFault_Handler)
    i.DataScope                              0x08000bfc   Section        0  show.o(i.DataScope)
    i.DataScope_Data_Generate                0x08000c60   Section        0  datascope_dp.o(i.DataScope_Data_Generate)
    i.DataScope_Get_Channel_Data             0x08000ce0   Section        0  datascope_dp.o(i.DataScope_Get_Channel_Data)
    i.DebugMon_Handler                       0x08000d34   Section        0  stm32f1xx_it.o(i.DebugMon_Handler)
    i.EXTI15_10_IRQHandler                   0x08000d36   Section        0  stm32f1xx_it.o(i.EXTI15_10_IRQHandler)
    i.EXTI9_5_IRQHandler                     0x08000d4c   Section        0  stm32f1xx_it.o(i.EXTI9_5_IRQHandler)
    i.Error_Handler                          0x08000d5e   Section        0  main.o(i.Error_Handler)
    i.Find_Zero                              0x08000d64   Section        0  control.o(i.Find_Zero)
    i.Float2Byte                             0x08000e60   Section        0  datascope_dp.o(i.Float2Byte)
    i.Get_Adc                                0x08000e74   Section        0  adc.o(i.Get_Adc)
    i.Get_Adc2                               0x08000eb4   Section        0  adc.o(i.Get_Adc2)
    i.Get_Adc_Average                        0x08000ef4   Section        0  adc.o(i.Get_Adc_Average)
    i.Get_D_Angle_Balance                    0x08000f1c   Section        0  control.o(i.Get_D_Angle_Balance)
    i.Get_battery_volt                       0x08000f54   Section        0  adc.o(i.Get_battery_volt)
    i.HAL_ADCEx_Calibration_Start            0x08000f98   Section        0  stm32f1xx_hal_adc_ex.o(i.HAL_ADCEx_Calibration_Start)
    i.HAL_ADC_ConfigChannel                  0x08001070   Section        0  stm32f1xx_hal_adc.o(i.HAL_ADC_ConfigChannel)
    i.HAL_ADC_GetValue                       0x0800116c   Section        0  stm32f1xx_hal_adc.o(i.HAL_ADC_GetValue)
    i.HAL_ADC_Init                           0x08001174   Section        0  stm32f1xx_hal_adc.o(i.HAL_ADC_Init)
    i.HAL_ADC_MspInit                        0x08001290   Section        0  adc.o(i.HAL_ADC_MspInit)
    i.HAL_ADC_PollForConversion              0x08001330   Section        0  stm32f1xx_hal_adc.o(i.HAL_ADC_PollForConversion)
    i.HAL_ADC_Start                          0x0800146c   Section        0  stm32f1xx_hal_adc.o(i.HAL_ADC_Start)
    i.HAL_Delay                              0x0800152c   Section        0  stm32f1xx_hal.o(i.HAL_Delay)
    i.HAL_GPIO_EXTI_Callback                 0x08001550   Section        0  gpio.o(i.HAL_GPIO_EXTI_Callback)
    i.HAL_GPIO_EXTI_IRQHandler               0x080016bc   Section        0  stm32f1xx_hal_gpio.o(i.HAL_GPIO_EXTI_IRQHandler)
    i.HAL_GPIO_Init                          0x080016d4   Section        0  stm32f1xx_hal_gpio.o(i.HAL_GPIO_Init)
    i.HAL_GPIO_WritePin                      0x080018b4   Section        0  stm32f1xx_hal_gpio.o(i.HAL_GPIO_WritePin)
    i.HAL_GetTick                            0x080018c0   Section        0  stm32f1xx_hal.o(i.HAL_GetTick)
    i.HAL_IncTick                            0x080018cc   Section        0  stm32f1xx_hal.o(i.HAL_IncTick)
    i.HAL_Init                               0x080018dc   Section        0  stm32f1xx_hal.o(i.HAL_Init)
    i.HAL_InitTick                           0x08001900   Section        0  stm32f1xx_hal.o(i.HAL_InitTick)
    i.HAL_MspInit                            0x08001940   Section        0  stm32f1xx_hal_msp.o(i.HAL_MspInit)
    i.HAL_NVIC_EnableIRQ                     0x08001984   Section        0  stm32f1xx_hal_cortex.o(i.HAL_NVIC_EnableIRQ)
    i.HAL_NVIC_SetPriority                   0x080019a0   Section        0  stm32f1xx_hal_cortex.o(i.HAL_NVIC_SetPriority)
    i.HAL_NVIC_SetPriorityGrouping           0x080019e0   Section        0  stm32f1xx_hal_cortex.o(i.HAL_NVIC_SetPriorityGrouping)
    i.HAL_RCCEx_GetPeriphCLKFreq             0x08001a04   Section        0  stm32f1xx_hal_rcc_ex.o(i.HAL_RCCEx_GetPeriphCLKFreq)
    i.HAL_RCCEx_PeriphCLKConfig              0x08001acc   Section        0  stm32f1xx_hal_rcc_ex.o(i.HAL_RCCEx_PeriphCLKConfig)
    i.HAL_RCC_ClockConfig                    0x08001bb8   Section        0  stm32f1xx_hal_rcc.o(i.HAL_RCC_ClockConfig)
    i.HAL_RCC_GetPCLK1Freq                   0x08001ce4   Section        0  stm32f1xx_hal_rcc.o(i.HAL_RCC_GetPCLK1Freq)
    i.HAL_RCC_GetPCLK2Freq                   0x08001d04   Section        0  stm32f1xx_hal_rcc.o(i.HAL_RCC_GetPCLK2Freq)
    i.HAL_RCC_GetSysClockFreq                0x08001d24   Section        0  stm32f1xx_hal_rcc.o(i.HAL_RCC_GetSysClockFreq)
    i.HAL_RCC_OscConfig                      0x08001d90   Section        0  stm32f1xx_hal_rcc.o(i.HAL_RCC_OscConfig)
    i.HAL_SYSTICK_Config                     0x080020b0   Section        0  stm32f1xx_hal_cortex.o(i.HAL_SYSTICK_Config)
    i.HAL_TIMEx_BreakCallback                0x080020d8   Section        0  stm32f1xx_hal_tim_ex.o(i.HAL_TIMEx_BreakCallback)
    i.HAL_TIMEx_CommutCallback               0x080020da   Section        0  stm32f1xx_hal_tim_ex.o(i.HAL_TIMEx_CommutCallback)
    i.HAL_TIMEx_MasterConfigSynchronization  0x080020dc   Section        0  stm32f1xx_hal_tim_ex.o(i.HAL_TIMEx_MasterConfigSynchronization)
    i.HAL_TIM_Base_Init                      0x08002144   Section        0  stm32f1xx_hal_tim.o(i.HAL_TIM_Base_Init)
    i.HAL_TIM_Base_MspInit                   0x080021a0   Section        0  tim.o(i.HAL_TIM_Base_MspInit)
    i.HAL_TIM_Base_Start_IT                  0x080021f4   Section        0  stm32f1xx_hal_tim.o(i.HAL_TIM_Base_Start_IT)
    i.HAL_TIM_ConfigClockSource              0x0800224c   Section        0  stm32f1xx_hal_tim.o(i.HAL_TIM_ConfigClockSource)
    i.HAL_TIM_Encoder_Init                   0x08002322   Section        0  stm32f1xx_hal_tim.o(i.HAL_TIM_Encoder_Init)
    i.HAL_TIM_Encoder_MspInit                0x080023c8   Section        0  tim.o(i.HAL_TIM_Encoder_MspInit)
    i.HAL_TIM_Encoder_Start                  0x0800241c   Section        0  stm32f1xx_hal_tim.o(i.HAL_TIM_Encoder_Start)
    i.HAL_TIM_IC_CaptureCallback             0x080024aa   Section        0  stm32f1xx_hal_tim.o(i.HAL_TIM_IC_CaptureCallback)
    i.HAL_TIM_IRQHandler                     0x080024ac   Section        0  stm32f1xx_hal_tim.o(i.HAL_TIM_IRQHandler)
    i.HAL_TIM_MspPostInit                    0x08002614   Section        0  tim.o(i.HAL_TIM_MspPostInit)
    i.HAL_TIM_OC_DelayElapsedCallback        0x08002660   Section        0  stm32f1xx_hal_tim.o(i.HAL_TIM_OC_DelayElapsedCallback)
    i.HAL_TIM_PWM_ConfigChannel              0x08002662   Section        0  stm32f1xx_hal_tim.o(i.HAL_TIM_PWM_ConfigChannel)
    i.HAL_TIM_PWM_Init                       0x08002728   Section        0  stm32f1xx_hal_tim.o(i.HAL_TIM_PWM_Init)
    i.HAL_TIM_PWM_MspInit                    0x08002782   Section        0  stm32f1xx_hal_tim.o(i.HAL_TIM_PWM_MspInit)
    i.HAL_TIM_PWM_PulseFinishedCallback      0x08002784   Section        0  stm32f1xx_hal_tim.o(i.HAL_TIM_PWM_PulseFinishedCallback)
    i.HAL_TIM_PWM_Start                      0x08002788   Section        0  stm32f1xx_hal_tim.o(i.HAL_TIM_PWM_Start)
    i.HAL_TIM_PeriodElapsedCallback          0x08002824   Section        0  control.o(i.HAL_TIM_PeriodElapsedCallback)
    i.HAL_TIM_TriggerCallback                0x080029a4   Section        0  stm32f1xx_hal_tim.o(i.HAL_TIM_TriggerCallback)
    i.HAL_UART_Init                          0x080029a6   Section        0  stm32f1xx_hal_uart.o(i.HAL_UART_Init)
    i.HAL_UART_MspInit                       0x08002a08   Section        0  usart.o(i.HAL_UART_MspInit)
    i.HardFault_Handler                      0x08002a78   Section        0  stm32f1xx_it.o(i.HardFault_Handler)
    i.Incremental_PI                         0x08002a7c   Section        0  control.o(i.Incremental_PI)
    i.JTAG_Set                               0x08002ad4   Section        0  main.o(i.JTAG_Set)
    i.Key                                    0x08002afc   Section        0  control.o(i.Key)
    i.Led_Flash                              0x08002b94   Section        0  led.o(i.Led_Flash)
    i.Long_Press                             0x08002bc4   Section        0  key.o(i.Long_Press)
    i.Long_Press_KEY2                        0x08002c00   Section        0  key.o(i.Long_Press_KEY2)
    i.MX_ADC_Init                            0x08002c3c   Section        0  adc.o(i.MX_ADC_Init)
    i.MX_GPIO_Init                           0x08002cc4   Section        0  gpio.o(i.MX_GPIO_Init)
    i.MX_TIM1_Init                           0x08002dd4   Section        0  tim.o(i.MX_TIM1_Init)
    i.MX_TIM3_Init                           0x08002e48   Section        0  tim.o(i.MX_TIM3_Init)
    i.MX_TIM4_Init                           0x08002ee8   Section        0  tim.o(i.MX_TIM4_Init)
    i.MX_USART1_UART_Init                    0x08002f64   Section        0  usart.o(i.MX_USART1_UART_Init)
    i.Mean_Filter                            0x08002f9c   Section        0  control.o(i.Mean_Filter)
    i.MemManage_Handler                      0x08002fdc   Section        0  stm32f1xx_it.o(i.MemManage_Handler)
    i.NMI_Handler                            0x08002fde   Section        0  stm32f1xx_it.o(i.NMI_Handler)
    i.OLED_Clear                             0x08002fe0   Section        0  oled.o(i.OLED_Clear)
    i.OLED_DrawPoint                         0x0800300c   Section        0  oled.o(i.OLED_DrawPoint)
    i.OLED_Init                              0x08003048   Section        0  oled.o(i.OLED_Init)
    i.OLED_Refresh_Gram                      0x08003134   Section        0  oled.o(i.OLED_Refresh_Gram)
    i.OLED_ShowChar                          0x08003180   Section        0  oled.o(i.OLED_ShowChar)
    i.OLED_ShowChinese                       0x08003210   Section        0  oled.o(i.OLED_ShowChinese)
    i.OLED_ShowChinese_12                    0x0800327c   Section        0  oled.o(i.OLED_ShowChinese_12)
    i.OLED_ShowNumber                        0x080032ec   Section        0  oled.o(i.OLED_ShowNumber)
    i.OLED_ShowString                        0x08003364   Section        0  oled.o(i.OLED_ShowString)
    i.OLED_WR_Byte                           0x080033a4   Section        0  oled.o(i.OLED_WR_Byte)
    i.PendSV_Handler                         0x080033ec   Section        0  stm32f1xx_it.o(i.PendSV_Handler)
    i.Position                               0x080033f0   Section        0  control.o(i.Position)
    i.Position_PID                           0x08003490   Section        0  control.o(i.Position_PID)
    i.Pre_Position                           0x08003528   Section        0  control.o(i.Pre_Position)
    i.Read_Encoder                           0x08003570   Section        0  tim.o(i.Read_Encoder)
    i.SVC_Handler                            0x0800359c   Section        0  stm32f1xx_it.o(i.SVC_Handler)
    i.Set_Pwm                                0x080035a0   Section        0  control.o(i.Set_Pwm)
    i.SysTick_Handler                        0x080035d0   Section        0  stm32f1xx_it.o(i.SysTick_Handler)
    i.SystemClock_Config                     0x080035d4   Section        0  main.o(i.SystemClock_Config)
    i.SystemInit                             0x0800364c   Section        0  system_stm32f1xx.o(i.SystemInit)
    i.TIM1_UP_IRQHandler                     0x08003650   Section        0  stm32f1xx_it.o(i.TIM1_UP_IRQHandler)
    i.TIM_Base_SetConfig                     0x0800365c   Section        0  stm32f1xx_hal_tim.o(i.TIM_Base_SetConfig)
    i.TIM_CCxChannelCmd                      0x080036c8   Section        0  stm32f1xx_hal_tim.o(i.TIM_CCxChannelCmd)
    i.TIM_ETR_SetConfig                      0x080036e2   Section        0  stm32f1xx_hal_tim.o(i.TIM_ETR_SetConfig)
    i.TIM_ITRx_SetConfig                     0x080036f6   Section        0  stm32f1xx_hal_tim.o(i.TIM_ITRx_SetConfig)
    TIM_ITRx_SetConfig                       0x080036f7   Thumb Code    16  stm32f1xx_hal_tim.o(i.TIM_ITRx_SetConfig)
    i.TIM_OC1_SetConfig                      0x08003708   Section        0  stm32f1xx_hal_tim.o(i.TIM_OC1_SetConfig)
    TIM_OC1_SetConfig                        0x08003709   Thumb Code    74  stm32f1xx_hal_tim.o(i.TIM_OC1_SetConfig)
    i.TIM_OC2_SetConfig                      0x08003758   Section        0  stm32f1xx_hal_tim.o(i.TIM_OC2_SetConfig)
    i.TIM_OC3_SetConfig                      0x080037b0   Section        0  stm32f1xx_hal_tim.o(i.TIM_OC3_SetConfig)
    TIM_OC3_SetConfig                        0x080037b1   Thumb Code    82  stm32f1xx_hal_tim.o(i.TIM_OC3_SetConfig)
    i.TIM_OC4_SetConfig                      0x08003808   Section        0  stm32f1xx_hal_tim.o(i.TIM_OC4_SetConfig)
    TIM_OC4_SetConfig                        0x08003809   Thumb Code    64  stm32f1xx_hal_tim.o(i.TIM_OC4_SetConfig)
    i.TIM_TI1_ConfigInputStage               0x0800384c   Section        0  stm32f1xx_hal_tim.o(i.TIM_TI1_ConfigInputStage)
    TIM_TI1_ConfigInputStage                 0x0800384d   Thumb Code    34  stm32f1xx_hal_tim.o(i.TIM_TI1_ConfigInputStage)
    i.TIM_TI2_ConfigInputStage               0x0800386e   Section        0  stm32f1xx_hal_tim.o(i.TIM_TI2_ConfigInputStage)
    TIM_TI2_ConfigInputStage                 0x0800386f   Thumb Code    36  stm32f1xx_hal_tim.o(i.TIM_TI2_ConfigInputStage)
    i.Tips                                   0x08003894   Section        0  check.o(i.Tips)
    i.Turn_Off                               0x08003ac0   Section        0  control.o(i.Turn_Off)
    i.UART_SetConfig                         0x08003b14   Section        0  stm32f1xx_hal_uart.o(i.UART_SetConfig)
    UART_SetConfig                           0x08003b15   Thumb Code   178  stm32f1xx_hal_uart.o(i.UART_SetConfig)
    i.UsageFault_Handler                     0x08003bcc   Section        0  stm32f1xx_it.o(i.UsageFault_Handler)
    i.Xianfu_Pwm                             0x08003bd0   Section        0  control.o(i.Xianfu_Pwm)
    i.__NVIC_SetPriority                     0x08003bf0   Section        0  stm32f1xx_hal_cortex.o(i.__NVIC_SetPriority)
    __NVIC_SetPriority                       0x08003bf1   Thumb Code    32  stm32f1xx_hal_cortex.o(i.__NVIC_SetPriority)
    i.__scatterload_copy                     0x08003c10   Section       14  handlers.o(i.__scatterload_copy)
    i.__scatterload_null                     0x08003c1e   Section        2  handlers.o(i.__scatterload_null)
    i.__scatterload_zeroinit                 0x08003c20   Section       14  handlers.o(i.__scatterload_zeroinit)
    i.check_display                          0x08003c30   Section        0  show.o(i.check_display)
    i.click                                  0x08003d98   Section        0  key.o(i.click)
    i.click_N_Double                         0x08003df0   Section        0  key.o(i.click_N_Double)
    i.fail_display                           0x08003e7c   Section        0  show.o(i.fail_display)
    i.main                                   0x08003f00   Section        0  main.o(i.main)
    i.myabs                                  0x08003f5c   Section        0  control.o(i.myabs)
    i.oled_pow                               0x08003f64   Section        0  oled.o(i.oled_pow)
    i.oled_show                              0x08003f74   Section        0  show.o(i.oled_show)
    i.show_Tips                              0x08004328   Section        0  show.o(i.show_Tips)
    i.step_0                                 0x080044a6   Section        0  show.o(i.step_0)
    i.step_1                                 0x0800466c   Section        0  show.o(i.step_1)
    i.step_2                                 0x08004826   Section        0  show.o(i.step_2)
    i.step_3                                 0x08004a04   Section        0  show.o(i.step_3)
    i.success_display                        0x08004b24   Section        0  show.o(i.success_display)
    .constdata                               0x08004bd6   Section       16  system_stm32f1xx.o(.constdata)
    .constdata                               0x08004be6   Section        8  system_stm32f1xx.o(.constdata)
    .constdata                               0x08004bf0   Section    17236  oled.o(.constdata)
    .data                                    0x20000000   Section        1  main.o(.data)
    .data                                    0x20000001   Section        1  main.o(.data)
    .data                                    0x20000002   Section        1  main.o(.data)
    .data                                    0x20000004   Section        4  main.o(.data)
    .data                                    0x20000008   Section        4  main.o(.data)
    .data                                    0x2000000c   Section        4  main.o(.data)
    .data                                    0x20000010   Section        4  main.o(.data)
    .data                                    0x20000014   Section        4  main.o(.data)
    .data                                    0x20000018   Section        4  main.o(.data)
    .data                                    0x2000001c   Section        4  main.o(.data)
    .data                                    0x20000020   Section        4  main.o(.data)
    .data                                    0x20000024   Section        4  main.o(.data)
    .data                                    0x20000028   Section        4  main.o(.data)
    .data                                    0x2000002c   Section        1  main.o(.data)
    .data                                    0x2000002d   Section        1  main.o(.data)
    .data                                    0x20000030   Section        4  main.o(.data)
    .data                                    0x20000034   Section        4  main.o(.data)
    .data                                    0x20000038   Section        4  main.o(.data)
    .data                                    0x2000003c   Section        4  main.o(.data)
    .data                                    0x20000040   Section       12  stm32f1xx_hal.o(.data)
    .data                                    0x2000004c   Section        4  system_stm32f1xx.o(.data)
    .data                                    0x20000050   Section        4  led.o(.data)
    temp                                     0x20000050   Data           4  led.o(.data)
    .data                                    0x20000054   Section       16  key.o(.data)
    flag_key                                 0x20000054   Data           1  key.o(.data)
    count_key                                0x20000055   Data           1  key.o(.data)
    double_key                               0x20000056   Data           1  key.o(.data)
    flag_key                                 0x20000057   Data           1  key.o(.data)
    count_single                             0x20000058   Data           2  key.o(.data)
    Forever_count                            0x2000005a   Data           2  key.o(.data)
    Long_Press_count                         0x2000005c   Data           2  key.o(.data)
    Long_Press                               0x2000005e   Data           2  key.o(.data)
    Long_Press_count                         0x20000060   Data           2  key.o(.data)
    Long_Press                               0x20000062   Data           2  key.o(.data)
    .data                                    0x20000064   Section      132  control.o(.data)
    speed                                    0x20000069   Data           1  control.o(.data)
    help_count                               0x2000006a   Data           1  control.o(.data)
    pid_adjust                               0x2000006e   Data           2  control.o(.data)
    tmp                                      0x20000078   Data           4  control.o(.data)
    flag                                     0x2000007c   Data           4  control.o(.data)
    count                                    0x20000080   Data           4  control.o(.data)
    count                                    0x20000084   Data           4  control.o(.data)
    Bias                                     0x20000088   Data           4  control.o(.data)
    Pwm                                      0x2000008c   Data           4  control.o(.data)
    Last_bias                                0x20000090   Data           4  control.o(.data)
    Position_PWM                             0x20000094   Data           4  control.o(.data)
    Last_Position                            0x20000098   Data           4  control.o(.data)
    Position_Bias                            0x2000009c   Data           4  control.o(.data)
    Position_Differential                    0x200000a0   Data           4  control.o(.data)
    Speed_Buf                                0x200000e0   Data           8  control.o(.data)
    .data                                    0x200000e8   Section        2  show.o(.data)
    .data                                    0x200000ea   Section        2  check.o(.data)
    i                                        0x200000ea   Data           1  check.o(.data)
    count                                    0x200000eb   Data           1  check.o(.data)
    .bss                                     0x200000ec   Section       96  adc.o(.bss)
    .bss                                     0x2000014c   Section      216  tim.o(.bss)
    .bss                                     0x20000224   Section       68  usart.o(.bss)
    .bss                                     0x20000268   Section     1024  oled.o(.bss)
    .bss                                     0x20000668   Section       42  datascope_dp.o(.bss)
    STACK                                    0x20000698   Section     1024  startup_stm32f103xb.o(STACK)

    Global Symbols

    Symbol Name                              Value     Ov Type        Size  Object(Section)

    BuildAttributes$$THM_ISAv4$P$D$K$B$S$PE$A:L22UL41UL21$X:L11$S22US41US21$IEEE1$IW$USESV6$~STKCKD$USESV7$~SHL$OTIME$ROPI$EBA8$MICROLIB$REQ8$PRES8$EABIv2 0x00000000   Number         0  anon$$obj.o ABSOLUTE
    __ARM_use_no_argv                        0x00000000   Number         0  main.o ABSOLUTE
    __arm_fini_                               - Undefined Weak Reference
    __cpp_initialize__aeabi_                  - Undefined Weak Reference
    __cxa_finalize                            - Undefined Weak Reference
    __decompress                              - Undefined Weak Reference
    _clock_init                               - Undefined Weak Reference
    _microlib_exit                            - Undefined Weak Reference
    __Vectors_Size                           0x000000ec   Number         0  startup_stm32f103xb.o ABSOLUTE
    __Vectors                                0x08000000   Data           4  startup_stm32f103xb.o(RESET)
    __Vectors_End                            0x080000ec   Data           0  startup_stm32f103xb.o(RESET)
    __main                                   0x080000ed   Thumb Code     0  entry.o(.ARM.Collect$$$$00000000)
    _main_stk                                0x080000ed   Thumb Code     0  entry2.o(.ARM.Collect$$$$00000001)
    _main_scatterload                        0x080000f1   Thumb Code     0  entry5.o(.ARM.Collect$$$$00000004)
    __main_after_scatterload                 0x080000f5   Thumb Code     0  entry5.o(.ARM.Collect$$$$00000004)
    _main_clock                              0x080000f5   Thumb Code     0  entry7b.o(.ARM.Collect$$$$00000008)
    _main_cpp_init                           0x080000f5   Thumb Code     0  entry8b.o(.ARM.Collect$$$$0000000A)
    _main_init                               0x080000f5   Thumb Code     0  entry9a.o(.ARM.Collect$$$$0000000B)
    __rt_lib_shutdown_fini                   0x080000fd   Thumb Code     0  entry12b.o(.ARM.Collect$$$$0000000E)
    __rt_final_cpp                           0x08000101   Thumb Code     0  entry10a.o(.ARM.Collect$$$$0000000F)
    __rt_final_exit                          0x08000101   Thumb Code     0  entry11a.o(.ARM.Collect$$$$00000011)
    Reset_Handler                            0x08000105   Thumb Code     8  startup_stm32f103xb.o(.text)
    ADC1_2_IRQHandler                        0x0800011f   Thumb Code     0  startup_stm32f103xb.o(.text)
    CAN1_RX1_IRQHandler                      0x0800011f   Thumb Code     0  startup_stm32f103xb.o(.text)
    CAN1_SCE_IRQHandler                      0x0800011f   Thumb Code     0  startup_stm32f103xb.o(.text)
    DMA1_Channel1_IRQHandler                 0x0800011f   Thumb Code     0  startup_stm32f103xb.o(.text)
    DMA1_Channel2_IRQHandler                 0x0800011f   Thumb Code     0  startup_stm32f103xb.o(.text)
    DMA1_Channel3_IRQHandler                 0x0800011f   Thumb Code     0  startup_stm32f103xb.o(.text)
    DMA1_Channel4_IRQHandler                 0x0800011f   Thumb Code     0  startup_stm32f103xb.o(.text)
    DMA1_Channel5_IRQHandler                 0x0800011f   Thumb Code     0  startup_stm32f103xb.o(.text)
    DMA1_Channel6_IRQHandler                 0x0800011f   Thumb Code     0  startup_stm32f103xb.o(.text)
    DMA1_Channel7_IRQHandler                 0x0800011f   Thumb Code     0  startup_stm32f103xb.o(.text)
    EXTI0_IRQHandler                         0x0800011f   Thumb Code     0  startup_stm32f103xb.o(.text)
    EXTI1_IRQHandler                         0x0800011f   Thumb Code     0  startup_stm32f103xb.o(.text)
    EXTI2_IRQHandler                         0x0800011f   Thumb Code     0  startup_stm32f103xb.o(.text)
    EXTI3_IRQHandler                         0x0800011f   Thumb Code     0  startup_stm32f103xb.o(.text)
    EXTI4_IRQHandler                         0x0800011f   Thumb Code     0  startup_stm32f103xb.o(.text)
    FLASH_IRQHandler                         0x0800011f   Thumb Code     0  startup_stm32f103xb.o(.text)
    I2C1_ER_IRQHandler                       0x0800011f   Thumb Code     0  startup_stm32f103xb.o(.text)
    I2C1_EV_IRQHandler                       0x0800011f   Thumb Code     0  startup_stm32f103xb.o(.text)
    I2C2_ER_IRQHandler                       0x0800011f   Thumb Code     0  startup_stm32f103xb.o(.text)
    I2C2_EV_IRQHandler                       0x0800011f   Thumb Code     0  startup_stm32f103xb.o(.text)
    PVD_IRQHandler                           0x0800011f   Thumb Code     0  startup_stm32f103xb.o(.text)
    RCC_IRQHandler                           0x0800011f   Thumb Code     0  startup_stm32f103xb.o(.text)
    RTC_Alarm_IRQHandler                     0x0800011f   Thumb Code     0  startup_stm32f103xb.o(.text)
    RTC_IRQHandler                           0x0800011f   Thumb Code     0  startup_stm32f103xb.o(.text)
    SPI1_IRQHandler                          0x0800011f   Thumb Code     0  startup_stm32f103xb.o(.text)
    SPI2_IRQHandler                          0x0800011f   Thumb Code     0  startup_stm32f103xb.o(.text)
    TAMPER_IRQHandler                        0x0800011f   Thumb Code     0  startup_stm32f103xb.o(.text)
    TIM1_BRK_IRQHandler                      0x0800011f   Thumb Code     0  startup_stm32f103xb.o(.text)
    TIM1_CC_IRQHandler                       0x0800011f   Thumb Code     0  startup_stm32f103xb.o(.text)
    TIM1_TRG_COM_IRQHandler                  0x0800011f   Thumb Code     0  startup_stm32f103xb.o(.text)
    TIM2_IRQHandler                          0x0800011f   Thumb Code     0  startup_stm32f103xb.o(.text)
    TIM3_IRQHandler                          0x0800011f   Thumb Code     0  startup_stm32f103xb.o(.text)
    TIM4_IRQHandler                          0x0800011f   Thumb Code     0  startup_stm32f103xb.o(.text)
    USART1_IRQHandler                        0x0800011f   Thumb Code     0  startup_stm32f103xb.o(.text)
    USART2_IRQHandler                        0x0800011f   Thumb Code     0  startup_stm32f103xb.o(.text)
    USART3_IRQHandler                        0x0800011f   Thumb Code     0  startup_stm32f103xb.o(.text)
    USBWakeUp_IRQHandler                     0x0800011f   Thumb Code     0  startup_stm32f103xb.o(.text)
    USB_HP_CAN1_TX_IRQHandler                0x0800011f   Thumb Code     0  startup_stm32f103xb.o(.text)
    USB_LP_CAN1_RX0_IRQHandler               0x0800011f   Thumb Code     0  startup_stm32f103xb.o(.text)
    WWDG_IRQHandler                          0x0800011f   Thumb Code     0  startup_stm32f103xb.o(.text)
    __aeabi_llsr                             0x08000129   Thumb Code    32  llushr.o(.text)
    _ll_ushift_r                             0x08000129   Thumb Code     0  llushr.o(.text)
    __aeabi_memset                           0x08000149   Thumb Code    14  memseta.o(.text)
    __aeabi_memset4                          0x08000149   Thumb Code     0  memseta.o(.text)
    __aeabi_memset8                          0x08000149   Thumb Code     0  memseta.o(.text)
    __aeabi_memclr                           0x08000157   Thumb Code     4  memseta.o(.text)
    __aeabi_memclr4                          0x08000157   Thumb Code     0  memseta.o(.text)
    __aeabi_memclr8                          0x08000157   Thumb Code     0  memseta.o(.text)
    _memset$wrapper                          0x0800015b   Thumb Code    18  memseta.o(.text)
    __aeabi_fadd                             0x0800016d   Thumb Code   164  fadd.o(.text)
    __aeabi_fsub                             0x08000211   Thumb Code     6  fadd.o(.text)
    __aeabi_frsub                            0x08000217   Thumb Code     6  fadd.o(.text)
    __aeabi_fmul                             0x0800021d   Thumb Code   100  fmul.o(.text)
    __aeabi_fdiv                             0x08000281   Thumb Code   124  fdiv.o(.text)
    __aeabi_dadd                             0x080002fd   Thumb Code   322  dadd.o(.text)
    __aeabi_dsub                             0x0800043f   Thumb Code     6  dadd.o(.text)
    __aeabi_drsub                            0x08000445   Thumb Code     6  dadd.o(.text)
    __aeabi_dmul                             0x0800044b   Thumb Code   228  dmul.o(.text)
    __ARM_scalbn                             0x0800052f   Thumb Code    46  dscalb.o(.text)
    scalbn                                   0x0800052f   Thumb Code     0  dscalb.o(.text)
    __aeabi_i2f                              0x0800055d   Thumb Code    18  fflti.o(.text)
    __aeabi_ui2f                             0x0800056f   Thumb Code    10  ffltui.o(.text)
    __aeabi_ui2d                             0x08000579   Thumb Code    26  dfltui.o(.text)
    __aeabi_f2iz                             0x08000593   Thumb Code    50  ffixi.o(.text)
    __aeabi_f2uiz                            0x080005c5   Thumb Code    40  ffixui.o(.text)
    __aeabi_d2iz                             0x080005ed   Thumb Code    62  dfixi.o(.text)
    __aeabi_f2d                              0x0800062b   Thumb Code    38  f2d.o(.text)
    __aeabi_d2f                              0x08000651   Thumb Code    56  d2f.o(.text)
    __aeabi_llsl                             0x08000689   Thumb Code    30  llshl.o(.text)
    _ll_shift_l                              0x08000689   Thumb Code     0  llshl.o(.text)
    __aeabi_lasr                             0x080006a7   Thumb Code    36  llsshr.o(.text)
    _ll_sshift_r                             0x080006a7   Thumb Code     0  llsshr.o(.text)
    __I$use$fp                               0x080006cb   Thumb Code     0  iusefp.o(.text)
    _float_round                             0x080006cb   Thumb Code    18  fepilogue.o(.text)
    _float_epilogue                          0x080006dd   Thumb Code    92  fepilogue.o(.text)
    _double_round                            0x08000739   Thumb Code    30  depilogue.o(.text)
    _double_epilogue                         0x08000757   Thumb Code   156  depilogue.o(.text)
    __scatterload                            0x080007f5   Thumb Code    28  init.o(.text)
    __scatterload_rt2                        0x080007f5   Thumb Code     0  init.o(.text)
    ADC_ConversionStop_Disable               0x08000819   Thumb Code    86  stm32f1xx_hal_adc.o(i.ADC_ConversionStop_Disable)
    ADC_Enable                               0x08000871   Thumb Code   114  stm32f1xx_hal_adc.o(i.ADC_Enable)
    Auto_run                                 0x080008ed   Thumb Code   592  control.o(i.Auto_run)
    Balance                                  0x08000ba9   Thumb Code    62  control.o(i.Balance)
    BusFault_Handler                         0x08000bf9   Thumb Code     2  stm32f1xx_it.o(i.BusFault_Handler)
    DataScope                                0x08000bfd   Thumb Code    78  show.o(i.DataScope)
    DataScope_Data_Generate                  0x08000c61   Thumb Code   124  datascope_dp.o(i.DataScope_Data_Generate)
    DataScope_Get_Channel_Data               0x08000ce1   Thumb Code    78  datascope_dp.o(i.DataScope_Get_Channel_Data)
    DebugMon_Handler                         0x08000d35   Thumb Code     2  stm32f1xx_it.o(i.DebugMon_Handler)
    EXTI15_10_IRQHandler                     0x08000d37   Thumb Code    22  stm32f1xx_it.o(i.EXTI15_10_IRQHandler)
    EXTI9_5_IRQHandler                       0x08000d4d   Thumb Code    18  stm32f1xx_it.o(i.EXTI9_5_IRQHandler)
    Error_Handler                            0x08000d5f   Thumb Code     4  main.o(i.Error_Handler)
    Find_Zero                                0x08000d65   Thumb Code   206  control.o(i.Find_Zero)
    Float2Byte                               0x08000e61   Thumb Code    20  datascope_dp.o(i.Float2Byte)
    Get_Adc                                  0x08000e75   Thumb Code    58  adc.o(i.Get_Adc)
    Get_Adc2                                 0x08000eb5   Thumb Code    58  adc.o(i.Get_Adc2)
    Get_Adc_Average                          0x08000ef5   Thumb Code    40  adc.o(i.Get_Adc_Average)
    Get_D_Angle_Balance                      0x08000f1d   Thumb Code    48  control.o(i.Get_D_Angle_Balance)
    Get_battery_volt                         0x08000f55   Thumb Code    54  adc.o(i.Get_battery_volt)
    HAL_ADCEx_Calibration_Start              0x08000f99   Thumb Code   210  stm32f1xx_hal_adc_ex.o(i.HAL_ADCEx_Calibration_Start)
    HAL_ADC_ConfigChannel                    0x08001071   Thumb Code   240  stm32f1xx_hal_adc.o(i.HAL_ADC_ConfigChannel)
    HAL_ADC_GetValue                         0x0800116d   Thumb Code     6  stm32f1xx_hal_adc.o(i.HAL_ADC_GetValue)
    HAL_ADC_Init                             0x08001175   Thumb Code   272  stm32f1xx_hal_adc.o(i.HAL_ADC_Init)
    HAL_ADC_MspInit                          0x08001291   Thumb Code   138  adc.o(i.HAL_ADC_MspInit)
    HAL_ADC_PollForConversion                0x08001331   Thumb Code   304  stm32f1xx_hal_adc.o(i.HAL_ADC_PollForConversion)
    HAL_ADC_Start                            0x0800146d   Thumb Code   184  stm32f1xx_hal_adc.o(i.HAL_ADC_Start)
    HAL_Delay                                0x0800152d   Thumb Code    32  stm32f1xx_hal.o(i.HAL_Delay)
    HAL_GPIO_EXTI_Callback                   0x08001551   Thumb Code   312  gpio.o(i.HAL_GPIO_EXTI_Callback)
    HAL_GPIO_EXTI_IRQHandler                 0x080016bd   Thumb Code    18  stm32f1xx_hal_gpio.o(i.HAL_GPIO_EXTI_IRQHandler)
    HAL_GPIO_Init                            0x080016d5   Thumb Code   446  stm32f1xx_hal_gpio.o(i.HAL_GPIO_Init)
    HAL_GPIO_WritePin                        0x080018b5   Thumb Code    10  stm32f1xx_hal_gpio.o(i.HAL_GPIO_WritePin)
    HAL_GetTick                              0x080018c1   Thumb Code     6  stm32f1xx_hal.o(i.HAL_GetTick)
    HAL_IncTick                              0x080018cd   Thumb Code    12  stm32f1xx_hal.o(i.HAL_IncTick)
    HAL_Init                                 0x080018dd   Thumb Code    32  stm32f1xx_hal.o(i.HAL_Init)
    HAL_InitTick                             0x08001901   Thumb Code    54  stm32f1xx_hal.o(i.HAL_InitTick)
    HAL_MspInit                              0x08001941   Thumb Code    58  stm32f1xx_hal_msp.o(i.HAL_MspInit)
    HAL_NVIC_EnableIRQ                       0x08001985   Thumb Code    26  stm32f1xx_hal_cortex.o(i.HAL_NVIC_EnableIRQ)
    HAL_NVIC_SetPriority                     0x080019a1   Thumb Code    60  stm32f1xx_hal_cortex.o(i.HAL_NVIC_SetPriority)
    HAL_NVIC_SetPriorityGrouping             0x080019e1   Thumb Code    26  stm32f1xx_hal_cortex.o(i.HAL_NVIC_SetPriorityGrouping)
    HAL_RCCEx_GetPeriphCLKFreq               0x08001a05   Thumb Code   166  stm32f1xx_hal_rcc_ex.o(i.HAL_RCCEx_GetPeriphCLKFreq)
    HAL_RCCEx_PeriphCLKConfig                0x08001acd   Thumb Code   224  stm32f1xx_hal_rcc_ex.o(i.HAL_RCCEx_PeriphCLKConfig)
    HAL_RCC_ClockConfig                      0x08001bb9   Thumb Code   280  stm32f1xx_hal_rcc.o(i.HAL_RCC_ClockConfig)
    HAL_RCC_GetPCLK1Freq                     0x08001ce5   Thumb Code    20  stm32f1xx_hal_rcc.o(i.HAL_RCC_GetPCLK1Freq)
    HAL_RCC_GetPCLK2Freq                     0x08001d05   Thumb Code    20  stm32f1xx_hal_rcc.o(i.HAL_RCC_GetPCLK2Freq)
    HAL_RCC_GetSysClockFreq                  0x08001d25   Thumb Code    74  stm32f1xx_hal_rcc.o(i.HAL_RCC_GetSysClockFreq)
    HAL_RCC_OscConfig                        0x08001d91   Thumb Code   778  stm32f1xx_hal_rcc.o(i.HAL_RCC_OscConfig)
    HAL_SYSTICK_Config                       0x080020b1   Thumb Code    40  stm32f1xx_hal_cortex.o(i.HAL_SYSTICK_Config)
    HAL_TIMEx_BreakCallback                  0x080020d9   Thumb Code     2  stm32f1xx_hal_tim_ex.o(i.HAL_TIMEx_BreakCallback)
    HAL_TIMEx_CommutCallback                 0x080020db   Thumb Code     2  stm32f1xx_hal_tim_ex.o(i.HAL_TIMEx_CommutCallback)
    HAL_TIMEx_MasterConfigSynchronization    0x080020dd   Thumb Code    92  stm32f1xx_hal_tim_ex.o(i.HAL_TIMEx_MasterConfigSynchronization)
    HAL_TIM_Base_Init                        0x08002145   Thumb Code    90  stm32f1xx_hal_tim.o(i.HAL_TIM_Base_Init)
    HAL_TIM_Base_MspInit                     0x080021a1   Thumb Code    72  tim.o(i.HAL_TIM_Base_MspInit)
    HAL_TIM_Base_Start_IT                    0x080021f5   Thumb Code    76  stm32f1xx_hal_tim.o(i.HAL_TIM_Base_Start_IT)
    HAL_TIM_ConfigClockSource                0x0800224d   Thumb Code   214  stm32f1xx_hal_tim.o(i.HAL_TIM_ConfigClockSource)
    HAL_TIM_Encoder_Init                     0x08002323   Thumb Code   164  stm32f1xx_hal_tim.o(i.HAL_TIM_Encoder_Init)
    HAL_TIM_Encoder_MspInit                  0x080023c9   Thumb Code    72  tim.o(i.HAL_TIM_Encoder_MspInit)
    HAL_TIM_Encoder_Start                    0x0800241d   Thumb Code   142  stm32f1xx_hal_tim.o(i.HAL_TIM_Encoder_Start)
    HAL_TIM_IC_CaptureCallback               0x080024ab   Thumb Code     2  stm32f1xx_hal_tim.o(i.HAL_TIM_IC_CaptureCallback)
    HAL_TIM_IRQHandler                       0x080024ad   Thumb Code   358  stm32f1xx_hal_tim.o(i.HAL_TIM_IRQHandler)
    HAL_TIM_MspPostInit                      0x08002615   Thumb Code    62  tim.o(i.HAL_TIM_MspPostInit)
    HAL_TIM_OC_DelayElapsedCallback          0x08002661   Thumb Code     2  stm32f1xx_hal_tim.o(i.HAL_TIM_OC_DelayElapsedCallback)
    HAL_TIM_PWM_ConfigChannel                0x08002663   Thumb Code   198  stm32f1xx_hal_tim.o(i.HAL_TIM_PWM_ConfigChannel)
    HAL_TIM_PWM_Init                         0x08002729   Thumb Code    90  stm32f1xx_hal_tim.o(i.HAL_TIM_PWM_Init)
    HAL_TIM_PWM_MspInit                      0x08002783   Thumb Code     2  stm32f1xx_hal_tim.o(i.HAL_TIM_PWM_MspInit)
    HAL_TIM_PWM_PulseFinishedCallback        0x08002785   Thumb Code     2  stm32f1xx_hal_tim.o(i.HAL_TIM_PWM_PulseFinishedCallback)
    HAL_TIM_PWM_Start                        0x08002789   Thumb Code   144  stm32f1xx_hal_tim.o(i.HAL_TIM_PWM_Start)
    HAL_TIM_PeriodElapsedCallback            0x08002825   Thumb Code   334  control.o(i.HAL_TIM_PeriodElapsedCallback)
    HAL_TIM_TriggerCallback                  0x080029a5   Thumb Code     2  stm32f1xx_hal_tim.o(i.HAL_TIM_TriggerCallback)
    HAL_UART_Init                            0x080029a7   Thumb Code    98  stm32f1xx_hal_uart.o(i.HAL_UART_Init)
    HAL_UART_MspInit                         0x08002a09   Thumb Code   100  usart.o(i.HAL_UART_MspInit)
    HardFault_Handler                        0x08002a79   Thumb Code     2  stm32f1xx_it.o(i.HardFault_Handler)
    Incremental_PI                           0x08002a7d   Thumb Code    76  control.o(i.Incremental_PI)
    JTAG_Set                                 0x08002ad5   Thumb Code    30  main.o(i.JTAG_Set)
    Key                                      0x08002afd   Thumb Code   136  control.o(i.Key)
    Led_Flash                                0x08002b95   Thumb Code    40  led.o(i.Led_Flash)
    Long_Press                               0x08002bc5   Thumb Code    52  key.o(i.Long_Press)
    Long_Press_KEY2                          0x08002c01   Thumb Code    52  key.o(i.Long_Press_KEY2)
    MX_ADC_Init                              0x08002c3d   Thumb Code   124  adc.o(i.MX_ADC_Init)
    MX_GPIO_Init                             0x08002cc5   Thumb Code   256  gpio.o(i.MX_GPIO_Init)
    MX_TIM1_Init                             0x08002dd5   Thumb Code   106  tim.o(i.MX_TIM1_Init)
    MX_TIM3_Init                             0x08002e49   Thumb Code   150  tim.o(i.MX_TIM3_Init)
    MX_TIM4_Init                             0x08002ee9   Thumb Code   116  tim.o(i.MX_TIM4_Init)
    MX_USART1_UART_Init                      0x08002f65   Thumb Code    48  usart.o(i.MX_USART1_UART_Init)
    Mean_Filter                              0x08002f9d   Thumb Code    58  control.o(i.Mean_Filter)
    MemManage_Handler                        0x08002fdd   Thumb Code     2  stm32f1xx_it.o(i.MemManage_Handler)
    NMI_Handler                              0x08002fdf   Thumb Code     2  stm32f1xx_it.o(i.NMI_Handler)
    OLED_Clear                               0x08002fe1   Thumb Code    40  oled.o(i.OLED_Clear)
    OLED_DrawPoint                           0x0800300d   Thumb Code    54  oled.o(i.OLED_DrawPoint)
    OLED_Init                                0x08003049   Thumb Code   232  oled.o(i.OLED_Init)
    OLED_Refresh_Gram                        0x08003135   Thumb Code    70  oled.o(i.OLED_Refresh_Gram)
    OLED_ShowChar                            0x08003181   Thumb Code   134  oled.o(i.OLED_ShowChar)
    OLED_ShowChinese                         0x08003211   Thumb Code   102  oled.o(i.OLED_ShowChinese)
    OLED_ShowChinese_12                      0x0800327d   Thumb Code   106  oled.o(i.OLED_ShowChinese_12)
    OLED_ShowNumber                          0x080032ed   Thumb Code   120  oled.o(i.OLED_ShowNumber)
    OLED_ShowString                          0x08003365   Thumb Code    62  oled.o(i.OLED_ShowString)
    OLED_WR_Byte                             0x080033a5   Thumb Code    64  oled.o(i.OLED_WR_Byte)
    PendSV_Handler                           0x080033ed   Thumb Code     2  stm32f1xx_it.o(i.PendSV_Handler)
    Position                                 0x080033f1   Thumb Code   132  control.o(i.Position)
    Position_PID                             0x08003491   Thumb Code   128  control.o(i.Position_PID)
    Pre_Position                             0x08003529   Thumb Code    54  control.o(i.Pre_Position)
    Read_Encoder                             0x08003571   Thumb Code    36  tim.o(i.Read_Encoder)
    SVC_Handler                              0x0800359d   Thumb Code     2  stm32f1xx_it.o(i.SVC_Handler)
    Set_Pwm                                  0x080035a1   Thumb Code    40  control.o(i.Set_Pwm)
    SysTick_Handler                          0x080035d1   Thumb Code     4  stm32f1xx_it.o(i.SysTick_Handler)
    SystemClock_Config                       0x080035d5   Thumb Code   120  main.o(i.SystemClock_Config)
    SystemInit                               0x0800364d   Thumb Code     2  system_stm32f1xx.o(i.SystemInit)
    TIM1_UP_IRQHandler                       0x08003651   Thumb Code     6  stm32f1xx_it.o(i.TIM1_UP_IRQHandler)
    TIM_Base_SetConfig                       0x0800365d   Thumb Code    94  stm32f1xx_hal_tim.o(i.TIM_Base_SetConfig)
    TIM_CCxChannelCmd                        0x080036c9   Thumb Code    26  stm32f1xx_hal_tim.o(i.TIM_CCxChannelCmd)
    TIM_ETR_SetConfig                        0x080036e3   Thumb Code    20  stm32f1xx_hal_tim.o(i.TIM_ETR_SetConfig)
    TIM_OC2_SetConfig                        0x08003759   Thumb Code    84  stm32f1xx_hal_tim.o(i.TIM_OC2_SetConfig)
    Tips                                     0x08003895   Thumb Code   524  check.o(i.Tips)
    Turn_Off                                 0x08003ac1   Thumb Code    62  control.o(i.Turn_Off)
    UsageFault_Handler                       0x08003bcd   Thumb Code     2  stm32f1xx_it.o(i.UsageFault_Handler)
    Xianfu_Pwm                               0x08003bd1   Thumb Code    26  control.o(i.Xianfu_Pwm)
    __scatterload_copy                       0x08003c11   Thumb Code    14  handlers.o(i.__scatterload_copy)
    __scatterload_null                       0x08003c1f   Thumb Code     2  handlers.o(i.__scatterload_null)
    __scatterload_zeroinit                   0x08003c21   Thumb Code    14  handlers.o(i.__scatterload_zeroinit)
    check_display                            0x08003c31   Thumb Code   354  show.o(i.check_display)
    click                                    0x08003d99   Thumb Code    78  key.o(i.click)
    click_N_Double                           0x08003df1   Thumb Code   132  key.o(i.click_N_Double)
    fail_display                             0x08003e7d   Thumb Code   130  show.o(i.fail_display)
    main                                     0x08003f01   Thumb Code    86  main.o(i.main)
    myabs                                    0x08003f5d   Thumb Code     8  control.o(i.myabs)
    oled_pow                                 0x08003f65   Thumb Code    16  oled.o(i.oled_pow)
    oled_show                                0x08003f75   Thumb Code   820  show.o(i.oled_show)
    show_Tips                                0x08004329   Thumb Code   382  show.o(i.show_Tips)
    step_0                                   0x080044a7   Thumb Code   454  show.o(i.step_0)
    step_1                                   0x0800466d   Thumb Code   442  show.o(i.step_1)
    step_2                                   0x08004827   Thumb Code   478  show.o(i.step_2)
    step_3                                   0x08004a05   Thumb Code   282  show.o(i.step_3)
    success_display                          0x08004b25   Thumb Code   178  show.o(i.success_display)
    AHBPrescTable                            0x08004bd6   Data          16  system_stm32f1xx.o(.constdata)
    APBPrescTable                            0x08004be6   Data           8  system_stm32f1xx.o(.constdata)
    oled_asc2_1206                           0x08004bf0   Data        1140  oled.o(.constdata)
    oled_asc2_1608                           0x08005064   Data        1520  oled.o(.constdata)
    asc2_Chinese                             0x08005654   Data        2816  oled.o(.constdata)
    asc2_Chinese_12                          0x08006154   Data       11760  oled.o(.constdata)
    Region$$Table$$Base                      0x08008f44   Number         0  anon$$obj.o(Region$$Table)
    Region$$Table$$Limit                     0x08008f64   Number         0  anon$$obj.o(Region$$Table)
    Flag_Stop                                0x20000000   Data           1  main.o(.data)
    system_start                             0x20000001   Data           1  main.o(.data)
    tips_flag                                0x20000002   Data           1  main.o(.data)
    Position_Zero                            0x20000004   Data           4  main.o(.data)
    Balance_KP                               0x20000008   Data           4  main.o(.data)
    Balance_KD                               0x2000000c   Data           4  main.o(.data)
    Position_KP                              0x20000010   Data           4  main.o(.data)
    Position_KD                              0x20000014   Data           4  main.o(.data)
    Menu                                     0x20000018   Data           4  main.o(.data)
    Amplitude1                               0x2000001c   Data           4  main.o(.data)
    Amplitude2                               0x20000020   Data           4  main.o(.data)
    Amplitude3                               0x20000024   Data           4  main.o(.data)
    Amplitude4                               0x20000028   Data           4  main.o(.data)
    delay_50                                 0x2000002c   Data           1  main.o(.data)
    delay_flag                               0x2000002d   Data           1  main.o(.data)
    Encoder                                  0x20000030   Data           4  main.o(.data)
    Moto                                     0x20000034   Data           4  main.o(.data)
    Voltage                                  0x20000038   Data           4  main.o(.data)
    Angle_Balance                            0x2000003c   Data           4  main.o(.data)
    uwTickFreq                               0x20000040   Data           1  stm32f1xx_hal.o(.data)
    uwTickPrio                               0x20000044   Data           4  stm32f1xx_hal.o(.data)
    uwTick                                   0x20000048   Data           4  stm32f1xx_hal.o(.data)
    SystemCoreClock                          0x2000004c   Data           4  system_stm32f1xx.o(.data)
    Swing_up                                 0x20000064   Data           1  control.o(.data)
    auto_run                                 0x20000065   Data           1  control.o(.data)
    autorun_step0                            0x20000066   Data           1  control.o(.data)
    autorun_step1                            0x20000067   Data           1  control.o(.data)
    success_flag                             0x20000068   Data           1  control.o(.data)
    Position_Target                          0x2000006b   Data           1  control.o(.data)
    left                                     0x2000006c   Data           1  control.o(.data)
    right                                    0x2000006d   Data           1  control.o(.data)
    success_count                            0x20000070   Data           4  control.o(.data)
    wait_count                               0x20000074   Data           4  control.o(.data)
    Balance_Pwm                              0x200000a4   Data           4  control.o(.data)
    Position_Pwm                             0x200000a8   Data           4  control.o(.data)
    Bias                                     0x200000ac   Data           4  control.o(.data)
    Last_Bias                                0x200000b0   Data           4  control.o(.data)
    D_Bias                                   0x200000b4   Data           4  control.o(.data)
    balance                                  0x200000b8   Data           4  control.o(.data)
    Position_PWM                             0x200000bc   Data           4  control.o(.data)
    Last_Position                            0x200000c0   Data           4  control.o(.data)
    Position_Bias                            0x200000c4   Data           4  control.o(.data)
    Position_Differential                    0x200000c8   Data           4  control.o(.data)
    Position_Least                           0x200000cc   Data           4  control.o(.data)
    Target_Position                          0x200000d0   Data           4  control.o(.data)
    D_Angle_Balance                          0x200000d4   Data           4  control.o(.data)
    D_Count                                  0x200000d8   Data           4  control.o(.data)
    Last_Angle_Balance                       0x200000dc   Data           4  control.o(.data)
    i                                        0x200000e8   Data           1  show.o(.data)
    Send_Count                               0x200000e9   Data           1  show.o(.data)
    hadc1                                    0x200000ec   Data          48  adc.o(.bss)
    hadc2                                    0x2000011c   Data          48  adc.o(.bss)
    htim1                                    0x2000014c   Data          72  tim.o(.bss)
    htim3                                    0x20000194   Data          72  tim.o(.bss)
    htim4                                    0x200001dc   Data          72  tim.o(.bss)
    huart1                                   0x20000224   Data          68  usart.o(.bss)
    OLED_GRAM                                0x20000268   Data        1024  oled.o(.bss)
    DataScope_OutPut_Buffer                  0x20000668   Data          42  datascope_dp.o(.bss)
    __initial_sp                             0x20000a98   Data           0  startup_stm32f103xb.o(STACK)



==============================================================================

Memory Map of the image

  Image Entry point : 0x080000ed

  Load Region LR_IROM1 (Base: 0x08000000, Size: 0x00009050, Max: 0x00010000, ABSOLUTE)

    Execution Region ER_IROM1 (Exec base: 0x08000000, Load base: 0x08000000, Size: 0x00008f64, Max: 0x00010000, ABSOLUTE)

    Exec Addr    Load Addr    Size         Type   Attr      Idx    E Section Name        Object

    0x08000000   0x08000000   0x000000ec   Data   RO            3    RESET               startup_stm32f103xb.o
    0x080000ec   0x080000ec   0x00000000   Code   RO         3625  * .ARM.Collect$$$$00000000  mc_w.l(entry.o)
    0x080000ec   0x080000ec   0x00000004   Code   RO         3660    .ARM.Collect$$$$00000001  mc_w.l(entry2.o)
    0x080000f0   0x080000f0   0x00000004   Code   RO         3663    .ARM.Collect$$$$00000004  mc_w.l(entry5.o)
    0x080000f4   0x080000f4   0x00000000   Code   RO         3665    .ARM.Collect$$$$00000008  mc_w.l(entry7b.o)
    0x080000f4   0x080000f4   0x00000000   Code   RO         3667    .ARM.Collect$$$$0000000A  mc_w.l(entry8b.o)
    0x080000f4   0x080000f4   0x00000008   Code   RO         3668    .ARM.Collect$$$$0000000B  mc_w.l(entry9a.o)
    0x080000fc   0x080000fc   0x00000004   Code   RO         3675    .ARM.Collect$$$$0000000E  mc_w.l(entry12b.o)
    0x08000100   0x08000100   0x00000000   Code   RO         3670    .ARM.Collect$$$$0000000F  mc_w.l(entry10a.o)
    0x08000100   0x08000100   0x00000000   Code   RO         3672    .ARM.Collect$$$$00000011  mc_w.l(entry11a.o)
    0x08000100   0x08000100   0x00000004   Code   RO         3661    .ARM.Collect$$$$00002712  mc_w.l(entry2.o)
    0x08000104   0x08000104   0x00000024   Code   RO            4    .text               startup_stm32f103xb.o
    0x08000128   0x08000128   0x00000020   Code   RO         3628    .text               mc_w.l(llushr.o)
    0x08000148   0x08000148   0x00000024   Code   RO         3630    .text               mc_w.l(memseta.o)
    0x0800016c   0x0800016c   0x000000b0   Code   RO         3632    .text               mf_w.l(fadd.o)
    0x0800021c   0x0800021c   0x00000064   Code   RO         3634    .text               mf_w.l(fmul.o)
    0x08000280   0x08000280   0x0000007c   Code   RO         3636    .text               mf_w.l(fdiv.o)
    0x080002fc   0x080002fc   0x0000014e   Code   RO         3638    .text               mf_w.l(dadd.o)
    0x0800044a   0x0800044a   0x000000e4   Code   RO         3640    .text               mf_w.l(dmul.o)
    0x0800052e   0x0800052e   0x0000002e   Code   RO         3642    .text               mf_w.l(dscalb.o)
    0x0800055c   0x0800055c   0x00000012   Code   RO         3644    .text               mf_w.l(fflti.o)
    0x0800056e   0x0800056e   0x0000000a   Code   RO         3646    .text               mf_w.l(ffltui.o)
    0x08000578   0x08000578   0x0000001a   Code   RO         3648    .text               mf_w.l(dfltui.o)
    0x08000592   0x08000592   0x00000032   Code   RO         3650    .text               mf_w.l(ffixi.o)
    0x080005c4   0x080005c4   0x00000028   Code   RO         3652    .text               mf_w.l(ffixui.o)
    0x080005ec   0x080005ec   0x0000003e   Code   RO         3654    .text               mf_w.l(dfixi.o)
    0x0800062a   0x0800062a   0x00000026   Code   RO         3656    .text               mf_w.l(f2d.o)
    0x08000650   0x08000650   0x00000038   Code   RO         3658    .text               mf_w.l(d2f.o)
    0x08000688   0x08000688   0x0000001e   Code   RO         3676    .text               mc_w.l(llshl.o)
    0x080006a6   0x080006a6   0x00000024   Code   RO         3678    .text               mc_w.l(llsshr.o)
    0x080006ca   0x080006ca   0x00000000   Code   RO         3680    .text               mc_w.l(iusefp.o)
    0x080006ca   0x080006ca   0x0000006e   Code   RO         3681    .text               mf_w.l(fepilogue.o)
    0x08000738   0x08000738   0x000000ba   Code   RO         3683    .text               mf_w.l(depilogue.o)
    0x080007f2   0x080007f2   0x00000002   PAD
    0x080007f4   0x080007f4   0x00000024   Code   RO         3685    .text               mc_w.l(init.o)
    0x08000818   0x08000818   0x00000056   Code   RO          582    i.ADC_ConversionStop_Disable  stm32f1xx_hal_adc.o
    0x0800086e   0x0800086e   0x00000002   PAD
    0x08000870   0x08000870   0x0000007c   Code   RO          586    i.ADC_Enable        stm32f1xx_hal_adc.o
    0x080008ec   0x080008ec   0x000002bc   Code   RO         3374    i.Auto_run          control.o
    0x08000ba8   0x08000ba8   0x00000050   Code   RO         3375    i.Balance           control.o
    0x08000bf8   0x08000bf8   0x00000002   Code   RO          429    i.BusFault_Handler  stm32f1xx_it.o
    0x08000bfa   0x08000bfa   0x00000002   PAD
    0x08000bfc   0x08000bfc   0x00000064   Code   RO         3489    i.DataScope         show.o
    0x08000c60   0x08000c60   0x00000080   Code   RO         3570    i.DataScope_Data_Generate  datascope_dp.o
    0x08000ce0   0x08000ce0   0x00000054   Code   RO         3571    i.DataScope_Get_Channel_Data  datascope_dp.o
    0x08000d34   0x08000d34   0x00000002   Code   RO          430    i.DebugMon_Handler  stm32f1xx_it.o
    0x08000d36   0x08000d36   0x00000016   Code   RO          431    i.EXTI15_10_IRQHandler  stm32f1xx_it.o
    0x08000d4c   0x08000d4c   0x00000012   Code   RO          432    i.EXTI9_5_IRQHandler  stm32f1xx_it.o
    0x08000d5e   0x08000d5e   0x00000004   Code   RO           13    i.Error_Handler     main.o
    0x08000d62   0x08000d62   0x00000002   PAD
    0x08000d64   0x08000d64   0x000000fc   Code   RO         3376    i.Find_Zero         control.o
    0x08000e60   0x08000e60   0x00000014   Code   RO         3572    i.Float2Byte        datascope_dp.o
    0x08000e74   0x08000e74   0x00000040   Code   RO          243    i.Get_Adc           adc.o
    0x08000eb4   0x08000eb4   0x00000040   Code   RO          244    i.Get_Adc2          adc.o
    0x08000ef4   0x08000ef4   0x00000028   Code   RO          245    i.Get_Adc_Average   adc.o
    0x08000f1c   0x08000f1c   0x00000038   Code   RO         3377    i.Get_D_Angle_Balance  control.o
    0x08000f54   0x08000f54   0x00000044   Code   RO          246    i.Get_battery_volt  adc.o
    0x08000f98   0x08000f98   0x000000d8   Code   RO          762    i.HAL_ADCEx_Calibration_Start  stm32f1xx_hal_adc_ex.o
    0x08001070   0x08001070   0x000000fc   Code   RO          588    i.HAL_ADC_ConfigChannel  stm32f1xx_hal_adc.o
    0x0800116c   0x0800116c   0x00000006   Code   RO          595    i.HAL_ADC_GetValue  stm32f1xx_hal_adc.o
    0x08001172   0x08001172   0x00000002   PAD
    0x08001174   0x08001174   0x0000011c   Code   RO          597    i.HAL_ADC_Init      stm32f1xx_hal_adc.o
    0x08001290   0x08001290   0x000000a0   Code   RO          248    i.HAL_ADC_MspInit   adc.o
    0x08001330   0x08001330   0x0000013c   Code   RO          601    i.HAL_ADC_PollForConversion  stm32f1xx_hal_adc.o
    0x0800146c   0x0800146c   0x000000c0   Code   RO          603    i.HAL_ADC_Start     stm32f1xx_hal_adc.o
    0x0800152c   0x0800152c   0x00000024   Code   RO          865    i.HAL_Delay         stm32f1xx_hal.o
    0x08001550   0x08001550   0x0000016c   Code   RO          201    i.HAL_GPIO_EXTI_Callback  gpio.o
    0x080016bc   0x080016bc   0x00000018   Code   RO         1172    i.HAL_GPIO_EXTI_IRQHandler  stm32f1xx_hal_gpio.o
    0x080016d4   0x080016d4   0x000001e0   Code   RO         1173    i.HAL_GPIO_Init     stm32f1xx_hal_gpio.o
    0x080018b4   0x080018b4   0x0000000a   Code   RO         1177    i.HAL_GPIO_WritePin  stm32f1xx_hal_gpio.o
    0x080018be   0x080018be   0x00000002   PAD
    0x080018c0   0x080018c0   0x0000000c   Code   RO          869    i.HAL_GetTick       stm32f1xx_hal.o
    0x080018cc   0x080018cc   0x00000010   Code   RO          875    i.HAL_IncTick       stm32f1xx_hal.o
    0x080018dc   0x080018dc   0x00000024   Code   RO          876    i.HAL_Init          stm32f1xx_hal.o
    0x08001900   0x08001900   0x00000040   Code   RO          877    i.HAL_InitTick      stm32f1xx_hal.o
    0x08001940   0x08001940   0x00000044   Code   RO          522    i.HAL_MspInit       stm32f1xx_hal_msp.o
    0x08001984   0x08001984   0x0000001a   Code   RO         1333    i.HAL_NVIC_EnableIRQ  stm32f1xx_hal_cortex.o
    0x0800199e   0x0800199e   0x00000002   PAD
    0x080019a0   0x080019a0   0x00000040   Code   RO         1339    i.HAL_NVIC_SetPriority  stm32f1xx_hal_cortex.o
    0x080019e0   0x080019e0   0x00000024   Code   RO         1340    i.HAL_NVIC_SetPriorityGrouping  stm32f1xx_hal_cortex.o
    0x08001a04   0x08001a04   0x000000c8   Code   RO         1135    i.HAL_RCCEx_GetPeriphCLKFreq  stm32f1xx_hal_rcc_ex.o
    0x08001acc   0x08001acc   0x000000ec   Code   RO         1136    i.HAL_RCCEx_PeriphCLKConfig  stm32f1xx_hal_rcc_ex.o
    0x08001bb8   0x08001bb8   0x0000012c   Code   RO         1033    i.HAL_RCC_ClockConfig  stm32f1xx_hal_rcc.o
    0x08001ce4   0x08001ce4   0x00000020   Code   RO         1040    i.HAL_RCC_GetPCLK1Freq  stm32f1xx_hal_rcc.o
    0x08001d04   0x08001d04   0x00000020   Code   RO         1041    i.HAL_RCC_GetPCLK2Freq  stm32f1xx_hal_rcc.o
    0x08001d24   0x08001d24   0x0000006c   Code   RO         1042    i.HAL_RCC_GetSysClockFreq  stm32f1xx_hal_rcc.o
    0x08001d90   0x08001d90   0x00000320   Code   RO         1045    i.HAL_RCC_OscConfig  stm32f1xx_hal_rcc.o
    0x080020b0   0x080020b0   0x00000028   Code   RO         1344    i.HAL_SYSTICK_Config  stm32f1xx_hal_cortex.o
    0x080020d8   0x080020d8   0x00000002   Code   RO         2539    i.HAL_TIMEx_BreakCallback  stm32f1xx_hal_tim_ex.o
    0x080020da   0x080020da   0x00000002   Code   RO         2540    i.HAL_TIMEx_CommutCallback  stm32f1xx_hal_tim_ex.o
    0x080020dc   0x080020dc   0x00000068   Code   RO         2558    i.HAL_TIMEx_MasterConfigSynchronization  stm32f1xx_hal_tim_ex.o
    0x08002144   0x08002144   0x0000005a   Code   RO         1835    i.HAL_TIM_Base_Init  stm32f1xx_hal_tim.o
    0x0800219e   0x0800219e   0x00000002   PAD
    0x080021a0   0x080021a0   0x00000054   Code   RO          310    i.HAL_TIM_Base_MspInit  tim.o
    0x080021f4   0x080021f4   0x00000058   Code   RO         1840    i.HAL_TIM_Base_Start_IT  stm32f1xx_hal_tim.o
    0x0800224c   0x0800224c   0x000000d6   Code   RO         1844    i.HAL_TIM_ConfigClockSource  stm32f1xx_hal_tim.o
    0x08002322   0x08002322   0x000000a4   Code   RO         1856    i.HAL_TIM_Encoder_Init  stm32f1xx_hal_tim.o
    0x080023c6   0x080023c6   0x00000002   PAD
    0x080023c8   0x080023c8   0x00000054   Code   RO          312    i.HAL_TIM_Encoder_MspInit  tim.o
    0x0800241c   0x0800241c   0x0000008e   Code   RO         1859    i.HAL_TIM_Encoder_Start  stm32f1xx_hal_tim.o
    0x080024aa   0x080024aa   0x00000002   Code   RO         1869    i.HAL_TIM_IC_CaptureCallback  stm32f1xx_hal_tim.o
    0x080024ac   0x080024ac   0x00000166   Code   RO         1883    i.HAL_TIM_IRQHandler  stm32f1xx_hal_tim.o
    0x08002612   0x08002612   0x00000002   PAD
    0x08002614   0x08002614   0x0000004c   Code   RO          313    i.HAL_TIM_MspPostInit  tim.o
    0x08002660   0x08002660   0x00000002   Code   RO         1886    i.HAL_TIM_OC_DelayElapsedCallback  stm32f1xx_hal_tim.o
    0x08002662   0x08002662   0x000000c6   Code   RO         1907    i.HAL_TIM_PWM_ConfigChannel  stm32f1xx_hal_tim.o
    0x08002728   0x08002728   0x0000005a   Code   RO         1910    i.HAL_TIM_PWM_Init  stm32f1xx_hal_tim.o
    0x08002782   0x08002782   0x00000002   Code   RO         1912    i.HAL_TIM_PWM_MspInit  stm32f1xx_hal_tim.o
    0x08002784   0x08002784   0x00000002   Code   RO         1913    i.HAL_TIM_PWM_PulseFinishedCallback  stm32f1xx_hal_tim.o
    0x08002786   0x08002786   0x00000002   PAD
    0x08002788   0x08002788   0x0000009c   Code   RO         1915    i.HAL_TIM_PWM_Start  stm32f1xx_hal_tim.o
    0x08002824   0x08002824   0x00000180   Code   RO         3378    i.HAL_TIM_PeriodElapsedCallback  control.o
    0x080029a4   0x080029a4   0x00000002   Code   RO         1926    i.HAL_TIM_TriggerCallback  stm32f1xx_hal_tim.o
    0x080029a6   0x080029a6   0x00000062   Code   RO         2835    i.HAL_UART_Init     stm32f1xx_hal_uart.o
    0x08002a08   0x08002a08   0x00000070   Code   RO          388    i.HAL_UART_MspInit  usart.o
    0x08002a78   0x08002a78   0x00000002   Code   RO          433    i.HardFault_Handler  stm32f1xx_it.o
    0x08002a7a   0x08002a7a   0x00000002   PAD
    0x08002a7c   0x08002a7c   0x00000058   Code   RO         3379    i.Incremental_PI    control.o
    0x08002ad4   0x08002ad4   0x00000028   Code   RO           14    i.JTAG_Set          main.o
    0x08002afc   0x08002afc   0x00000098   Code   RO         3380    i.Key               control.o
    0x08002b94   0x08002b94   0x00000030   Code   RO         3201    i.Led_Flash         led.o
    0x08002bc4   0x08002bc4   0x0000003c   Code   RO         3226    i.Long_Press        key.o
    0x08002c00   0x08002c00   0x0000003c   Code   RO         3227    i.Long_Press_KEY2   key.o
    0x08002c3c   0x08002c3c   0x00000088   Code   RO          249    i.MX_ADC_Init       adc.o
    0x08002cc4   0x08002cc4   0x00000110   Code   RO          202    i.MX_GPIO_Init      gpio.o
    0x08002dd4   0x08002dd4   0x00000074   Code   RO          314    i.MX_TIM1_Init      tim.o
    0x08002e48   0x08002e48   0x000000a0   Code   RO          315    i.MX_TIM3_Init      tim.o
    0x08002ee8   0x08002ee8   0x0000007c   Code   RO          316    i.MX_TIM4_Init      tim.o
    0x08002f64   0x08002f64   0x00000038   Code   RO          389    i.MX_USART1_UART_Init  usart.o
    0x08002f9c   0x08002f9c   0x00000040   Code   RO         3381    i.Mean_Filter       control.o
    0x08002fdc   0x08002fdc   0x00000002   Code   RO          434    i.MemManage_Handler  stm32f1xx_it.o
    0x08002fde   0x08002fde   0x00000002   Code   RO          435    i.NMI_Handler       stm32f1xx_it.o
    0x08002fe0   0x08002fe0   0x0000002c   Code   RO         3269    i.OLED_Clear        oled.o
    0x0800300c   0x0800300c   0x0000003c   Code   RO         3272    i.OLED_DrawPoint    oled.o
    0x08003048   0x08003048   0x000000ec   Code   RO         3273    i.OLED_Init         oled.o
    0x08003134   0x08003134   0x0000004c   Code   RO         3274    i.OLED_Refresh_Gram  oled.o
    0x08003180   0x08003180   0x00000090   Code   RO         3275    i.OLED_ShowChar     oled.o
    0x08003210   0x08003210   0x0000006c   Code   RO         3276    i.OLED_ShowChinese  oled.o
    0x0800327c   0x0800327c   0x00000070   Code   RO         3277    i.OLED_ShowChinese_12  oled.o
    0x080032ec   0x080032ec   0x00000078   Code   RO         3278    i.OLED_ShowNumber   oled.o
    0x08003364   0x08003364   0x0000003e   Code   RO         3279    i.OLED_ShowString   oled.o
    0x080033a2   0x080033a2   0x00000002   PAD
    0x080033a4   0x080033a4   0x00000048   Code   RO         3280    i.OLED_WR_Byte      oled.o
    0x080033ec   0x080033ec   0x00000002   Code   RO          436    i.PendSV_Handler    stm32f1xx_it.o
    0x080033ee   0x080033ee   0x00000002   PAD
    0x080033f0   0x080033f0   0x000000a0   Code   RO         3382    i.Position          control.o
    0x08003490   0x08003490   0x00000098   Code   RO         3383    i.Position_PID      control.o
    0x08003528   0x08003528   0x00000048   Code   RO         3384    i.Pre_Position      control.o
    0x08003570   0x08003570   0x0000002c   Code   RO          317    i.Read_Encoder      tim.o
    0x0800359c   0x0800359c   0x00000002   Code   RO          437    i.SVC_Handler       stm32f1xx_it.o
    0x0800359e   0x0800359e   0x00000002   PAD
    0x080035a0   0x080035a0   0x00000030   Code   RO         3385    i.Set_Pwm           control.o
    0x080035d0   0x080035d0   0x00000004   Code   RO          438    i.SysTick_Handler   stm32f1xx_it.o
    0x080035d4   0x080035d4   0x00000078   Code   RO           15    i.SystemClock_Config  main.o
    0x0800364c   0x0800364c   0x00000002   Code   RO         3164    i.SystemInit        system_stm32f1xx.o
    0x0800364e   0x0800364e   0x00000002   PAD
    0x08003650   0x08003650   0x0000000c   Code   RO          439    i.TIM1_UP_IRQHandler  stm32f1xx_it.o
    0x0800365c   0x0800365c   0x0000006c   Code   RO         1928    i.TIM_Base_SetConfig  stm32f1xx_hal_tim.o
    0x080036c8   0x080036c8   0x0000001a   Code   RO         1929    i.TIM_CCxChannelCmd  stm32f1xx_hal_tim.o
    0x080036e2   0x080036e2   0x00000014   Code   RO         1939    i.TIM_ETR_SetConfig  stm32f1xx_hal_tim.o
    0x080036f6   0x080036f6   0x00000010   Code   RO         1940    i.TIM_ITRx_SetConfig  stm32f1xx_hal_tim.o
    0x08003706   0x08003706   0x00000002   PAD
    0x08003708   0x08003708   0x00000050   Code   RO         1941    i.TIM_OC1_SetConfig  stm32f1xx_hal_tim.o
    0x08003758   0x08003758   0x00000058   Code   RO         1942    i.TIM_OC2_SetConfig  stm32f1xx_hal_tim.o
    0x080037b0   0x080037b0   0x00000058   Code   RO         1943    i.TIM_OC3_SetConfig  stm32f1xx_hal_tim.o
    0x08003808   0x08003808   0x00000044   Code   RO         1944    i.TIM_OC4_SetConfig  stm32f1xx_hal_tim.o
    0x0800384c   0x0800384c   0x00000022   Code   RO         1946    i.TIM_TI1_ConfigInputStage  stm32f1xx_hal_tim.o
    0x0800386e   0x0800386e   0x00000024   Code   RO         1948    i.TIM_TI2_ConfigInputStage  stm32f1xx_hal_tim.o
    0x08003892   0x08003892   0x00000002   PAD
    0x08003894   0x08003894   0x0000022c   Code   RO         3603    i.Tips              check.o
    0x08003ac0   0x08003ac0   0x00000054   Code   RO         3386    i.Turn_Off          control.o
    0x08003b14   0x08003b14   0x000000b8   Code   RO         2861    i.UART_SetConfig    stm32f1xx_hal_uart.o
    0x08003bcc   0x08003bcc   0x00000002   Code   RO          440    i.UsageFault_Handler  stm32f1xx_it.o
    0x08003bce   0x08003bce   0x00000002   PAD
    0x08003bd0   0x08003bd0   0x00000020   Code   RO         3387    i.Xianfu_Pwm        control.o
    0x08003bf0   0x08003bf0   0x00000020   Code   RO         1346    i.__NVIC_SetPriority  stm32f1xx_hal_cortex.o
    0x08003c10   0x08003c10   0x0000000e   Code   RO         3689    i.__scatterload_copy  mc_w.l(handlers.o)
    0x08003c1e   0x08003c1e   0x00000002   Code   RO         3690    i.__scatterload_null  mc_w.l(handlers.o)
    0x08003c20   0x08003c20   0x0000000e   Code   RO         3691    i.__scatterload_zeroinit  mc_w.l(handlers.o)
    0x08003c2e   0x08003c2e   0x00000002   PAD
    0x08003c30   0x08003c30   0x00000168   Code   RO         3490    i.check_display     show.o
    0x08003d98   0x08003d98   0x00000058   Code   RO         3228    i.click             key.o
    0x08003df0   0x08003df0   0x0000008c   Code   RO         3229    i.click_N_Double    key.o
    0x08003e7c   0x08003e7c   0x00000082   Code   RO         3491    i.fail_display      show.o
    0x08003efe   0x08003efe   0x00000002   PAD
    0x08003f00   0x08003f00   0x0000005c   Code   RO           16    i.main              main.o
    0x08003f5c   0x08003f5c   0x00000008   Code   RO         3388    i.myabs             control.o
    0x08003f64   0x08003f64   0x00000010   Code   RO         3281    i.oled_pow          oled.o
    0x08003f74   0x08003f74   0x000003b4   Code   RO         3492    i.oled_show         show.o
    0x08004328   0x08004328   0x0000017e   Code   RO         3493    i.show_Tips         show.o
    0x080044a6   0x080044a6   0x000001c6   Code   RO         3494    i.step_0            show.o
    0x0800466c   0x0800466c   0x000001ba   Code   RO         3495    i.step_1            show.o
    0x08004826   0x08004826   0x000001de   Code   RO         3496    i.step_2            show.o
    0x08004a04   0x08004a04   0x00000120   Code   RO         3497    i.step_3            show.o
    0x08004b24   0x08004b24   0x000000b2   Code   RO         3498    i.success_display   show.o
    0x08004bd6   0x08004bd6   0x00000010   Data   RO         3165    .constdata          system_stm32f1xx.o
    0x08004be6   0x08004be6   0x00000008   Data   RO         3166    .constdata          system_stm32f1xx.o
    0x08004bee   0x08004bee   0x00000002   PAD
    0x08004bf0   0x08004bf0   0x00004354   Data   RO         3283    .constdata          oled.o
    0x08008f44   0x08008f44   0x00000020   Data   RO         3687    Region$$Table       anon$$obj.o


    Execution Region RW_IRAM1 (Exec base: 0x20000000, Load base: 0x08008f64, Size: 0x00000a98, Max: 0x00005000, ABSOLUTE)

    Exec Addr    Load Addr    Size         Type   Attr      Idx    E Section Name        Object

    0x20000000   0x08008f64   0x00000001   Data   RW           17    .data               main.o
    0x20000001   0x08008f65   0x00000001   Data   RW           18    .data               main.o
    0x20000002   0x08008f66   0x00000001   Data   RW           19    .data               main.o
    0x20000003   0x08008f67   0x00000001   PAD
    0x20000004   0x08008f68   0x00000004   Data   RW           20    .data               main.o
    0x20000008   0x08008f6c   0x00000004   Data   RW           21    .data               main.o
    0x2000000c   0x08008f70   0x00000004   Data   RW           22    .data               main.o
    0x20000010   0x08008f74   0x00000004   Data   RW           23    .data               main.o
    0x20000014   0x08008f78   0x00000004   Data   RW           24    .data               main.o
    0x20000018   0x08008f7c   0x00000004   Data   RW           25    .data               main.o
    0x2000001c   0x08008f80   0x00000004   Data   RW           26    .data               main.o
    0x20000020   0x08008f84   0x00000004   Data   RW           27    .data               main.o
    0x20000024   0x08008f88   0x00000004   Data   RW           28    .data               main.o
    0x20000028   0x08008f8c   0x00000004   Data   RW           29    .data               main.o
    0x2000002c   0x08008f90   0x00000001   Data   RW           30    .data               main.o
    0x2000002d   0x08008f91   0x00000001   Data   RW           31    .data               main.o
    0x2000002e   0x08008f92   0x00000002   PAD
    0x20000030   0x08008f94   0x00000004   Data   RW           32    .data               main.o
    0x20000034   0x08008f98   0x00000004   Data   RW           33    .data               main.o
    0x20000038   0x08008f9c   0x00000004   Data   RW           34    .data               main.o
    0x2000003c   0x08008fa0   0x00000004   Data   RW           35    .data               main.o
    0x20000040   0x08008fa4   0x0000000c   Data   RW          883    .data               stm32f1xx_hal.o
    0x2000004c   0x08008fb0   0x00000004   Data   RW         3167    .data               system_stm32f1xx.o
    0x20000050   0x08008fb4   0x00000004   Data   RW         3202    .data               led.o
    0x20000054   0x08008fb8   0x00000010   Data   RW         3230    .data               key.o
    0x20000064   0x08008fc8   0x00000084   Data   RW         3389    .data               control.o
    0x200000e8   0x0800904c   0x00000002   Data   RW         3499    .data               show.o
    0x200000ea   0x0800904e   0x00000002   Data   RW         3604    .data               check.o
    0x200000ec        -       0x00000060   Zero   RW          250    .bss                adc.o
    0x2000014c        -       0x000000d8   Zero   RW          318    .bss                tim.o
    0x20000224        -       0x00000044   Zero   RW          390    .bss                usart.o
    0x20000268        -       0x00000400   Zero   RW         3282    .bss                oled.o
    0x20000668        -       0x0000002a   Zero   RW         3573    .bss                datascope_dp.o
    0x20000692   0x08009050   0x00000006   PAD
    0x20000698        -       0x00000400   Zero   RW            1    STACK               startup_stm32f103xb.o


==============================================================================

Image component sizes


      Code (inc. data)   RO Data    RW Data    ZI Data      Debug   Object Name

       532         60          0          0         96       5024   adc.o
       556         32          0          2          0       1047   check.o
      2332        370          0        132          0      13304   control.o
       232         34          0          0         42       3434   datascope_dp.o
       636         68          0          0          0       5837   gpio.o
       348         34          0         16          0       3096   key.o
        48          8          0          4          0        640   led.o
       256         16          0         61          0     455060   main.o
      1050         50      17236          0       1024      10514   oled.o
      3760        162          0          2          0       7441   show.o
        36          8        236          0       1024        892   startup_stm32f103xb.o
       164         28          0         12          0       6861   stm32f1xx_hal.o
      1260         54          0          0          0       7484   stm32f1xx_hal_adc.o
       216          6          0          0          0       1666   stm32f1xx_hal_adc_ex.o
       198         14          0          0          0      29655   stm32f1xx_hal_cortex.o
       514         40          0          0          0       3967   stm32f1xx_hal_gpio.o
        68         10          0          0          0       1110   stm32f1xx_hal_msp.o
      1272        100          0          0          0       5908   stm32f1xx_hal_rcc.o
       436         46          0          0          0       2889   stm32f1xx_hal_rcc_ex.o
      2074         58          0          0          0      20765   stm32f1xx_hal_tim.o
       108         12          0          0          0       2849   stm32f1xx_hal_tim_ex.o
       282          6          0          0          0       2232   stm32f1xx_hal_uart.o
        72          6          0          0          0       6707   stm32f1xx_it.o
         2          0         24          4          0       1479   system_stm32f1xx.o
       688         74          0          0        216       5943   tim.o
       168         20          0          0         68       2158   usart.o

    ----------------------------------------------------------------------
     17346       1316      17530        236       2476     607962   Object Totals
         0          0         32          0          0          0   (incl. Generated)
        38          0          2          3          6          0   (incl. Padding)

    ----------------------------------------------------------------------

      Code (inc. data)   RO Data    RW Data    ZI Data      Debug   Library Member Name

         0          0          0          0          0          0   entry.o
         0          0          0          0          0          0   entry10a.o
         0          0          0          0          0          0   entry11a.o
         4          0          0          0          0          0   entry12b.o
         8          4          0          0          0          0   entry2.o
         4          0          0          0          0          0   entry5.o
         0          0          0          0          0          0   entry7b.o
         0          0          0          0          0          0   entry8b.o
         8          4          0          0          0          0   entry9a.o
        30          0          0          0          0          0   handlers.o
        36          8          0          0          0         68   init.o
         0          0          0          0          0          0   iusefp.o
        30          0          0          0          0         68   llshl.o
        36          0          0          0          0         68   llsshr.o
        32          0          0          0          0         68   llushr.o
        36          0          0          0          0        108   memseta.o
        56          0          0          0          0         88   d2f.o
       334          0          0          0          0        148   dadd.o
       186          0          0          0          0        176   depilogue.o
        62          0          0          0          0         80   dfixi.o
        26          0          0          0          0         76   dfltui.o
       228          0          0          0          0         96   dmul.o
        46          0          0          0          0         80   dscalb.o
        38          0          0          0          0         68   f2d.o
       176          0          0          0          0        140   fadd.o
       124          0          0          0          0         88   fdiv.o
       110          0          0          0          0        168   fepilogue.o
        50          0          0          0          0         68   ffixi.o
        40          0          0          0          0         68   ffixui.o
        18          0          0          0          0         68   fflti.o
        10          0          0          0          0         68   ffltui.o
       100          0          0          0          0         76   fmul.o

    ----------------------------------------------------------------------
      1832         16          0          0          0       1936   Library Totals
         4          0          0          0          0          0   (incl. Padding)

    ----------------------------------------------------------------------

      Code (inc. data)   RO Data    RW Data    ZI Data      Debug   Library Name

       224         16          0          0          0        380   mc_w.l
      1604          0          0          0          0       1556   mf_w.l

    ----------------------------------------------------------------------
      1832         16          0          0          0       1936   Library Totals

    ----------------------------------------------------------------------

==============================================================================


      Code (inc. data)   RO Data    RW Data    ZI Data      Debug   

     19178       1332      17530        236       2476     602094   Grand Totals
     19178       1332      17530        236       2476     602094   ELF Image Totals
     19178       1332      17530        236          0          0   ROM Totals

==============================================================================

    Total RO  Size (Code + RO Data)                36708 (  35.85kB)
    Total RW  Size (RW Data + ZI Data)              2712 (   2.65kB)
    Total ROM Size (Code + RO Data + RW Data)      36944 (  36.08kB)

==============================================================================

