Component: ARM Compiler 5.06 update 7 (build 960) Tool: armlink [4d3601]

==============================================================================

Section Cross References

    main.o(i.main) refers to sys.o(i.JTAG_Set) for JTAG_Set
    main.o(i.main) refers to misc.o(i.NVIC_PriorityGroupConfig) for NVIC_PriorityGroupConfig
    main.o(i.main) refers to delay.o(i.delay_init) for delay_init
    main.o(i.main) refers to delay.o(i.delay_ms) for delay_ms
    main.o(i.main) refers to led.o(i.LED_Init) for LED_Init
    main.o(i.main) refers to exti.o(i.MiniBalance_EXTI_Init) for MiniBalance_EXTI_Init
    main.o(i.main) refers to oled.o(i.OLED_Init) for OLED_Init
    main.o(i.main) refers to usart.o(i.uart_init) for uart_init
    main.o(i.main) refers to motor.o(i.MiniBalance_PWM_Init) for MiniBalance_PWM_Init
    main.o(i.main) refers to encoder.o(i.Encoder_Init_TIM4) for Encoder_Init_TIM4
    main.o(i.main) refers to adc.o(i.Adc_Init) for Adc_Init
    main.o(i.main) refers to timer.o(i.Timer1_Init) for Timer1_Init
    main.o(i.main) refers to show.o(i.DataScope) for DataScope
    main.o(i.main) refers to check.o(i.Tips) for Tips
    main.o(i.main) refers to main.o(.data) for delay_flag
    system_stm32f10x.o(i.SetSysClock) refers to system_stm32f10x.o(i.SetSysClockTo72) for SetSysClockTo72
    system_stm32f10x.o(i.SystemCoreClockUpdate) refers to system_stm32f10x.o(.data) for SystemCoreClock
    system_stm32f10x.o(i.SystemInit) refers to system_stm32f10x.o(i.SetSysClock) for SetSysClock
    startup_stm32f10x_hd.o(STACK) refers (Special) to heapauxi.o(.text) for __use_two_region_memory
    startup_stm32f10x_hd.o(HEAP) refers (Special) to heapauxi.o(.text) for __use_two_region_memory
    startup_stm32f10x_hd.o(RESET) refers (Special) to heapauxi.o(.text) for __use_two_region_memory
    startup_stm32f10x_hd.o(RESET) refers to startup_stm32f10x_hd.o(STACK) for __initial_sp
    startup_stm32f10x_hd.o(RESET) refers to startup_stm32f10x_hd.o(.text) for Reset_Handler
    startup_stm32f10x_hd.o(RESET) refers to stm32f10x_it.o(i.NMI_Handler) for NMI_Handler
    startup_stm32f10x_hd.o(RESET) refers to stm32f10x_it.o(i.HardFault_Handler) for HardFault_Handler
    startup_stm32f10x_hd.o(RESET) refers to stm32f10x_it.o(i.MemManage_Handler) for MemManage_Handler
    startup_stm32f10x_hd.o(RESET) refers to stm32f10x_it.o(i.BusFault_Handler) for BusFault_Handler
    startup_stm32f10x_hd.o(RESET) refers to stm32f10x_it.o(i.UsageFault_Handler) for UsageFault_Handler
    startup_stm32f10x_hd.o(RESET) refers to stm32f10x_it.o(i.SVC_Handler) for SVC_Handler
    startup_stm32f10x_hd.o(RESET) refers to stm32f10x_it.o(i.DebugMon_Handler) for DebugMon_Handler
    startup_stm32f10x_hd.o(RESET) refers to stm32f10x_it.o(i.PendSV_Handler) for PendSV_Handler
    startup_stm32f10x_hd.o(RESET) refers to stm32f10x_it.o(i.SysTick_Handler) for SysTick_Handler
    startup_stm32f10x_hd.o(RESET) refers to exti.o(i.EXTI9_5_IRQHandler) for EXTI9_5_IRQHandler
    startup_stm32f10x_hd.o(RESET) refers to control.o(i.TIM1_UP_IRQHandler) for TIM1_UP_IRQHandler
    startup_stm32f10x_hd.o(RESET) refers to encoder.o(i.TIM4_IRQHandler) for TIM4_IRQHandler
    startup_stm32f10x_hd.o(RESET) refers to usart.o(i.USART1_IRQHandler) for USART1_IRQHandler
    startup_stm32f10x_hd.o(RESET) refers to exti.o(i.EXTI15_10_IRQHandler) for EXTI15_10_IRQHandler
    startup_stm32f10x_hd.o(.text) refers (Special) to heapauxi.o(.text) for __use_two_region_memory
    startup_stm32f10x_hd.o(.text) refers to system_stm32f10x.o(i.SystemInit) for SystemInit
    startup_stm32f10x_hd.o(.text) refers to __main.o(!!!main) for __main
    startup_stm32f10x_hd.o(.text) refers to startup_stm32f10x_hd.o(HEAP) for Heap_Mem
    startup_stm32f10x_hd.o(.text) refers to startup_stm32f10x_hd.o(STACK) for Stack_Mem
    stm32f10x_adc.o(i.ADC_DeInit) refers to stm32f10x_rcc.o(i.RCC_APB2PeriphResetCmd) for RCC_APB2PeriphResetCmd
    stm32f10x_bkp.o(i.BKP_DeInit) refers to stm32f10x_rcc.o(i.RCC_BackupResetCmd) for RCC_BackupResetCmd
    stm32f10x_can.o(i.CAN_DeInit) refers to stm32f10x_rcc.o(i.RCC_APB1PeriphResetCmd) for RCC_APB1PeriphResetCmd
    stm32f10x_can.o(i.CAN_GetITStatus) refers to stm32f10x_can.o(i.CheckITStatus) for CheckITStatus
    stm32f10x_cec.o(i.CEC_DeInit) refers to stm32f10x_rcc.o(i.RCC_APB1PeriphResetCmd) for RCC_APB1PeriphResetCmd
    stm32f10x_dac.o(i.DAC_DeInit) refers to stm32f10x_rcc.o(i.RCC_APB1PeriphResetCmd) for RCC_APB1PeriphResetCmd
    stm32f10x_flash.o(i.FLASH_EnableWriteProtection) refers to stm32f10x_flash.o(i.FLASH_WaitForLastOperation) for FLASH_WaitForLastOperation
    stm32f10x_flash.o(i.FLASH_EraseAllBank1Pages) refers to stm32f10x_flash.o(i.FLASH_WaitForLastBank1Operation) for FLASH_WaitForLastBank1Operation
    stm32f10x_flash.o(i.FLASH_EraseAllPages) refers to stm32f10x_flash.o(i.FLASH_WaitForLastOperation) for FLASH_WaitForLastOperation
[...]
    i.Get_Adc                                0x080011d0   Section        0  adc.o(i.Get_Adc)
    i.Get_Adc2                               0x08001218   Section        0  adc.o(i.Get_Adc2)
    i.Get_Adc_Average                        0x08001260   Section        0  adc.o(i.Get_Adc_Average)
    i.Get_D_Angle_Balance                    0x08001290   Section        0  control.o(i.Get_D_Angle_Balance)
    i.Get_battery_volt                       0x080012e4   Section        0  adc.o(i.Get_battery_volt)
    i.HardFault_Handler                      0x08001354   Section        0  stm32f10x_it.o(i.HardFault_Handler)
    i.Incremental_PI                         0x08001358   Section        0  control.o(i.Incremental_PI)
    i.JTAG_Set                               0x080013dc   Section        0  sys.o(i.JTAG_Set)
    i.KEY_Init                               0x0800140c   Section        0  key.o(i.KEY_Init)
    i.Key                                    0x08001434   Section        0  control.o(i.Key)
    i.LED_Init                               0x0800151c   Section        0  led.o(i.LED_Init)
    i.Led_Flash                              0x0800154c   Section        0  led.o(i.Led_Flash)
    i.Long_Press                             0x08001584   Section        0  key.o(i.Long_Press)
    i.Long_Press_KEY2                        0x080015d8   Section        0  key.o(i.Long_Press_KEY2)
    i.Mean_Filter                            0x0800162c   Section        0  control.o(i.Mean_Filter)
    i.MemManage_Handler                      0x0800167c   Section        0  stm32f10x_it.o(i.MemManage_Handler)
    i.MiniBalance_EXTI_Init                  0x08001680   Section        0  exti.o(i.MiniBalance_EXTI_Init)
    i.MiniBalance_Motor_Init                 0x0800175c   Section        0  motor.o(i.MiniBalance_Motor_Init)
    i.MiniBalance_PWM_Init                   0x08001794   Section        0  motor.o(i.MiniBalance_PWM_Init)
    i.NMI_Handler                            0x08001830   Section        0  stm32f10x_it.o(i.NMI_Handler)
    i.NVIC_Init                              0x08001834   Section        0  misc.o(i.NVIC_Init)
    i.NVIC_PriorityGroupConfig               0x080018a4   Section        0  misc.o(i.NVIC_PriorityGroupConfig)
    i.OLED_Clear                             0x080018b8   Section        0  oled.o(i.OLED_Clear)
    i.OLED_DrawPoint                         0x080018e8   Section        0  oled.o(i.OLED_DrawPoint)
    i.OLED_Init                              0x08001950   Section        0  oled.o(i.OLED_Init)
    i.OLED_Refresh_Gram                      0x08001aa4   Section        0  oled.o(i.OLED_Refresh_Gram)
    i.OLED_ShowChar                          0x08001af0   Section        0  oled.o(i.OLED_ShowChar)
    i.OLED_ShowChinese                       0x08001b98   Section        0  oled.o(i.OLED_ShowChinese)
    i.OLED_ShowChinese_12                    0x08001c1c   Section        0  oled.o(i.OLED_ShowChinese_12)
    i.OLED_ShowNumber                        0x08001ca4   Section        0  oled.o(i.OLED_ShowNumber)
    i.OLED_ShowString                        0x08001d38   Section        0  oled.o(i.OLED_ShowString)
    i.OLED_WR_Byte                           0x08001d7c   Section        0  oled.o(i.OLED_WR_Byte)
    i.PWR_BackupAccessCmd                    0x08001dd4   Section        0  stm32f10x_pwr.o(i.PWR_BackupAccessCmd)
    i.PendSV_Handler                         0x08001de0   Section        0  stm32f10x_it.o(i.PendSV_Handler)
    i.Position                               0x08001de4   Section        0  control.o(i.Position)
    i.Position_PID                           0x08001ec0   Section        0  control.o(i.Position_PID)
    i.Pre_Position                           0x08001f98   Section        0  control.o(i.Pre_Position)
    i.RCC_ADCCLKConfig                       0x0800200c   Section        0  stm32f10x_rcc.o(i.RCC_ADCCLKConfig)
    i.RCC_APB1PeriphClockCmd                 0x08002024   Section        0  stm32f10x_rcc.o(i.RCC_APB1PeriphClockCmd)
    i.RCC_APB2PeriphClockCmd                 0x08002044   Section        0  stm32f10x_rcc.o(i.RCC_APB2PeriphClockCmd)
    i.RCC_APB2PeriphResetCmd                 0x08002064   Section        0  stm32f10x_rcc.o(i.RCC_APB2PeriphResetCmd)
    i.RCC_GetClocksFreq                      0x08002084   Section        0  stm32f10x_rcc.o(i.RCC_GetClocksFreq)
    i.RCC_LSEConfig                          0x08002158   Section        0  stm32f10x_rcc.o(i.RCC_LSEConfig)
    i.Read_Encoder                           0x0800218c   Section        0  encoder.o(i.Read_Encoder)
    i.SVC_Handler                            0x080021c8   Section        0  stm32f10x_it.o(i.SVC_Handler)
    i.SetSysClock                            0x080021ca   Section        0  system_stm32f10x.o(i.SetSysClock)
    SetSysClock                              0x080021cb   Thumb Code     8  system_stm32f10x.o(i.SetSysClock)
    i.SetSysClockTo72                        0x080021d4   Section        0  system_stm32f10x.o(i.SetSysClockTo72)
    SetSysClockTo72                          0x080021d5   Thumb Code   214  system_stm32f10x.o(i.SetSysClockTo72)
    i.Set_Pwm                                0x080022b4   Section        0  control.o(i.Set_Pwm)
    i.SysTick_CLKSourceConfig                0x080022f4   Section        0  misc.o(i.SysTick_CLKSourceConfig)
    i.SysTick_Handler                        0x0800231c   Section        0  stm32f10x_it.o(i.SysTick_Handler)
    i.SystemInit                             0x08002320   Section        0  system_stm32f10x.o(i.SystemInit)
    i.TI1_Config                             0x08002380   Section        0  stm32f10x_tim.o(i.TI1_Config)
    TI1_Config                               0x08002381   Thumb Code   108  stm32f10x_tim.o(i.TI1_Config)
    i.TI2_Config                             0x08002400   Section        0  stm32f10x_tim.o(i.TI2_Config)
    TI2_Config                               0x08002401   Thumb Code   130  stm32f10x_tim.o(i.TI2_Config)
    i.TI3_Config                             0x08002498   Section        0  stm32f10x_tim.o(i.TI3_Config)
    TI3_Config                               0x08002499   Thumb Code   122  stm32f10x_tim.o(i.TI3_Config)
    i.TI4_Config                             0x08002528   Section        0  stm32f10x_tim.o(i.TI4_Config)
    TI4_Config                               0x08002529   Thumb Code   130  stm32f10x_tim.o(i.TI4_Config)
    i.TIM1_UP_IRQHandler                     0x080025c0   Section        0  control.o(i.TIM1_UP_IRQHandler)
    i.TIM4_IRQHandler                        0x080027b8   Section        0  encoder.o(i.TIM4_IRQHandler)
    i.TIM_ARRPreloadConfig                   0x080027d0   Section        0  stm32f10x_tim.o(i.TIM_ARRPreloadConfig)
    i.TIM_ClearFlag                          0x080027e8   Section        0  stm32f10x_tim.o(i.TIM_ClearFlag)
    i.TIM_ClearITPendingBit                  0x080027ee   Section        0  stm32f10x_tim.o(i.TIM_ClearITPendingBit)
    i.TIM_Cmd                                0x080027f4   Section        0  stm32f10x_tim.o(i.TIM_Cmd)
    i.TIM_EncoderInterfaceConfig             0x0800280c   Section        0  stm32f10x_tim.o(i.TIM_EncoderInterfaceConfig)
    i.TIM_GetITStatus                        0x0800284e   Section        0  stm32f10x_tim.o(i.TIM_GetITStatus)
    i.TIM_ICInit                             0x08002870   Section        0  stm32f10x_tim.o(i.TIM_ICInit)
    i.TIM_ICStructInit                       0x0800291c   Section        0  stm32f10x_tim.o(i.TIM_ICStructInit)
    i.TIM_ITConfig                           0x0800292e   Section        0  stm32f10x_tim.o(i.TIM_ITConfig)
    i.TIM_OC4Init                            0x08002940   Section        0  stm32f10x_tim.o(i.TIM_OC4Init)
    i.TIM_OC4PreloadConfig                   0x080029bc   Section        0  stm32f10x_tim.o(i.TIM_OC4PreloadConfig)
    i.TIM_SetCounter                         0x080029d6   Section        0  stm32f10x_tim.o(i.TIM_SetCounter)
    i.TIM_SetIC1Prescaler                    0x080029da   Section        0  stm32f10x_tim.o(i.TIM_SetIC1Prescaler)
    i.TIM_SetIC2Prescaler                    0x080029ec   Section        0  stm32f10x_tim.o(i.TIM_SetIC2Prescaler)
    i.TIM_SetIC3Prescaler                    0x08002a06   Section        0  stm32f10x_tim.o(i.TIM_SetIC3Prescaler)
    i.TIM_SetIC4Prescaler                    0x08002a18   Section        0  stm32f10x_tim.o(i.TIM_SetIC4Prescaler)
    i.TIM_TimeBaseInit                       0x08002a34   Section        0  stm32f10x_tim.o(i.TIM_TimeBaseInit)
    i.TIM_TimeBaseStructInit                 0x08002ad8   Section        0  stm32f10x_tim.o(i.TIM_TimeBaseStructInit)
    i.Timer1_Init                            0x08002aec   Section        0  timer.o(i.Timer1_Init)
    i.Tips                                   0x08002b48   Section        0  check.o(i.Tips)
    i.Turn_Off                               0x08002dd4   Section        0  control.o(i.Turn_Off)
    i.USART1_IRQHandler                      0x08002e38   Section        0  usart.o(i.USART1_IRQHandler)
    i.USART_Cmd                              0x08002ec0   Section        0  stm32f10x_usart.o(i.USART_Cmd)
    i.USART_GetITStatus                      0x08002ed8   Section        0  stm32f10x_usart.o(i.USART_GetITStatus)
    i.USART_ITConfig                         0x08002f2c   Section        0  stm32f10x_usart.o(i.USART_ITConfig)
    i.USART_Init                             0x08002f78   Section        0  stm32f10x_usart.o(i.USART_Init)
    i.USART_ReceiveData                      0x08003050   Section        0  stm32f10x_usart.o(i.USART_ReceiveData)
    i.UsageFault_Handler                     0x0800305a   Section        0  stm32f10x_it.o(i.UsageFault_Handler)
    i.Xianfu_Pwm                             0x08003060   Section        0  control.o(i.Xianfu_Pwm)
    i._sys_exit                              0x08003088   Section        0  usart.o(i._sys_exit)
    i.check_display                          0x0800308c   Section        0  show.o(i.check_display)
    i.click                                  0x080031f8   Section        0  key.o(i.click)
    i.click_N_Double                         0x08003258   Section        0  key.o(i.click_N_Double)
    i.delay_init                             0x08003328   Section        0  delay.o(i.delay_init)
    i.delay_ms                               0x0800336c   Section        0  delay.o(i.delay_ms)
    i.delay_us                               0x080033b8   Section        0  delay.o(i.delay_us)
    i.fail_display                           0x08003404   Section        0  show.o(i.fail_display)
    i.main                                   0x08003484   Section        0  main.o(i.main)
    i.myabs                                  0x080034fc   Section        0  control.o(i.myabs)
    i.oled_pow                               0x0800350a   Section        0  oled.o(i.oled_pow)
    i.oled_show                              0x08003520   Section        0  show.o(i.oled_show)
    i.show_Tips                              0x080039a8   Section        0  show.o(i.show_Tips)
    i.step_0                                 0x08003b24   Section        0  show.o(i.step_0)
    i.step_1                                 0x08003ce8   Section        0  show.o(i.step_1)
    i.step_2                                 0x08003ea0   Section        0  show.o(i.step_2)
    i.step_3                                 0x0800407c   Section        0  show.o(i.step_3)
    i.success_display                        0x080041a0   Section        0  show.o(i.success_display)
    i.uart_init                              0x08004250   Section        0  usart.o(i.uart_init)
    x$fpl$d2f                                0x080042f0   Section       98  d2f.o(x$fpl$d2f)
    x$fpl$dadd                               0x08004354   Section      336  daddsub_clz.o(x$fpl$dadd)
    _dadd1                                   0x08004365   Thumb Code     0  daddsub_clz.o(x$fpl$dadd)
    x$fpl$ddiv                               0x080044a4   Section      688  ddiv.o(x$fpl$ddiv)
    ddiv_entry                               0x080044ab   Thumb Code     0  ddiv.o(x$fpl$ddiv)
    x$fpl$dfix                               0x08004754   Section       94  dfix.o(x$fpl$dfix)
    x$fpl$dfltu                              0x080047b2   Section       38  dflt_clz.o(x$fpl$dfltu)
    x$fpl$dmul                               0x080047d8   Section      340  dmul.o(x$fpl$dmul)
    x$fpl$dnaninf                            0x0800492c   Section      156  dnaninf.o(x$fpl$dnaninf)
    x$fpl$dretinf                            0x080049c8   Section       12  dretinf.o(x$fpl$dretinf)
    x$fpl$dsub                               0x080049d4   Section      468  daddsub_clz.o(x$fpl$dsub)
    _dsub1                                   0x080049e5   Thumb Code     0  daddsub_clz.o(x$fpl$dsub)
    x$fpl$f2d                                0x08004ba8   Section       86  f2d.o(x$fpl$f2d)
    x$fpl$fadd                               0x08004c00   Section      196  faddsub_clz.o(x$fpl$fadd)
    _fadd1                                   0x08004c0f   Thumb Code     0  faddsub_clz.o(x$fpl$fadd)
    x$fpl$fcmpinf                            0x08004cc4   Section       24  fcmpi.o(x$fpl$fcmpinf)
    x$fpl$fdiv                               0x08004cdc   Section      388  fdiv.o(x$fpl$fdiv)
    _fdiv1                                   0x08004cdd   Thumb Code     0  fdiv.o(x$fpl$fdiv)
    x$fpl$feqf                               0x08004e60   Section      104  feqf.o(x$fpl$feqf)
    x$fpl$ffix                               0x08004ec8   Section       54  ffix.o(x$fpl$ffix)
    x$fpl$ffixu                              0x08004f00   Section       62  ffixu.o(x$fpl$ffixu)
    x$fpl$fflt                               0x08004f40   Section       48  fflt_clz.o(x$fpl$fflt)
    x$fpl$ffltu                              0x08004f70   Section       38  fflt_clz.o(x$fpl$ffltu)
    x$fpl$fleqf                              0x08004f98   Section      104  fleqf.o(x$fpl$fleqf)
    x$fpl$fmul                               0x08005000   Section      258  fmul.o(x$fpl$fmul)
    x$fpl$fnaninf                            0x08005102   Section      140  fnaninf.o(x$fpl$fnaninf)
    x$fpl$fretinf                            0x0800518e   Section       10  fretinf.o(x$fpl$fretinf)
    x$fpl$frleqf                             0x08005198   Section       98  frleqf.o(x$fpl$frleqf)
    x$fpl$fsub                               0x080051fc   Section      234  faddsub_clz.o(x$fpl$fsub)
    _fsub1                                   0x0800520b   Thumb Code     0  faddsub_clz.o(x$fpl$fsub)
    x$fpl$usenofp                            0x080052e6   Section        0  usenofp.o(x$fpl$usenofp)
    .constdata                               0x080052e8   Section    17236  oled.o(.constdata)
    .data                                    0x20000000   Section       64  main.o(.data)
    .data                                    0x20000040   Section       20  system_stm32f10x.o(.data)
    .data                                    0x20000054   Section       20  stm32f10x_rcc.o(.data)
    APBAHBPrescTable                         0x20000054   Data          16  stm32f10x_rcc.o(.data)
    ADCPrescTable                            0x20000064   Data           4  stm32f10x_rcc.o(.data)
    .data                                    0x20000068   Section        4  delay.o(.data)
    fac_us                                   0x20000068   Data           1  delay.o(.data)
    fac_ms                                   0x2000006a   Data           2  delay.o(.data)
    .data                                    0x2000006c   Section        6  usart.o(.data)
    .data                                    0x20000074   Section        4  led.o(.data)
    temp                                     0x20000074   Data           4  led.o(.data)
    .data                                    0x20000078   Section       18  key.o(.data)
    flag_key                                 0x20000078   Data           1  key.o(.data)
    count_key                                0x20000079   Data           1  key.o(.data)
    double_key                               0x2000007a   Data           1  key.o(.data)
    count_single                             0x2000007c   Data           2  key.o(.data)
    Forever_count                            0x2000007e   Data           2  key.o(.data)
    flag_key                                 0x20000080   Data           1  key.o(.data)
    Long_Press_count                         0x20000082   Data           2  key.o(.data)
    Long_Press                               0x20000084   Data           2  key.o(.data)
    Long_Press_count                         0x20000086   Data           2  key.o(.data)
    Long_Press                               0x20000088   Data           2  key.o(.data)
    .data                                    0x2000008c   Section      140  control.o(.data)
    tmp                                      0x200000e0   Data           4  control.o(.data)
    flag                                     0x200000e4   Data           4  control.o(.data)
    count                                    0x200000e8   Data           4  control.o(.data)
    count                                    0x200000ec   Data           4  control.o(.data)
    speed                                    0x200000f0   Data           1  control.o(.data)
    help_count                               0x200000f1   Data           1  control.o(.data)
    pid_adjust                               0x200000f2   Data           2  control.o(.data)
    Bias                                     0x200000f4   Data           4  control.o(.data)
    Pwm                                      0x200000f8   Data           4  control.o(.data)
    Last_bias                                0x200000fc   Data           4  control.o(.data)
    Speed_Buf                                0x20000100   Data           8  control.o(.data)
    Position_PWM                             0x20000108   Data           4  control.o(.data)
    Last_Position                            0x2000010c   Data           4  control.o(.data)
    Position_Bias                            0x20000110   Data           4  control.o(.data)
    Position_Differential                    0x20000114   Data           4  control.o(.data)
    .data                                    0x20000118   Section        8  show.o(.data)
    .data                                    0x20000120   Section        2  check.o(.data)
    i                                        0x20000120   Data           1  check.o(.data)
    count                                    0x20000121   Data           1  check.o(.data)
    .bss                                     0x20000124   Section      200  usart.o(.bss)
    .bss                                     0x200001ec   Section     1024  oled.o(.bss)
    .bss                                     0x200005ec   Section       42  datascope_dp.o(.bss)
    .bss                                     0x20000618   Section       96  libspace.o(.bss)
    HEAP                                     0x20000678   Section      512  startup_stm32f10x_hd.o(HEAP)
    Heap_Mem                                 0x20000678   Data         512  startup_stm32f10x_hd.o(HEAP)
    STACK                                    0x20000878   Section     1024  startup_stm32f10x_hd.o(STACK)
    Stack_Mem                                0x20000878   Data        1024  startup_stm32f10x_hd.o(STACK)
    __initial_sp                             0x20000c78   Data           0  startup_stm32f10x_hd.o(STACK)

    Global Symbols

    Symbol Name                              Value     Ov Type        Size  Object(Section)

    BuildAttributes$$THM_ISAv4$P$D$K$B$S$PE$A:L22UL41UL21$X:L11$S22US41US21$IEEE1$IW$USESV6$~STKCKD$USESV7$~SHL$OSPACE$ROPI$EBA8$UX$STANDARDLIB$REQ8$PRES8$EABIv2 0x00000000   Number         0  anon$$obj.o ABSOLUTE
    __ARM_use_no_argv                        0x00000000   Number         0  main.o ABSOLUTE
    __ARM_exceptions_init                     - Undefined Weak Reference
    __alloca_initialize                       - Undefined Weak Reference
    __arm_fini_                               - Undefined Weak Reference
    __arm_preinit_                            - Undefined Weak Reference
    __cpp_initialize__aeabi_                  - Undefined Weak Reference
    __cxa_finalize                            - Undefined Weak Reference
    __rt_locale                               - Undefined Weak Reference
    __sigvec_lookup                           - Undefined Weak Reference
    _atexit_init                              - Undefined Weak Reference
    _call_atexit_fns                          - Undefined Weak Reference
    _clock_init                               - Undefined Weak Reference
    _fp_trap_init                             - Undefined Weak Reference
    _fp_trap_shutdown                         - Undefined Weak Reference
    _get_lc_collate                           - Undefined Weak Reference
    _get_lc_ctype                             - Undefined Weak Reference
    _get_lc_monetary                          - Undefined Weak Reference
    _get_lc_numeric                           - Undefined Weak Reference
    _get_lc_time                              - Undefined Weak Reference
    _getenv_init                              - Undefined Weak Reference
    _handle_redirection                       - Undefined Weak Reference
    _init_alloc                               - Undefined Weak Reference
    _init_user_alloc                          - Undefined Weak Reference
    _initio                                   - Undefined Weak Reference
    _rand_init                                - Undefined Weak Reference
    _signal_finish                            - Undefined Weak Reference
    _signal_init                              - Undefined Weak Reference
    _terminate_alloc                          - Undefined Weak Reference
    _terminate_user_alloc                     - Undefined Weak Reference
    _terminateio                              - Undefined Weak Reference
    __Vectors_Size                           0x00000130   Number         0  startup_stm32f10x_hd.o ABSOLUTE
    __Vectors                                0x08000000   Data           4  startup_stm32f10x_hd.o(RESET)
    __Vectors_End                            0x08000130   Data           0  startup_stm32f10x_hd.o(RESET)
    __main                                   0x08000131   Thumb Code     8  __main.o(!!!main)
    __scatterload                            0x08000139   Thumb Code     0  __scatter.o(!!!scatter)
    __scatterload_rt2                        0x08000139   Thumb Code    44  __scatter.o(!!!scatter)
    __scatterload_rt2_thumb_only             0x08000139   Thumb Code     0  __scatter.o(!!!scatter)
    __scatterload_null                       0x08000147   Thumb Code     0  __scatter.o(!!!scatter)
    __scatterload_copy                       0x0800016d   Thumb Code    26  __scatter_copy.o(!!handler_copy)
    __scatterload_zeroinit                   0x08000189   Thumb Code    28  __scatter_zi.o(!!handler_zi)
    __rt_lib_init                            0x080001a5   Thumb Code     0  libinit.o(.ARM.Collect$$libinit$$00000000)
    __rt_lib_init_alloca_1                   0x080001a7   Thumb Code     0  libinit2.o(.ARM.Collect$$libinit$$0000002E)
    __rt_lib_init_argv_1                     0x080001a7   Thumb Code     0  libinit2.o(.ARM.Collect$$libinit$$0000002C)
    __rt_lib_init_atexit_1                   0x080001a7   Thumb Code     0  libinit2.o(.ARM.Collect$$libinit$$0000001B)
    __rt_lib_init_clock_1                    0x080001a7   Thumb Code     0  libinit2.o(.ARM.Collect$$libinit$$00000021)
    __rt_lib_init_cpp_1                      0x080001a7   Thumb Code     0  libinit2.o(.ARM.Collect$$libinit$$00000032)
    __rt_lib_init_exceptions_1               0x080001a7   Thumb Code     0  libinit2.o(.ARM.Collect$$libinit$$00000030)
    __rt_lib_init_fp_1                       0x080001a7   Thumb Code     0  libinit2.o(.ARM.Collect$$libinit$$00000002)
    __rt_lib_init_fp_trap_1                  0x080001a7   Thumb Code     0  libinit2.o(.ARM.Collect$$libinit$$0000001F)
    __rt_lib_init_getenv_1                   0x080001a7   Thumb Code     0  libinit2.o(.ARM.Collect$$libinit$$00000023)
    __rt_lib_init_heap_1                     0x080001a7   Thumb Code     0  libinit2.o(.ARM.Collect$$libinit$$0000000A)
    __rt_lib_init_lc_collate_1               0x080001a7   Thumb Code     0  libinit2.o(.ARM.Collect$$libinit$$00000011)
    __rt_lib_init_lc_ctype_1                 0x080001a7   Thumb Code     0  libinit2.o(.ARM.Collect$$libinit$$00000013)
    __rt_lib_init_lc_monetary_1              0x080001a7   Thumb Code     0  libinit2.o(.ARM.Collect$$libinit$$00000015)
    __rt_lib_init_lc_numeric_1               0x080001a7   Thumb Code     0  libinit2.o(.ARM.Collect$$libinit$$00000017)
    __rt_lib_init_lc_time_1                  0x080001a7   Thumb Code     0  libinit2.o(.ARM.Collect$$libinit$$00000019)
    __rt_lib_init_preinit_1                  0x080001a7   Thumb Code     0  libinit2.o(.ARM.Collect$$libinit$$00000004)
    __rt_lib_init_rand_1                     0x080001a7   Thumb Code     0  libinit2.o(.ARM.Collect$$libinit$$0000000E)
    __rt_lib_init_return                     0x080001a7   Thumb Code     0  libinit2.o(.ARM.Collect$$libinit$$00000033)
    __rt_lib_init_signal_1                   0x080001a7   Thumb Code     0  libinit2.o(.ARM.Collect$$libinit$$0000001D)
    __rt_lib_init_stdio_1                    0x080001a7   Thumb Code     0  libinit2.o(.ARM.Collect$$libinit$$00000025)
    __rt_lib_init_user_alloc_1               0x080001a7   Thumb Code     0  libinit2.o(.ARM.Collect$$libinit$$0000000C)
    __rt_lib_shutdown                        0x080001a9   Thumb Code     0  libshutdown.o(.ARM.Collect$$libshutdown$$00000000)
    __rt_lib_shutdown_cpp_1                  0x080001ab   Thumb Code     0  libshutdown2.o(.ARM.Collect$$libshutdown$$00000004)
    __rt_lib_shutdown_fini_1                 0x080001ab   Thumb Code     0  libshutdown2.o(.ARM.Collect$$libshutdown$$00000002)
    __rt_lib_shutdown_fp_trap_1              0x080001ab   Thumb Code     0  libshutdown2.o(.ARM.Collect$$libshutdown$$00000009)
    __rt_lib_shutdown_heap_1                 0x080001ab   Thumb Code     0  libshutdown2.o(.ARM.Collect$$libshutdown$$00000011)
    __rt_lib_shutdown_return                 0x080001ab   Thumb Code     0  libshutdown2.o(.ARM.Collect$$libshutdown$$00000012)
    __rt_lib_shutdown_signal_1               0x080001ab   Thumb Code     0  libshutdown2.o(.ARM.Collect$$libshutdown$$0000000C)
    __rt_lib_shutdown_stdio_1                0x080001ab   Thumb Code     0  libshutdown2.o(.ARM.Collect$$libshutdown$$00000006)
    __rt_lib_shutdown_user_alloc_1           0x080001ab   Thumb Code     0  libshutdown2.o(.ARM.Collect$$libshutdown$$0000000E)
    __rt_entry                               0x080001ad   Thumb Code     0  __rtentry.o(.ARM.Collect$$rtentry$$00000000)
    __rt_entry_presh_1                       0x080001ad   Thumb Code     0  __rtentry2.o(.ARM.Collect$$rtentry$$00000002)
    __rt_entry_sh                            0x080001ad   Thumb Code     0  __rtentry4.o(.ARM.Collect$$rtentry$$00000004)
    __rt_entry_li                            0x080001b3   Thumb Code     0  __rtentry2.o(.ARM.Collect$$rtentry$$0000000A)
    __rt_entry_postsh_1                      0x080001b3   Thumb Code     0  __rtentry2.o(.ARM.Collect$$rtentry$$00000009)
    __rt_entry_main                          0x080001b7   Thumb Code     0  __rtentry2.o(.ARM.Collect$$rtentry$$0000000D)
    __rt_entry_postli_1                      0x080001b7   Thumb Code     0  __rtentry2.o(.ARM.Collect$$rtentry$$0000000C)
    __rt_exit                                0x080001bf   Thumb Code     0  rtexit.o(.ARM.Collect$$rtexit$$00000000)
    __rt_exit_ls                             0x080001c1   Thumb Code     0  rtexit2.o(.ARM.Collect$$rtexit$$00000003)
    __rt_exit_prels_1                        0x080001c1   Thumb Code     0  rtexit2.o(.ARM.Collect$$rtexit$$00000002)
    __rt_exit_exit                           0x080001c5   Thumb Code     0  rtexit2.o(.ARM.Collect$$rtexit$$00000004)
    Reset_Handler                            0x080001cd   Thumb Code     8  startup_stm32f10x_hd.o(.text)
    ADC1_2_IRQHandler                        0x080001e7   Thumb Code     0  startup_stm32f10x_hd.o(.text)
    ADC3_IRQHandler                          0x080001e7   Thumb Code     0  startup_stm32f10x_hd.o(.text)
    CAN1_RX1_IRQHandler                      0x080001e7   Thumb Code     0  startup_stm32f10x_hd.o(.text)
    CAN1_SCE_IRQHandler                      0x080001e7   Thumb Code     0  startup_stm32f10x_hd.o(.text)
    DMA1_Channel1_IRQHandler                 0x080001e7   Thumb Code     0  startup_stm32f10x_hd.o(.text)
    DMA1_Channel2_IRQHandler                 0x080001e7   Thumb Code     0  startup_stm32f10x_hd.o(.text)
    DMA1_Channel3_IRQHandler                 0x080001e7   Thumb Code     0  startup_stm32f10x_hd.o(.text)
    DMA1_Channel4_IRQHandler                 0x080001e7   Thumb Code     0  startup_stm32f10x_hd.o(.text)
    DMA1_Channel5_IRQHandler                 0x080001e7   Thumb Code     0  startup_stm32f10x_hd.o(.text)
    DMA1_Channel6_IRQHandler                 0x080001e7   Thumb Code     0  startup_stm32f10x_hd.o(.text)
    DMA1_Channel7_IRQHandler                 0x080001e7   Thumb Code     0  startup_stm32f10x_hd.o(.text)
    DMA2_Channel1_IRQHandler                 0x080001e7   Thumb Code     0  startup_stm32f10x_hd.o(.text)
    DMA2_Channel2_IRQHandler                 0x080001e7   Thumb Code     0  startup_stm32f10x_hd.o(.text)
    DMA2_Channel3_IRQHandler                 0x080001e7   Thumb Code     0  startup_stm32f10x_hd.o(.text)
    DMA2_Channel4_5_IRQHandler               0x080001e7   Thumb Code     0  startup_stm32f10x_hd.o(.text)
    EXTI0_IRQHandler                         0x080001e7   Thumb Code     0  startup_stm32f10x_hd.o(.text)
    EXTI1_IRQHandler                         0x080001e7   Thumb Code     0  startup_stm32f10x_hd.o(.text)
    EXTI2_IRQHandler                         0x080001e7   Thumb Code     0  startup_stm32f10x_hd.o(.text)
    EXTI3_IRQHandler                         0x080001e7   Thumb Code     0  startup_stm32f10x_hd.o(.text)
    EXTI4_IRQHandler                         0x080001e7   Thumb Code     0  startup_stm32f10x_hd.o(.text)
    FLASH_IRQHandler                         0x080001e7   Thumb Code     0  startup_stm32f10x_hd.o(.text)
    FSMC_IRQHandler                          0x080001e7   Thumb Code     0  startup_stm32f10x_hd.o(.text)
    I2C1_ER_IRQHandler                       0x080001e7   Thumb Code     0  startup_stm32f10x_hd.o(.text)
    I2C1_EV_IRQHandler                       0x080001e7   Thumb Code     0  startup_stm32f10x_hd.o(.text)
    I2C2_ER_IRQHandler                       0x080001e7   Thumb Code     0  startup_stm32f10x_hd.o(.text)
    I2C2_EV_IRQHandler                       0x080001e7   Thumb Code     0  startup_stm32f10x_hd.o(.text)
    PVD_IRQHandler                           0x080001e7   Thumb Code     0  startup_stm32f10x_hd.o(.text)
    RCC_IRQHandler                           0x080001e7   Thumb Code     0  startup_stm32f10x_hd.o(.text)
    RTCAlarm_IRQHandler                      0x080001e7   Thumb Code     0  startup_stm32f10x_hd.o(.text)
    RTC_IRQHandler                           0x080001e7   Thumb Code     0  startup_stm32f10x_hd.o(.text)
    SDIO_IRQHandler                          0x080001e7   Thumb Code     0  startup_stm32f10x_hd.o(.text)
    SPI1_IRQHandler                          0x080001e7   Thumb Code     0  startup_stm32f10x_hd.o(.text)
    SPI2_IRQHandler                          0x080001e7   Thumb Code     0  startup_stm32f10x_hd.o(.text)
    SPI3_IRQHandler                          0x080001e7   Thumb Code     0  startup_stm32f10x_hd.o(.text)
    TAMPER_IRQHandler                        0x080001e7   Thumb Code     0  startup_stm32f10x_hd.o(.text)
    TIM1_BRK_IRQHandler                      0x080001e7   Thumb Code     0  startup_stm32f10x_hd.o(.text)
    TIM1_CC_IRQHandler                       0x080001e7   Thumb Code     0  startup_stm32f10x_hd.o(.text)
    TIM1_TRG_COM_IRQHandler                  0x080001e7   Thumb Code     0  startup_stm32f10x_hd.o(.text)
    TIM2_IRQHandler                          0x080001e7   Thumb Code     0  startup_stm32f10x_hd.o(.text)
    TIM3_IRQHandler                          0x080001e7   Thumb Code     0  startup_stm32f10x_hd.o(.text)
    TIM5_IRQHandler                          0x080001e7   Thumb Code     0  startup_stm32f10x_hd.o(.text)
    TIM6_IRQHandler                          0x080001e7   Thumb Code     0  startup_stm32f10x_hd.o(.text)
    TIM7_IRQHandler                          0x080001e7   Thumb Code     0  startup_stm32f10x_hd.o(.text)
    TIM8_BRK_IRQHandler                      0x080001e7   Thumb Code     0  startup_stm32f10x_hd.o(.text)
    TIM8_CC_IRQHandler                       0x080001e7   Thumb Code     0  startup_stm32f10x_hd.o(.text)
    TIM8_TRG_COM_IRQHandler                  0x080001e7   Thumb Code     0  startup_stm32f10x_hd.o(.text)
    TIM8_UP_IRQHandler                       0x080001e7   Thumb Code     0  startup_stm32f10x_hd.o(.text)
    UART4_IRQHandler                         0x080001e7   Thumb Code     0  startup_stm32f10x_hd.o(.text)
    UART5_IRQHandler                         0x080001e7   Thumb Code     0  startup_stm32f10x_hd.o(.text)
    USART2_IRQHandler                        0x080001e7   Thumb Code     0  startup_stm32f10x_hd.o(.text)
    USART3_IRQHandler                        0x080001e7   Thumb Code     0  startup_stm32f10x_hd.o(.text)
    USBWakeUp_IRQHandler                     0x080001e7   Thumb Code     0  startup_stm32f10x_hd.o(.text)
    USB_HP_CAN1_TX_IRQHandler                0x080001e7   Thumb Code     0  startup_stm32f10x_hd.o(.text)
    USB_LP_CAN1_RX0_IRQHandler               0x080001e7   Thumb Code     0  startup_stm32f10x_hd.o(.text)
    WWDG_IRQHandler                          0x080001e7   Thumb Code     0  startup_stm32f10x_hd.o(.text)
    __user_initial_stackheap                 0x080001e9   Thumb Code     0  startup_stm32f10x_hd.o(.text)
    __use_no_semihosting                     0x0800020d   Thumb Code     2  use_no_semi_2.o(.text)
    __use_two_region_memory                  0x0800020f   Thumb Code     2  heapauxi.o(.text)
    __rt_heap_escrow$2region                 0x08000211   Thumb Code     2  heapauxi.o(.text)
    __rt_heap_expand$2region                 0x08000213   Thumb Code     2  heapauxi.o(.text)
    __I$use$semihosting                      0x08000215   Thumb Code     0  use_no_semi.o(.text)
    __use_no_semihosting_swi                 0x08000215   Thumb Code     2  use_no_semi.o(.text)
    __user_setup_stackheap                   0x08000217   Thumb Code    74  sys_stackheap_outer.o(.text)
    exit                                     0x08000261   Thumb Code    18  exit.o(.text)
    __user_libspace                          0x08000275   Thumb Code     8  libspace.o(.text)
    __user_perproc_libspace                  0x08000275   Thumb Code     0  libspace.o(.text)
    __user_perthread_libspace                0x08000275   Thumb Code     0  libspace.o(.text)
    ADC_Cmd                                  0x0800027d   Thumb Code    22  stm32f10x_adc.o(i.ADC_Cmd)
    ADC_DeInit                               0x08000295   Thumb Code    78  stm32f10x_adc.o(i.ADC_DeInit)
    ADC_GetCalibrationStatus                 0x080002f1   Thumb Code    20  stm32f10x_adc.o(i.ADC_GetCalibrationStatus)
    ADC_GetConversionValue                   0x08000305   Thumb Code     8  stm32f10x_adc.o(i.ADC_GetConversionValue)
    ADC_GetFlagStatus                        0x0800030d   Thumb Code    18  stm32f10x_adc.o(i.ADC_GetFlagStatus)
    ADC_GetResetCalibrationStatus            0x0800031f   Thumb Code    20  stm32f10x_adc.o(i.ADC_GetResetCalibrationStatus)
    ADC_Init                                 0x08000335   Thumb Code    70  stm32f10x_adc.o(i.ADC_Init)
    ADC_RegularChannelConfig                 0x08000385   Thumb Code   184  stm32f10x_adc.o(i.ADC_RegularChannelConfig)
    ADC_ResetCalibration                     0x0800043d   Thumb Code    10  stm32f10x_adc.o(i.ADC_ResetCalibration)
    ADC_SoftwareStartConvCmd                 0x08000447   Thumb Code    22  stm32f10x_adc.o(i.ADC_SoftwareStartConvCmd)
    ADC_StartCalibration                     0x0800045d   Thumb Code    10  stm32f10x_adc.o(i.ADC_StartCalibration)
    Adc_Init                                 0x08000469   Thumb Code   218  adc.o(i.Adc_Init)
    Auto_run                                 0x08000551   Thumb Code   838  control.o(i.Auto_run)
    BKP_TamperPinCmd                         0x0800093d   Thumb Code     6  stm32f10x_bkp.o(i.BKP_TamperPinCmd)
    Balance                                  0x08000949   Thumb Code   100  control.o(i.Balance)
    BusFault_Handler                         0x080009c9   Thumb Code     4  stm32f10x_it.o(i.BusFault_Handler)
    DataScope                                0x080009cd   Thumb Code   106  show.o(i.DataScope)
    DataScope_Data_Generate                  0x08000a51   Thumb Code   148  datascope_dp.o(i.DataScope_Data_Generate)
    DataScope_Get_Channel_Data               0x08000ae9   Thumb Code   158  datascope_dp.o(i.DataScope_Get_Channel_Data)
    DebugMon_Handler                         0x08000b8d   Thumb Code     2  stm32f10x_it.o(i.DebugMon_Handler)
    EXTI15_10_IRQHandler                     0x08000b91   Thumb Code   360  exti.o(i.EXTI15_10_IRQHandler)
    EXTI9_5_IRQHandler                       0x08000d25   Thumb Code   104  exti.o(i.EXTI9_5_IRQHandler)
    EXTI_ClearITPendingBit                   0x08000d9d   Thumb Code     6  stm32f10x_exti.o(i.EXTI_ClearITPendingBit)
    EXTI_Init                                0x08000da9   Thumb Code   142  stm32f10x_exti.o(i.EXTI_Init)
    Encoder_Init_TIM4                        0x08000e3d   Thumb Code   150  encoder.o(i.Encoder_Init_TIM4)
    Find_Zero                                0x08000edd   Thumb Code   306  control.o(i.Find_Zero)
    Float2Byte                               0x08001055   Thumb Code    28  datascope_dp.o(i.Float2Byte)
    GPIO_EXTILineConfig                      0x08001071   Thumb Code    60  stm32f10x_gpio.o(i.GPIO_EXTILineConfig)
    GPIO_Init                                0x080010b1   Thumb Code   278  stm32f10x_gpio.o(i.GPIO_Init)
    GPIO_ResetBits                           0x080011c7   Thumb Code     4  stm32f10x_gpio.o(i.GPIO_ResetBits)
    GPIO_SetBits                             0x080011cb   Thumb Code     4  stm32f10x_gpio.o(i.GPIO_SetBits)
    Get_Adc                                  0x080011d1   Thumb Code    68  adc.o(i.Get_Adc)
    Get_Adc2                                 0x08001219   Thumb Code    68  adc.o(i.Get_Adc2)
    Get_Adc_Average                          0x08001261   Thumb Code    46  adc.o(i.Get_Adc_Average)
    Get_D_Angle_Balance                      0x08001291   Thumb Code    66  control.o(i.Get_D_Angle_Balance)
    Get_battery_volt                         0x080012e5   Thumb Code    90  adc.o(i.Get_battery_volt)
    HardFault_Handler                        0x08001355   Thumb Code     4  stm32f10x_it.o(i.HardFault_Handler)
    Incremental_PI                           0x08001359   Thumb Code   110  control.o(i.Incremental_PI)
    JTAG_Set                                 0x080013dd   Thumb Code    38  sys.o(i.JTAG_Set)
    KEY_Init                                 0x0800140d   Thumb Code    34  key.o(i.KEY_Init)
    Key                                      0x08001435   Thumb Code   202  control.o(i.Key)
    LED_Init                                 0x0800151d   Thumb Code    44  led.o(i.LED_Init)
    Led_Flash                                0x0800154d   Thumb Code    44  led.o(i.Led_Flash)
    Long_Press                               0x08001585   Thumb Code    72  key.o(i.Long_Press)
    Long_Press_KEY2                          0x080015d9   Thumb Code    72  key.o(i.Long_Press_KEY2)
    Mean_Filter                              0x0800162d   Thumb Code    74  control.o(i.Mean_Filter)
    MemManage_Handler                        0x0800167d   Thumb Code     4  stm32f10x_it.o(i.MemManage_Handler)
    MiniBalance_EXTI_Init                    0x08001681   Thumb Code   220  exti.o(i.MiniBalance_EXTI_Init)
    MiniBalance_Motor_Init                   0x0800175d   Thumb Code    50  motor.o(i.MiniBalance_Motor_Init)
    MiniBalance_PWM_Init                     0x08001795   Thumb Code   148  motor.o(i.MiniBalance_PWM_Init)
    NMI_Handler                              0x08001831   Thumb Code     2  stm32f10x_it.o(i.NMI_Handler)
    NVIC_Init                                0x08001835   Thumb Code   100  misc.o(i.NVIC_Init)
    NVIC_PriorityGroupConfig                 0x080018a5   Thumb Code    10  misc.o(i.NVIC_PriorityGroupConfig)
    OLED_Clear                               0x080018b9   Thumb Code    42  oled.o(i.OLED_Clear)
    OLED_DrawPoint                           0x080018e9   Thumb Code   100  oled.o(i.OLED_DrawPoint)
    OLED_Init                                0x08001951   Thumb Code   322  oled.o(i.OLED_Init)
    OLED_Refresh_Gram                        0x08001aa5   Thumb Code    70  oled.o(i.OLED_Refresh_Gram)
    OLED_ShowChar                            0x08001af1   Thumb Code   158  oled.o(i.OLED_ShowChar)
    OLED_ShowChinese                         0x08001b99   Thumb Code   126  oled.o(i.OLED_ShowChinese)
    OLED_ShowChinese_12                      0x08001c1d   Thumb Code   130  oled.o(i.OLED_ShowChinese_12)
    OLED_ShowNumber                          0x08001ca5   Thumb Code   148  oled.o(i.OLED_ShowNumber)
    OLED_ShowString                          0x08001d39   Thumb Code    68  oled.o(i.OLED_ShowString)
    OLED_WR_Byte                             0x08001d7d   Thumb Code    78  oled.o(i.OLED_WR_Byte)
    PWR_BackupAccessCmd                      0x08001dd5   Thumb Code     6  stm32f10x_pwr.o(i.PWR_BackupAccessCmd)
    PendSV_Handler                           0x08001de1   Thumb Code     2  stm32f10x_it.o(i.PendSV_Handler)
    Position                                 0x08001de5   Thumb Code   176  control.o(i.Position)
    Position_PID                             0x08001ec1   Thumb Code   174  control.o(i.Position_PID)
    Pre_Position                             0x08001f99   Thumb Code    86  control.o(i.Pre_Position)
    RCC_ADCCLKConfig                         0x0800200d   Thumb Code    18  stm32f10x_rcc.o(i.RCC_ADCCLKConfig)
    RCC_APB1PeriphClockCmd                   0x08002025   Thumb Code    26  stm32f10x_rcc.o(i.RCC_APB1PeriphClockCmd)
    RCC_APB2PeriphClockCmd                   0x08002045   Thumb Code    26  stm32f10x_rcc.o(i.RCC_APB2PeriphClockCmd)
    RCC_APB2PeriphResetCmd                   0x08002065   Thumb Code    26  stm32f10x_rcc.o(i.RCC_APB2PeriphResetCmd)
    RCC_GetClocksFreq                        0x08002085   Thumb Code   192  stm32f10x_rcc.o(i.RCC_GetClocksFreq)
    RCC_LSEConfig                            0x08002159   Thumb Code    46  stm32f10x_rcc.o(i.RCC_LSEConfig)
    Read_Encoder                             0x0800218d   Thumb Code    50  encoder.o(i.Read_Encoder)
    SVC_Handler                              0x080021c9   Thumb Code     2  stm32f10x_it.o(i.SVC_Handler)
    Set_Pwm                                  0x080022b5   Thumb Code    50  control.o(i.Set_Pwm)
    SysTick_CLKSourceConfig                  0x080022f5   Thumb Code    40  misc.o(i.SysTick_CLKSourceConfig)
    SysTick_Handler                          0x0800231d   Thumb Code     2  stm32f10x_it.o(i.SysTick_Handler)
    SystemInit                               0x08002321   Thumb Code    78  system_stm32f10x.o(i.SystemInit)
    TIM1_UP_IRQHandler                       0x080025c1   Thumb Code   418  control.o(i.TIM1_UP_IRQHandler)
    TIM4_IRQHandler                          0x080027b9   Thumb Code    18  encoder.o(i.TIM4_IRQHandler)
    TIM_ARRPreloadConfig                     0x080027d1   Thumb Code    24  stm32f10x_tim.o(i.TIM_ARRPreloadConfig)
    TIM_ClearFlag                            0x080027e9   Thumb Code     6  stm32f10x_tim.o(i.TIM_ClearFlag)
    TIM_ClearITPendingBit                    0x080027ef   Thumb Code     6  stm32f10x_tim.o(i.TIM_ClearITPendingBit)
    TIM_Cmd                                  0x080027f5   Thumb Code    24  stm32f10x_tim.o(i.TIM_Cmd)
    TIM_EncoderInterfaceConfig               0x0800280d   Thumb Code    66  stm32f10x_tim.o(i.TIM_EncoderInterfaceConfig)
    TIM_GetITStatus                          0x0800284f   Thumb Code    34  stm32f10x_tim.o(i.TIM_GetITStatus)
    TIM_ICInit                               0x08002871   Thumb Code   150  stm32f10x_tim.o(i.TIM_ICInit)
    TIM_ICStructInit                         0x0800291d   Thumb Code    18  stm32f10x_tim.o(i.TIM_ICStructInit)
    TIM_ITConfig                             0x0800292f   Thumb Code    18  stm32f10x_tim.o(i.TIM_ITConfig)
    TIM_OC4Init                              0x08002941   Thumb Code   114  stm32f10x_tim.o(i.TIM_OC4Init)
    TIM_OC4PreloadConfig                     0x080029bd   Thumb Code    26  stm32f10x_tim.o(i.TIM_OC4PreloadConfig)
    TIM_SetCounter                           0x080029d7   Thumb Code     4  stm32f10x_tim.o(i.TIM_SetCounter)
    TIM_SetIC1Prescaler                      0x080029db   Thumb Code    18  stm32f10x_tim.o(i.TIM_SetIC1Prescaler)
    TIM_SetIC2Prescaler                      0x080029ed   Thumb Code    26  stm32f10x_tim.o(i.TIM_SetIC2Prescaler)
    TIM_SetIC3Prescaler                      0x08002a07   Thumb Code    18  stm32f10x_tim.o(i.TIM_SetIC3Prescaler)
    TIM_SetIC4Prescaler                      0x08002a19   Thumb Code    26  stm32f10x_tim.o(i.TIM_SetIC4Prescaler)
    TIM_TimeBaseInit                         0x08002a35   Thumb Code   122  stm32f10x_tim.o(i.TIM_TimeBaseInit)
    TIM_TimeBaseStructInit                   0x08002ad9   Thumb Code    18  stm32f10x_tim.o(i.TIM_TimeBaseStructInit)
    Timer1_Init                              0x08002aed   Thumb Code    88  timer.o(i.Timer1_Init)
    Tips                                     0x08002b49   Thumb Code   612  check.o(i.Tips)
    Turn_Off                                 0x08002dd5   Thumb Code    76  control.o(i.Turn_Off)
    USART1_IRQHandler                        0x08002e39   Thumb Code   122  usart.o(i.USART1_IRQHandler)
    USART_Cmd                                0x08002ec1   Thumb Code    24  stm32f10x_usart.o(i.USART_Cmd)
    USART_GetITStatus                        0x08002ed9   Thumb Code    84  stm32f10x_usart.o(i.USART_GetITStatus)
    USART_ITConfig                           0x08002f2d   Thumb Code    74  stm32f10x_usart.o(i.USART_ITConfig)
    USART_Init                               0x08002f79   Thumb Code   210  stm32f10x_usart.o(i.USART_Init)
    USART_ReceiveData                        0x08003051   Thumb Code    10  stm32f10x_usart.o(i.USART_ReceiveData)
    UsageFault_Handler                       0x0800305b   Thumb Code     4  stm32f10x_it.o(i.UsageFault_Handler)
    Xianfu_Pwm                               0x08003061   Thumb Code    34  control.o(i.Xianfu_Pwm)
    _sys_exit                                0x08003089   Thumb Code     4  usart.o(i._sys_exit)
    check_display                            0x0800308d   Thumb Code   358  show.o(i.check_display)
    click                                    0x080031f9   Thumb Code    86  key.o(i.click)
    click_N_Double                           0x08003259   Thumb Code   184  key.o(i.click_N_Double)
    delay_init                               0x08003329   Thumb Code    50  delay.o(i.delay_init)
    delay_ms                                 0x0800336d   Thumb Code    72  delay.o(i.delay_ms)
    delay_us                                 0x080033b9   Thumb Code    72  delay.o(i.delay_us)
    fail_display                             0x08003405   Thumb Code   128  show.o(i.fail_display)
    main                                     0x08003485   Thumb Code   116  main.o(i.main)
    myabs                                    0x080034fd   Thumb Code    14  control.o(i.myabs)
    oled_pow                                 0x0800350b   Thumb Code    22  oled.o(i.oled_pow)
    oled_show                                0x08003521   Thumb Code  1160  show.o(i.oled_show)
    show_Tips                                0x080039a9   Thumb Code   380  show.o(i.show_Tips)
    step_0                                   0x08003b25   Thumb Code   452  show.o(i.step_0)
    step_1                                   0x08003ce9   Thumb Code   440  show.o(i.step_1)
    step_2                                   0x08003ea1   Thumb Code   476  show.o(i.step_2)
    step_3                                   0x0800407d   Thumb Code   286  show.o(i.step_3)
    success_display                          0x080041a1   Thumb Code   176  show.o(i.success_display)
    uart_init                                0x08004251   Thumb Code   152  usart.o(i.uart_init)
    __aeabi_d2f                              0x080042f1   Thumb Code     0  d2f.o(x$fpl$d2f)
    _d2f                                     0x080042f1   Thumb Code    98  d2f.o(x$fpl$d2f)
    __aeabi_dadd                             0x08004355   Thumb Code     0  daddsub_clz.o(x$fpl$dadd)
    _dadd                                    0x08004355   Thumb Code   332  daddsub_clz.o(x$fpl$dadd)
    __aeabi_ddiv                             0x080044a5   Thumb Code     0  ddiv.o(x$fpl$ddiv)
    _ddiv                                    0x080044a5   Thumb Code   552  ddiv.o(x$fpl$ddiv)
    __aeabi_d2iz                             0x08004755   Thumb Code     0  dfix.o(x$fpl$dfix)
    _dfix                                    0x08004755   Thumb Code    94  dfix.o(x$fpl$dfix)
    __aeabi_ui2d                             0x080047b3   Thumb Code     0  dflt_clz.o(x$fpl$dfltu)
    _dfltu                                   0x080047b3   Thumb Code    38  dflt_clz.o(x$fpl$dfltu)
    __aeabi_dmul                             0x080047d9   Thumb Code     0  dmul.o(x$fpl$dmul)
    _dmul                                    0x080047d9   Thumb Code   332  dmul.o(x$fpl$dmul)
    __fpl_dnaninf                            0x0800492d   Thumb Code   156  dnaninf.o(x$fpl$dnaninf)
    __fpl_dretinf                            0x080049c9   Thumb Code    12  dretinf.o(x$fpl$dretinf)
    __aeabi_dsub                             0x080049d5   Thumb Code     0  daddsub_clz.o(x$fpl$dsub)
    _dsub                                    0x080049d5   Thumb Code   464  daddsub_clz.o(x$fpl$dsub)
    __aeabi_f2d                              0x08004ba9   Thumb Code     0  f2d.o(x$fpl$f2d)
    _f2d                                     0x08004ba9   Thumb Code    86  f2d.o(x$fpl$f2d)
    __aeabi_fadd                             0x08004c01   Thumb Code     0  faddsub_clz.o(x$fpl$fadd)
    _fadd                                    0x08004c01   Thumb Code   196  faddsub_clz.o(x$fpl$fadd)
    __fpl_fcmp_Inf                           0x08004cc5   Thumb Code    24  fcmpi.o(x$fpl$fcmpinf)
    __aeabi_fdiv                             0x08004cdd   Thumb Code     0  fdiv.o(x$fpl$fdiv)
    _fdiv                                    0x08004cdd   Thumb Code   384  fdiv.o(x$fpl$fdiv)
    __aeabi_cfcmpeq                          0x08004e61   Thumb Code     0  feqf.o(x$fpl$feqf)
    _fcmpeq                                  0x08004e61   Thumb Code   104  feqf.o(x$fpl$feqf)
    __aeabi_f2iz                             0x08004ec9   Thumb Code     0  ffix.o(x$fpl$ffix)
    _ffix                                    0x08004ec9   Thumb Code    54  ffix.o(x$fpl$ffix)
    __aeabi_f2uiz                            0x08004f01   Thumb Code     0  ffixu.o(x$fpl$ffixu)
    _ffixu                                   0x08004f01   Thumb Code    62  ffixu.o(x$fpl$ffixu)
    __aeabi_i2f                              0x08004f41   Thumb Code     0  fflt_clz.o(x$fpl$fflt)
    _fflt                                    0x08004f41   Thumb Code    48  fflt_clz.o(x$fpl$fflt)
    __aeabi_ui2f                             0x08004f71   Thumb Code     0  fflt_clz.o(x$fpl$ffltu)
    _ffltu                                   0x08004f71   Thumb Code    38  fflt_clz.o(x$fpl$ffltu)
    __aeabi_cfcmple                          0x08004f99   Thumb Code     0  fleqf.o(x$fpl$fleqf)
    _fcmple                                  0x08004f99   Thumb Code   104  fleqf.o(x$fpl$fleqf)
    __fpl_fcmple_InfNaN                      0x08004feb   Thumb Code     0  fleqf.o(x$fpl$fleqf)
    __aeabi_fmul                             0x08005001   Thumb Code     0  fmul.o(x$fpl$fmul)
    _fmul                                    0x08005001   Thumb Code   258  fmul.o(x$fpl$fmul)
    __fpl_fnaninf                            0x08005103   Thumb Code   140  fnaninf.o(x$fpl$fnaninf)
    __fpl_fretinf                            0x0800518f   Thumb Code    10  fretinf.o(x$fpl$fretinf)
    __aeabi_cfrcmple                         0x08005199   Thumb Code     0  frleqf.o(x$fpl$frleqf)
    _frcmple                                 0x08005199   Thumb Code    98  frleqf.o(x$fpl$frleqf)
    __aeabi_fsub                             0x080051fd   Thumb Code     0  faddsub_clz.o(x$fpl$fsub)
    _fsub                                    0x080051fd   Thumb Code   234  faddsub_clz.o(x$fpl$fsub)
    __I$use$fp                               0x080052e6   Number         0  usenofp.o(x$fpl$usenofp)
    oled_asc2_1206                           0x080052e8   Data        1140  oled.o(.constdata)
    oled_asc2_1608                           0x0800575c   Data        1520  oled.o(.constdata)
    asc2_Chinese                             0x08005d4c   Data        2816  oled.o(.constdata)
    asc2_Chinese_12                          0x0800684c   Data       11760  oled.o(.constdata)
    Region$$Table$$Base                      0x0800963c   Number         0  anon$$obj.o(Region$$Table)
    Region$$Table$$Limit                     0x0800965c   Number         0  anon$$obj.o(Region$$Table)
    Flag_Stop                                0x20000000   Data           1  main.o(.data)
    delay_50                                 0x20000001   Data           1  main.o(.data)
    delay_flag                               0x20000002   Data           1  main.o(.data)
    system_start                             0x20000003   Data           1  main.o(.data)
    tips_flag                                0x20000004   Data           1  main.o(.data)
    Encoder                                  0x20000008   Data           4  main.o(.data)
    Position_Zero                            0x2000000c   Data           4  main.o(.data)
    Moto                                     0x20000010   Data           4  main.o(.data)
    Voltage                                  0x20000014   Data           4  main.o(.data)
    Angle_Balance                            0x20000018   Data           4  main.o(.data)
    Balance_KP                               0x2000001c   Data           4  main.o(.data)
    Balance_KD                               0x20000020   Data           4  main.o(.data)
    Position_KP                              0x20000024   Data           4  main.o(.data)
    Position_KD                              0x20000028   Data           4  main.o(.data)
    Menu                                     0x2000002c   Data           4  main.o(.data)
    Amplitude1                               0x20000030   Data           4  main.o(.data)
    Amplitude2                               0x20000034   Data           4  main.o(.data)
    Amplitude3                               0x20000038   Data           4  main.o(.data)
    Amplitude4                               0x2000003c   Data           4  main.o(.data)
    SystemCoreClock                          0x20000040   Data           4  system_stm32f10x.o(.data)
    AHBPrescTable                            0x20000044   Data          16  system_stm32f10x.o(.data)
    __stdout                                 0x2000006c   Data           4  usart.o(.data)
    USART_RX_STA                             0x20000070   Data           2  usart.o(.data)
    Balance_Pwm                              0x2000008c   Data           4  control.o(.data)
    Position_Pwm                             0x20000090   Data           4  control.o(.data)
    Position_Target                          0x20000094   Data           1  control.o(.data)
    Swing_up                                 0x20000095   Data           1  control.o(.data)
    Bias                                     0x20000098   Data           4  control.o(.data)
    Last_Bias                                0x2000009c   Data           4  control.o(.data)
    D_Bias                                   0x200000a0   Data           4  control.o(.data)
    balance                                  0x200000a4   Data           4  control.o(.data)
    Position_PWM                             0x200000a8   Data           4  control.o(.data)
    Last_Position                            0x200000ac   Data           4  control.o(.data)
    Position_Bias                            0x200000b0   Data           4  control.o(.data)
    Position_Differential                    0x200000b4   Data           4  control.o(.data)
    Position_Least                           0x200000b8   Data           4  control.o(.data)
    auto_run                                 0x200000bc   Data           1  control.o(.data)
    autorun_step0                            0x200000bd   Data           1  control.o(.data)
    autorun_step1                            0x200000be   Data           1  control.o(.data)
    autorun_step2                            0x200000bf   Data           1  control.o(.data)
    Target_Position                          0x200000c0   Data           4  control.o(.data)
    D_Angle_Balance                          0x200000c4   Data           4  control.o(.data)
    success_count                            0x200000c8   Data           4  control.o(.data)
    success_flag                             0x200000cc   Data           1  control.o(.data)
    wait_count                               0x200000d0   Data           4  control.o(.data)
    D_Count                                  0x200000d4   Data           4  control.o(.data)
    Last_Angle_Balance                       0x200000d8   Data           4  control.o(.data)
    left                                     0x200000dc   Data           1  control.o(.data)
    right                                    0x200000dd   Data           1  control.o(.data)
    i                                        0x20000118   Data           1  show.o(.data)
    temp                                     0x20000119   Data           1  show.o(.data)
    Send_Count                               0x2000011a   Data           1  show.o(.data)
    Vol                                      0x2000011c   Data           4  show.o(.data)
    USART_RX_BUF                             0x20000124   Data         200  usart.o(.bss)
    OLED_GRAM                                0x200001ec   Data        1024  oled.o(.bss)
    DataScope_OutPut_Buffer                  0x200005ec   Data          42  datascope_dp.o(.bss)
    __libspace_start                         0x20000618   Data          96  libspace.o(.bss)
    __temporary_stack_top$libspace           0x20000678   Data           0  libspace.o(.bss)



==============================================================================

Memory Map of the image

  Image Entry point : 0x08000131

  Load Region LR_IROM1 (Base: 0x08000000, Size: 0x00009780, Max: 0x00010000, ABSOLUTE)

    Execution Region ER_IROM1 (Exec base: 0x08000000, Load base: 0x08000000, Size: 0x0000965c, Max: 0x00010000, ABSOLUTE)

    Exec Addr    Load Addr    Size         Type   Attr      Idx    E Section Name        Object

    0x08000000   0x08000000   0x00000130   Data   RO          263    RESET               startup_stm32f10x_hd.o
    0x08000130   0x08000130   0x00000008   Code   RO         3867  * !!!main             c_w.l(__main.o)
    0x08000138   0x08000138   0x00000034   Code   RO         4093    !!!scatter          c_w.l(__scatter.o)
    0x0800016c   0x0800016c   0x0000001a   Code   RO         4095    !!handler_copy      c_w.l(__scatter_copy.o)
    0x08000186   0x08000186   0x00000002   PAD
    0x08000188   0x08000188   0x0000001c   Code   RO         4097    !!handler_zi        c_w.l(__scatter_zi.o)
    0x080001a4   0x080001a4   0x00000002   Code   RO         3965    .ARM.Collect$$libinit$$00000000  c_w.l(libinit.o)
    0x080001a6   0x080001a6   0x00000000   Code   RO         3972    .ARM.Collect$$libinit$$00000002  c_w.l(libinit2.o)
    0x080001a6   0x080001a6   0x00000000   Code   RO         3974    .ARM.Collect$$libinit$$00000004  c_w.l(libinit2.o)
    0x080001a6   0x080001a6   0x00000000   Code   RO         3977    .ARM.Collect$$libinit$$0000000A  c_w.l(libinit2.o)
    0x080001a6   0x080001a6   0x00000000   Code   RO         3979    .ARM.Collect$$libinit$$0000000C  c_w.l(libinit2.o)
    0x080001a6   0x080001a6   0x00000000   Code   RO         3981    .ARM.Collect$$libinit$$0000000E  c_w.l(libinit2.o)
    0x080001a6   0x080001a6   0x00000000   Code   RO         3984    .ARM.Collect$$libinit$$00000011  c_w.l(libinit2.o)
    0x080001a6   0x080001a6   0x00000000   Code   RO         3986    .ARM.Collect$$libinit$$00000013  c_w.l(libinit2.o)
    0x080001a6   0x080001a6   0x00000000   Code   RO         3988    .ARM.Collect$$libinit$$00000015  c_w.l(libinit2.o)
    0x080001a6   0x080001a6   0x00000000   Code   RO         3990    .ARM.Collect$$libinit$$00000017  c_w.l(libinit2.o)
    0x080001a6   0x080001a6   0x00000000   Code   RO         3992    .ARM.Collect$$libinit$$00000019  c_w.l(libinit2.o)
    0x080001a6   0x080001a6   0x00000000   Code   RO         3994    .ARM.Collect$$libinit$$0000001B  c_w.l(libinit2.o)
    0x080001a6   0x080001a6   0x00000000   Code   RO         3996    .ARM.Collect$$libinit$$0000001D  c_w.l(libinit2.o)
    0x080001a6   0x080001a6   0x00000000   Code   RO         3998    .ARM.Collect$$libinit$$0000001F  c_w.l(libinit2.o)
    0x080001a6   0x080001a6   0x00000000   Code   RO         4000    .ARM.Collect$$libinit$$00000021  c_w.l(libinit2.o)
    0x080001a6   0x080001a6   0x00000000   Code   RO         4002    .ARM.Collect$$libinit$$00000023  c_w.l(libinit2.o)
    0x080001a6   0x080001a6   0x00000000   Code   RO         4004    .ARM.Collect$$libinit$$00000025  c_w.l(libinit2.o)
    0x080001a6   0x080001a6   0x00000000   Code   RO         4008    .ARM.Collect$$libinit$$0000002C  c_w.l(libinit2.o)
    0x080001a6   0x080001a6   0x00000000   Code   RO         4010    .ARM.Collect$$libinit$$0000002E  c_w.l(libinit2.o)
    0x080001a6   0x080001a6   0x00000000   Code   RO         4012    .ARM.Collect$$libinit$$00000030  c_w.l(libinit2.o)
    0x080001a6   0x080001a6   0x00000000   Code   RO         4014    .ARM.Collect$$libinit$$00000032  c_w.l(libinit2.o)
    0x080001a6   0x080001a6   0x00000002   Code   RO         4015    .ARM.Collect$$libinit$$00000033  c_w.l(libinit2.o)
    0x080001a8   0x080001a8   0x00000002   Code   RO         4033    .ARM.Collect$$libshutdown$$00000000  c_w.l(libshutdown.o)
    0x080001aa   0x080001aa   0x00000000   Code   RO         4043    .ARM.Collect$$libshutdown$$00000002  c_w.l(libshutdown2.o)
    0x080001aa   0x080001aa   0x00000000   Code   RO         4045    .ARM.Collect$$libshutdown$$00000004  c_w.l(libshutdown2.o)
    0x080001aa   0x080001aa   0x00000000   Code   RO         4047    .ARM.Collect$$libshutdown$$00000006  c_w.l(libshutdown2.o)
    0x080001aa   0x080001aa   0x00000000   Code   RO         4050    .ARM.Collect$$libshutdown$$00000009  c_w.l(libshutdown2.o)
    0x080001aa   0x080001aa   0x00000000   Code   RO         4053    .ARM.Collect$$libshutdown$$0000000C  c_w.l(libshutdown2.o)
    0x080001aa   0x080001aa   0x00000000   Code   RO         4055    .ARM.Collect$$libshutdown$$0000000E  c_w.l(libshutdown2.o)
    0x080001aa   0x080001aa   0x00000000   Code   RO         4058    .ARM.Collect$$libshutdown$$00000011  c_w.l(libshutdown2.o)
    0x080001aa   0x080001aa   0x00000002   Code   RO         4059    .ARM.Collect$$libshutdown$$00000012  c_w.l(libshutdown2.o)
    0x080001ac   0x080001ac   0x00000000   Code   RO         3929    .ARM.Collect$$rtentry$$00000000  c_w.l(__rtentry.o)
    0x080001ac   0x080001ac   0x00000000   Code   RO         3942    .ARM.Collect$$rtentry$$00000002  c_w.l(__rtentry2.o)
    0x080001ac   0x080001ac   0x00000006   Code   RO         3954    .ARM.Collect$$rtentry$$00000004  c_w.l(__rtentry4.o)
    0x080001b2   0x080001b2   0x00000000   Code   RO         3944    .ARM.Collect$$rtentry$$00000009  c_w.l(__rtentry2.o)
    0x080001b2   0x080001b2   0x00000004   Code   RO         3945    .ARM.Collect$$rtentry$$0000000A  c_w.l(__rtentry2.o)
    0x080001b6   0x080001b6   0x00000000   Code   RO         3947    .ARM.Collect$$rtentry$$0000000C  c_w.l(__rtentry2.o)
    0x080001b6   0x080001b6   0x00000008   Code   RO         3948    .ARM.Collect$$rtentry$$0000000D  c_w.l(__rtentry2.o)
    0x080001be   0x080001be   0x00000002   Code   RO         3969    .ARM.Collect$$rtexit$$00000000  c_w.l(rtexit.o)
    0x080001c0   0x080001c0   0x00000000   Code   RO         4017    .ARM.Collect$$rtexit$$00000002  c_w.l(rtexit2.o)
    0x080001c0   0x080001c0   0x00000004   Code   RO         4018    .ARM.Collect$$rtexit$$00000003  c_w.l(rtexit2.o)
    0x080001c4   0x080001c4   0x00000006   Code   RO         4019    .ARM.Collect$$rtexit$$00000004  c_w.l(rtexit2.o)
    0x080001ca   0x080001ca   0x00000002   PAD
    0x080001cc   0x080001cc   0x00000040   Code   RO          264    .text               startup_stm32f10x_hd.o
    0x0800020c   0x0800020c   0x00000002   Code   RO         3863    .text               c_w.l(use_no_semi_2.o)
    0x0800020e   0x0800020e   0x00000006   Code   RO         3865    .text               c_w.l(heapauxi.o)
    0x08000214   0x08000214   0x00000002   Code   RO         3927    .text               c_w.l(use_no_semi.o)
    0x08000216   0x08000216   0x0000004a   Code   RO         3956    .text               c_w.l(sys_stackheap_outer.o)
    0x08000260   0x08000260   0x00000012   Code   RO         3958    .text               c_w.l(exit.o)
    0x08000272   0x08000272   0x00000002   PAD
    0x08000274   0x08000274   0x00000008   Code   RO         3966    .text               c_w.l(libspace.o)
    0x0800027c   0x0800027c   0x00000016   Code   RO          336    i.ADC_Cmd           stm32f10x_adc.o
    0x08000292   0x08000292   0x00000002   PAD
    0x08000294   0x08000294   0x0000005c   Code   RO          338    i.ADC_DeInit        stm32f10x_adc.o
    0x080002f0   0x080002f0   0x00000014   Code   RO          344    i.ADC_GetCalibrationStatus  stm32f10x_adc.o
    0x08000304   0x08000304   0x00000008   Code   RO          345    i.ADC_GetConversionValue  stm32f10x_adc.o
    0x0800030c   0x0800030c   0x00000012   Code   RO          347    i.ADC_GetFlagStatus  stm32f10x_adc.o
    0x0800031e   0x0800031e   0x00000014   Code   RO          350    i.ADC_GetResetCalibrationStatus  stm32f10x_adc.o
    0x08000332   0x08000332   0x00000002   PAD
    0x08000334   0x08000334   0x00000050   Code   RO          354    i.ADC_Init          stm32f10x_adc.o
    0x08000384   0x08000384   0x000000b8   Code   RO          358    i.ADC_RegularChannelConfig  stm32f10x_adc.o
    0x0800043c   0x0800043c   0x0000000a   Code   RO          359    i.ADC_ResetCalibration  stm32f10x_adc.o
    0x08000446   0x08000446   0x00000016   Code   RO          361    i.ADC_SoftwareStartConvCmd  stm32f10x_adc.o
    0x0800045c   0x0800045c   0x0000000a   Code   RO          363    i.ADC_StartCalibration  stm32f10x_adc.o
    0x08000466   0x08000466   0x00000002   PAD
    0x08000468   0x08000468   0x000000e8   Code   RO         3528    i.Adc_Init          adc.o
    0x08000550   0x08000550   0x000003ec   Code   RO         3642    i.Auto_run          control.o
    0x0800093c   0x0800093c   0x0000000c   Code   RO          561    i.BKP_TamperPinCmd  stm32f10x_bkp.o
    0x08000948   0x08000948   0x00000080   Code   RO         3643    i.Balance           control.o
    0x080009c8   0x080009c8   0x00000004   Code   RO          153    i.BusFault_Handler  stm32f10x_it.o
    0x080009cc   0x080009cc   0x00000084   Code   RO         3748    i.DataScope         show.o
    0x08000a50   0x08000a50   0x00000098   Code   RO         3818    i.DataScope_Data_Generate  datascope_dp.o
    0x08000ae8   0x08000ae8   0x000000a4   Code   RO         3819    i.DataScope_Get_Channel_Data  datascope_dp.o
    0x08000b8c   0x08000b8c   0x00000002   Code   RO          154    i.DebugMon_Handler  stm32f10x_it.o
    0x08000b8e   0x08000b8e   0x00000002   PAD
    0x08000b90   0x08000b90   0x00000194   Code   RO         3618    i.EXTI15_10_IRQHandler  exti.o
    0x08000d24   0x08000d24   0x00000078   Code   RO         3619    i.EXTI9_5_IRQHandler  exti.o
    0x08000d9c   0x08000d9c   0x0000000c   Code   RO         1092    i.EXTI_ClearITPendingBit  stm32f10x_exti.o
    0x08000da8   0x08000da8   0x00000094   Code   RO         1097    i.EXTI_Init         stm32f10x_exti.o
    0x08000e3c   0x08000e3c   0x000000a0   Code   RO         3594    i.Encoder_Init_TIM4  encoder.o
    0x08000edc   0x08000edc   0x00000178   Code   RO         3644    i.Find_Zero         control.o
    0x08001054   0x08001054   0x0000001c   Code   RO         3820    i.Float2Byte        datascope_dp.o
    0x08001070   0x08001070   0x00000040   Code   RO         1442    i.GPIO_EXTILineConfig  stm32f10x_gpio.o
    0x080010b0   0x080010b0   0x00000116   Code   RO         1445    i.GPIO_Init         stm32f10x_gpio.o
    0x080011c6   0x080011c6   0x00000004   Code   RO         1452    i.GPIO_ResetBits    stm32f10x_gpio.o
    0x080011ca   0x080011ca   0x00000004   Code   RO         1453    i.GPIO_SetBits      stm32f10x_gpio.o
    0x080011ce   0x080011ce   0x00000002   PAD
    0x080011d0   0x080011d0   0x00000048   Code   RO         3529    i.Get_Adc           adc.o
    0x08001218   0x08001218   0x00000048   Code   RO         3530    i.Get_Adc2          adc.o
    0x08001260   0x08001260   0x0000002e   Code   RO         3531    i.Get_Adc_Average   adc.o
    0x0800128e   0x0800128e   0x00000002   PAD
    0x08001290   0x08001290   0x00000054   Code   RO         3645    i.Get_D_Angle_Balance  control.o
    0x080012e4   0x080012e4   0x00000070   Code   RO         3532    i.Get_battery_volt  adc.o
    0x08001354   0x08001354   0x00000004   Code   RO          155    i.HardFault_Handler  stm32f10x_it.o
    0x08001358   0x08001358   0x00000084   Code   RO         3646    i.Incremental_PI    control.o
    0x080013dc   0x080013dc   0x00000030   Code   RO         3306    i.JTAG_Set          sys.o
    0x0800140c   0x0800140c   0x00000028   Code   RO         3397    i.KEY_Init          key.o
    0x08001434   0x08001434   0x000000e8   Code   RO         3647    i.Key               control.o
    0x0800151c   0x0800151c   0x00000030   Code   RO         3378    i.LED_Init          led.o
    0x0800154c   0x0800154c   0x00000038   Code   RO         3379    i.Led_Flash         led.o
    0x08001584   0x08001584   0x00000054   Code   RO         3398    i.Long_Press        key.o
    0x080015d8   0x080015d8   0x00000054   Code   RO         3399    i.Long_Press_KEY2   key.o
    0x0800162c   0x0800162c   0x00000050   Code   RO         3648    i.Mean_Filter       control.o
    0x0800167c   0x0800167c   0x00000004   Code   RO          156    i.MemManage_Handler  stm32f10x_it.o
    0x08001680   0x08001680   0x000000dc   Code   RO         3620    i.MiniBalance_EXTI_Init  exti.o
    0x0800175c   0x0800175c   0x00000038   Code   RO         3576    i.MiniBalance_Motor_Init  motor.o
    0x08001794   0x08001794   0x0000009c   Code   RO         3577    i.MiniBalance_PWM_Init  motor.o
    0x08001830   0x08001830   0x00000002   Code   RO          157    i.NMI_Handler       stm32f10x_it.o
    0x08001832   0x08001832   0x00000002   PAD
    0x08001834   0x08001834   0x00000070   Code   RO          268    i.NVIC_Init         misc.o
    0x080018a4   0x080018a4   0x00000014   Code   RO          269    i.NVIC_PriorityGroupConfig  misc.o
    0x080018b8   0x080018b8   0x00000030   Code   RO         3434    i.OLED_Clear        oled.o
    0x080018e8   0x080018e8   0x00000068   Code   RO         3437    i.OLED_DrawPoint    oled.o
    0x08001950   0x08001950   0x00000154   Code   RO         3438    i.OLED_Init         oled.o
    0x08001aa4   0x08001aa4   0x0000004c   Code   RO         3439    i.OLED_Refresh_Gram  oled.o
    0x08001af0   0x08001af0   0x000000a8   Code   RO         3440    i.OLED_ShowChar     oled.o
    0x08001b98   0x08001b98   0x00000084   Code   RO         3441    i.OLED_ShowChinese  oled.o
    0x08001c1c   0x08001c1c   0x00000088   Code   RO         3442    i.OLED_ShowChinese_12  oled.o
    0x08001ca4   0x08001ca4   0x00000094   Code   RO         3443    i.OLED_ShowNumber   oled.o
    0x08001d38   0x08001d38   0x00000044   Code   RO         3444    i.OLED_ShowString   oled.o
    0x08001d7c   0x08001d7c   0x00000058   Code   RO         3445    i.OLED_WR_Byte      oled.o
    0x08001dd4   0x08001dd4   0x0000000c   Code   RO         1799    i.PWR_BackupAccessCmd  stm32f10x_pwr.o
    0x08001de0   0x08001de0   0x00000002   Code   RO          158    i.PendSV_Handler    stm32f10x_it.o
    0x08001de2   0x08001de2   0x00000002   PAD
    0x08001de4   0x08001de4   0x000000dc   Code   RO         3649    i.Position          control.o
    0x08001ec0   0x08001ec0   0x000000d8   Code   RO         3650    i.Position_PID      control.o
    0x08001f98   0x08001f98   0x00000074   Code   RO         3651    i.Pre_Position      control.o
    0x0800200c   0x0800200c   0x00000018   Code   RO         1859    i.RCC_ADCCLKConfig  stm32f10x_rcc.o
    0x08002024   0x08002024   0x00000020   Code   RO         1861    i.RCC_APB1PeriphClockCmd  stm32f10x_rcc.o
    0x08002044   0x08002044   0x00000020   Code   RO         1863    i.RCC_APB2PeriphClockCmd  stm32f10x_rcc.o
    0x08002064   0x08002064   0x00000020   Code   RO         1864    i.RCC_APB2PeriphResetCmd  stm32f10x_rcc.o
    0x08002084   0x08002084   0x000000d4   Code   RO         1871    i.RCC_GetClocksFreq  stm32f10x_rcc.o
    0x08002158   0x08002158   0x00000034   Code   RO         1879    i.RCC_LSEConfig     stm32f10x_rcc.o
    0x0800218c   0x0800218c   0x0000003c   Code   RO         3595    i.Read_Encoder      encoder.o
    0x080021c8   0x080021c8   0x00000002   Code   RO          159    i.SVC_Handler       stm32f10x_it.o
    0x080021ca   0x080021ca   0x00000008   Code   RO          216    i.SetSysClock       system_stm32f10x.o
    0x080021d2   0x080021d2   0x00000002   PAD
    0x080021d4   0x080021d4   0x000000e0   Code   RO          217    i.SetSysClockTo72   system_stm32f10x.o
    0x080022b4   0x080022b4   0x00000040   Code   RO         3652    i.Set_Pwm           control.o
    0x080022f4   0x080022f4   0x00000028   Code   RO          272    i.SysTick_CLKSourceConfig  misc.o
    0x0800231c   0x0800231c   0x00000002   Code   RO          160    i.SysTick_Handler   stm32f10x_it.o
    0x0800231e   0x0800231e   0x00000002   PAD
    0x08002320   0x08002320   0x00000060   Code   RO          219    i.SystemInit        system_stm32f10x.o
    0x08002380   0x08002380   0x00000080   Code   RO         2479    i.TI1_Config        stm32f10x_tim.o
    0x08002400   0x08002400   0x00000098   Code   RO         2480    i.TI2_Config        stm32f10x_tim.o
    0x08002498   0x08002498   0x00000090   Code   RO         2481    i.TI3_Config        stm32f10x_tim.o
    0x08002528   0x08002528   0x00000098   Code   RO         2482    i.TI4_Config        stm32f10x_tim.o
    0x080025c0   0x080025c0   0x000001f8   Code   RO         3653    i.TIM1_UP_IRQHandler  control.o
    0x080027b8   0x080027b8   0x00000018   Code   RO         3596    i.TIM4_IRQHandler   encoder.o
    0x080027d0   0x080027d0   0x00000018   Code   RO         2483    i.TIM_ARRPreloadConfig  stm32f10x_tim.o
    0x080027e8   0x080027e8   0x00000006   Code   RO         2489    i.TIM_ClearFlag     stm32f10x_tim.o
    0x080027ee   0x080027ee   0x00000006   Code   RO         2490    i.TIM_ClearITPendingBit  stm32f10x_tim.o
    0x080027f4   0x080027f4   0x00000018   Code   RO         2495    i.TIM_Cmd           stm32f10x_tim.o
    0x0800280c   0x0800280c   0x00000042   Code   RO         2504    i.TIM_EncoderInterfaceConfig  stm32f10x_tim.o
    0x0800284e   0x0800284e   0x00000022   Code   RO         2516    i.TIM_GetITStatus   stm32f10x_tim.o
    0x08002870   0x08002870   0x000000ac   Code   RO         2518    i.TIM_ICInit        stm32f10x_tim.o
    0x0800291c   0x0800291c   0x00000012   Code   RO         2519    i.TIM_ICStructInit  stm32f10x_tim.o
    0x0800292e   0x0800292e   0x00000012   Code   RO         2520    i.TIM_ITConfig      stm32f10x_tim.o
    0x08002940   0x08002940   0x0000007c   Code   RO         2539    i.TIM_OC4Init       stm32f10x_tim.o
    0x080029bc   0x080029bc   0x0000001a   Code   RO         2541    i.TIM_OC4PreloadConfig  stm32f10x_tim.o
    0x080029d6   0x080029d6   0x00000004   Code   RO         2560    i.TIM_SetCounter    stm32f10x_tim.o
    0x080029da   0x080029da   0x00000012   Code   RO         2561    i.TIM_SetIC1Prescaler  stm32f10x_tim.o
    0x080029ec   0x080029ec   0x0000001a   Code   RO         2562    i.TIM_SetIC2Prescaler  stm32f10x_tim.o
    0x08002a06   0x08002a06   0x00000012   Code   RO         2563    i.TIM_SetIC3Prescaler  stm32f10x_tim.o
    0x08002a18   0x08002a18   0x0000001a   Code   RO         2564    i.TIM_SetIC4Prescaler  stm32f10x_tim.o
    0x08002a32   0x08002a32   0x00000002   PAD
    0x08002a34   0x08002a34   0x000000a4   Code   RO         2566    i.TIM_TimeBaseInit  stm32f10x_tim.o
    0x08002ad8   0x08002ad8   0x00000012   Code   RO         2567    i.TIM_TimeBaseStructInit  stm32f10x_tim.o
    0x08002aea   0x08002aea   0x00000002   PAD
    0x08002aec   0x08002aec   0x0000005c   Code   RO         3564    i.Timer1_Init       timer.o
    0x08002b48   0x08002b48   0x0000028c   Code   RO         3848    i.Tips              check.o
    0x08002dd4   0x08002dd4   0x00000064   Code   RO         3654    i.Turn_Off          control.o
    0x08002e38   0x08002e38   0x00000088   Code   RO         3337    i.USART1_IRQHandler  usart.o
    0x08002ec0   0x08002ec0   0x00000018   Code   RO         3031    i.USART_Cmd         stm32f10x_usart.o
    0x08002ed8   0x08002ed8   0x00000054   Code   RO         3035    i.USART_GetITStatus  stm32f10x_usart.o
    0x08002f2c   0x08002f2c   0x0000004a   Code   RO         3037    i.USART_ITConfig    stm32f10x_usart.o
    0x08002f76   0x08002f76   0x00000002   PAD
    0x08002f78   0x08002f78   0x000000d8   Code   RO         3038    i.USART_Init        stm32f10x_usart.o
    0x08003050   0x08003050   0x0000000a   Code   RO         3045    i.USART_ReceiveData  stm32f10x_usart.o
    0x0800305a   0x0800305a   0x00000004   Code   RO          161    i.UsageFault_Handler  stm32f10x_it.o
    0x0800305e   0x0800305e   0x00000002   PAD
    0x08003060   0x08003060   0x00000028   Code   RO         3655    i.Xianfu_Pwm        control.o
    0x08003088   0x08003088   0x00000004   Code   RO         3338    i._sys_exit         usart.o
    0x0800308c   0x0800308c   0x0000016c   Code   RO         3749    i.check_display     show.o
    0x080031f8   0x080031f8   0x00000060   Code   RO         3400    i.click             key.o
    0x08003258   0x08003258   0x000000d0   Code   RO         3401    i.click_N_Double    key.o
    0x08003328   0x08003328   0x00000044   Code   RO         3261    i.delay_init        delay.o
    0x0800336c   0x0800336c   0x0000004c   Code   RO         3262    i.delay_ms          delay.o
    0x080033b8   0x080033b8   0x0000004c   Code   RO         3263    i.delay_us          delay.o
    0x08003404   0x08003404   0x00000080   Code   RO         3750    i.fail_display      show.o
    0x08003484   0x08003484   0x00000078   Code   RO            1    i.main              main.o
    0x080034fc   0x080034fc   0x0000000e   Code   RO         3656    i.myabs             control.o
    0x0800350a   0x0800350a   0x00000016   Code   RO         3446    i.oled_pow          oled.o
    0x08003520   0x08003520   0x00000488   Code   RO         3751    i.oled_show         show.o
    0x080039a8   0x080039a8   0x0000017c   Code   RO         3752    i.show_Tips         show.o
    0x08003b24   0x08003b24   0x000001c4   Code   RO         3753    i.step_0            show.o
    0x08003ce8   0x08003ce8   0x000001b8   Code   RO         3754    i.step_1            show.o
    0x08003ea0   0x08003ea0   0x000001dc   Code   RO         3755    i.step_2            show.o
    0x0800407c   0x0800407c   0x00000124   Code   RO         3756    i.step_3            show.o
    0x080041a0   0x080041a0   0x000000b0   Code   RO         3757    i.success_display   show.o
    0x08004250   0x08004250   0x000000a0   Code   RO         3340    i.uart_init         usart.o
    0x080042f0   0x080042f0   0x00000062   Code   RO         3869    x$fpl$d2f           fz_ws.l(d2f.o)
    0x08004352   0x08004352   0x00000002   PAD
    0x08004354   0x08004354   0x00000150   Code   RO         3871    x$fpl$dadd          fz_ws.l(daddsub_clz.o)
    0x080044a4   0x080044a4   0x000002b0   Code   RO         3878    x$fpl$ddiv          fz_ws.l(ddiv.o)
    0x08004754   0x08004754   0x0000005e   Code   RO         3881    x$fpl$dfix          fz_ws.l(dfix.o)
    0x080047b2   0x080047b2   0x00000026   Code   RO         3885    x$fpl$dfltu         fz_ws.l(dflt_clz.o)
    0x080047d8   0x080047d8   0x00000154   Code   RO         3891    x$fpl$dmul          fz_ws.l(dmul.o)
    0x0800492c   0x0800492c   0x0000009c   Code   RO         3930    x$fpl$dnaninf       fz_ws.l(dnaninf.o)
    0x080049c8   0x080049c8   0x0000000c   Code   RO         3932    x$fpl$dretinf       fz_ws.l(dretinf.o)
    0x080049d4   0x080049d4   0x000001d4   Code   RO         3873    x$fpl$dsub          fz_ws.l(daddsub_clz.o)
    0x08004ba8   0x08004ba8   0x00000056   Code   RO         3893    x$fpl$f2d           fz_ws.l(f2d.o)
    0x08004bfe   0x08004bfe   0x00000002   PAD
    0x08004c00   0x08004c00   0x000000c4   Code   RO         3895    x$fpl$fadd          fz_ws.l(faddsub_clz.o)
    0x08004cc4   0x08004cc4   0x00000018   Code   RO         3934    x$fpl$fcmpinf       fz_ws.l(fcmpi.o)
    0x08004cdc   0x08004cdc   0x00000184   Code   RO         3902    x$fpl$fdiv          fz_ws.l(fdiv.o)
    0x08004e60   0x08004e60   0x00000068   Code   RO         3905    x$fpl$feqf          fz_ws.l(feqf.o)
    0x08004ec8   0x08004ec8   0x00000036   Code   RO         3907    x$fpl$ffix          fz_ws.l(ffix.o)
    0x08004efe   0x08004efe   0x00000002   PAD
    0x08004f00   0x08004f00   0x0000003e   Code   RO         3911    x$fpl$ffixu         fz_ws.l(ffixu.o)
    0x08004f3e   0x08004f3e   0x00000002   PAD
    0x08004f40   0x08004f40   0x00000030   Code   RO         3916    x$fpl$fflt          fz_ws.l(fflt_clz.o)
    0x08004f70   0x08004f70   0x00000026   Code   RO         3915    x$fpl$ffltu         fz_ws.l(fflt_clz.o)
    0x08004f96   0x08004f96   0x00000002   PAD
    0x08004f98   0x08004f98   0x00000068   Code   RO         3921    x$fpl$fleqf         fz_ws.l(fleqf.o)
    0x08005000   0x08005000   0x00000102   Code   RO         3923    x$fpl$fmul          fz_ws.l(fmul.o)
    0x08005102   0x08005102   0x0000008c   Code   RO         3936    x$fpl$fnaninf       fz_ws.l(fnaninf.o)
    0x0800518e   0x0800518e   0x0000000a   Code   RO         3938    x$fpl$fretinf       fz_ws.l(fretinf.o)
    0x08005198   0x08005198   0x00000062   Code   RO         3925    x$fpl$frleqf        fz_ws.l(frleqf.o)
    0x080051fa   0x080051fa   0x00000002   PAD
    0x080051fc   0x080051fc   0x000000ea   Code   RO         3897    x$fpl$fsub          fz_ws.l(faddsub_clz.o)
    0x080052e6   0x080052e6   0x00000000   Code   RO         3940    x$fpl$usenofp       fz_ws.l(usenofp.o)
    0x080052e6   0x080052e6   0x00000002   PAD
    0x080052e8   0x080052e8   0x00004354   Data   RO         3448    .constdata          oled.o
    0x0800963c   0x0800963c   0x00000020   Data   RO         4091    Region$$Table       anon$$obj.o


    Execution Region RW_IRAM1 (Exec base: 0x20000000, Load base: 0x0800965c, Size: 0x00000c78, Max: 0x00005000, ABSOLUTE)

    Exec Addr    Load Addr    Size         Type   Attr      Idx    E Section Name        Object

    0x20000000   0x0800965c   0x00000040   Data   RW            2    .data               main.o
    0x20000040   0x0800969c   0x00000014   Data   RW          220    .data               system_stm32f10x.o
    0x20000054   0x080096b0   0x00000014   Data   RW         1891    .data               stm32f10x_rcc.o
    0x20000068   0x080096c4   0x00000004   Data   RW         3264    .data               delay.o
    0x2000006c   0x080096c8   0x00000006   Data   RW         3342    .data               usart.o
    0x20000072   0x080096ce   0x00000002   PAD
    0x20000074   0x080096d0   0x00000004   Data   RW         3380    .data               led.o
    0x20000078   0x080096d4   0x00000012   Data   RW         3402    .data               key.o
    0x2000008a   0x080096e6   0x00000002   PAD
    0x2000008c   0x080096e8   0x0000008c   Data   RW         3657    .data               control.o
    0x20000118   0x08009774   0x00000008   Data   RW         3758    .data               show.o
    0x20000120   0x0800977c   0x00000002   Data   RW         3849    .data               check.o
    0x20000122   0x0800977e   0x00000002   PAD
    0x20000124        -       0x000000c8   Zero   RW         3341    .bss                usart.o
    0x200001ec        -       0x00000400   Zero   RW         3447    .bss                oled.o
    0x200005ec        -       0x0000002a   Zero   RW         3821    .bss                datascope_dp.o
    0x20000616   0x0800977e   0x00000002   PAD
    0x20000618        -       0x00000060   Zero   RW         3967    .bss                c_w.l(libspace.o)
    0x20000678        -       0x00000200   Zero   RW          262    HEAP                startup_stm32f10x_hd.o
    0x20000878        -       0x00000400   Zero   RW          261    STACK               startup_stm32f10x_hd.o


==============================================================================

Image component sizes


      Code (inc. data)   RO Data    RW Data    ZI Data      Debug   Object Name

       534         44          0          0          0       3521   adc.o
       652         40          0          2          0       1119   check.o
      3310        586          0        140          0      12667   control.o
         0          0          0          0          0         32   core_cm3.o
       344         34          0          0         42       3314   datascope_dp.o
       220         26          0          4          0       2183   delay.o
       244         26          0          0          0       2077   encoder.o
       744         60          0          0          0       2172   exti.o
       512         64          0         18          0       3567   key.o
       104         16          0          4          0       1215   led.o
       120          4          0         64          0     251882   main.o
       172         22          0          0          0     217581   misc.o
       212         14          0          0          0       1528   motor.o
      1330         66      17236          0       1024      10376   oled.o
      4000        166          0          8          0       7265   show.o
        64         26        304          0       1536        888   startup_stm32f10x_hd.o
       486         24          0          0          0       9974   stm32f10x_adc.o
        12          6          0          0          0        619   stm32f10x_bkp.o
       160         12          0          0          0       1845   stm32f10x_exti.o
       350          4          0          0          0       4222   stm32f10x_gpio.o
        26          0          0          0          0       4730   stm32f10x_it.o
        12          6          0          0          0        626   stm32f10x_pwr.o
       384         50          0         20          0       6994   stm32f10x_rcc.o
      1368        160          0          0          0      16925   stm32f10x_tim.o
       408          6          0          0          0       5678   stm32f10x_usart.o
        48         10          0          0          0        587   sys.o
       328         28          0         20          0       2657   system_stm32f10x.o
        92          4          0          0          0        770   timer.o
       300         22          0          6        200       4164   usart.o

    ----------------------------------------------------------------------
     16564       1526      17572        292       2804     581178   Object Totals
         0          0         32          0          0          0   (incl. Generated)
        28          0          0          6          2          0   (incl. Padding)

    ----------------------------------------------------------------------

      Code (inc. data)   RO Data    RW Data    ZI Data      Debug   Library Member Name

         8          0          0          0          0         68   __main.o
         0          0          0          0          0          0   __rtentry.o
        12          0          0          0          0          0   __rtentry2.o
         6          0          0          0          0          0   __rtentry4.o
        52          8          0          0          0          0   __scatter.o
        26          0          0          0          0          0   __scatter_copy.o
        28          0          0          0          0          0   __scatter_zi.o
        18          0          0          0          0         80   exit.o
         6          0          0          0          0        152   heapauxi.o
         2          0          0          0          0          0   libinit.o
         2          0          0          0          0          0   libinit2.o
         2          0          0          0          0          0   libshutdown.o
         2          0          0          0          0          0   libshutdown2.o
         8          4          0          0         96         68   libspace.o
         2          0          0          0          0          0   rtexit.o
        10          0          0          0          0          0   rtexit2.o
        74          0          0          0          0         80   sys_stackheap_outer.o
         2          0          0          0          0         68   use_no_semi.o
         2          0          0          0          0         68   use_no_semi_2.o
        98          4          0          0          0         92   d2f.o
       804         16          0          0          0        272   daddsub_clz.o
       688        140          0          0          0        208   ddiv.o
        94          4          0          0          0         92   dfix.o
        38          0          0          0          0         68   dflt_clz.o
       340         12          0          0          0        104   dmul.o
       156          4          0          0          0         92   dnaninf.o
        12          0          0          0          0         68   dretinf.o
        86          4          0          0          0         84   f2d.o
       430          8          0          0          0        168   faddsub_clz.o
        24          0          0          0          0         68   fcmpi.o
       388         76          0          0          0         96   fdiv.o
       104          4          0          0          0         84   feqf.o
        54          4          0          0          0         84   ffix.o
        62          4          0          0          0         84   ffixu.o
        86          0          0          0          0        136   fflt_clz.o
       104          4          0          0          0         84   fleqf.o
       258          4          0          0          0         84   fmul.o
       140          4          0          0          0         84   fnaninf.o
        10          0          0          0          0         68   fretinf.o
        98          0          0          0          0         68   frleqf.o
         0          0          0          0          0          0   usenofp.o

    ----------------------------------------------------------------------
      4356        304          0          0         96       2772   Library Totals
        20          0          0          0          0          0   (incl. Padding)

    ----------------------------------------------------------------------

      Code (inc. data)   RO Data    RW Data    ZI Data      Debug   Library Name

       262         12          0          0         96        584   c_w.l
      4074        292          0          0          0       2188   fz_ws.l

    ----------------------------------------------------------------------
      4356        304          0          0         96       2772   Library Totals

    ----------------------------------------------------------------------

==============================================================================


      Code (inc. data)   RO Data    RW Data    ZI Data      Debug   

     20920       1830      17572        292       2900     575730   Grand Totals
     20920       1830      17572        292       2900     575730   ELF Image Totals
     20920       1830      17572        292          0          0   ROM Totals

==============================================================================

    Total RO  Size (Code + RO Data)                38492 (  37.59kB)
    Total RW  Size (RW Data + ZI Data)              3192 (   3.12kB)
    Total ROM Size (Code + RO Data + RW Data)      38784 (  37.88kB)

==============================================================================

