<html>
<body>
<pre>
<h1>礦ision Build Log</h1>
<h2>Tool Versions:</h2>
IDE-Version: μVision V5.37.0.0
Copyright (C) 2022 ARM Ltd and ARM Germany GmbH. All rights reserved.
License Information: 1 NINGMEI 2 Flex license: MDK Essential 5.37 (Flex): 2 user(s) (mdk_essential) Support: Sep 2023
 
Tool Versions:
Toolchain:       MDK Essential 5.37 (Flex): 2 user(s)  Version: 5.37.0.0
Toolchain Path:  C:\Keil_v5\ARM\ARMCC\Bin
C Compiler:      Armcc.exe V5.06 update 7 (build 960)
Assembler:       Armasm.exe V5.06 update 7 (build 960)
Linker/Locator:  ArmLink.exe V5.06 update 7 (build 960)
Library Manager: ArmAr.exe V5.06 update 7 (build 960)
Hex Converter:   FromElf.exe V5.06 update 7 (build 960)
CPU DLL:         SARMCM3.DLL V5.37.0.0
Dialog DLL:      DARMSTM.DLL V1.69.1.0
Target DLL:      STLink\ST-LINKIII-KEIL_SWO.dll V3.0.9.0
Dialog DLL:      TARMSTM.DLL V1.67.1.0
 
<h2>Project:</h2>
C:\Users\NINGMEI\Desktop\4.WHEELTEC IP570 倒立摆STM32源码\1.直线倒立摆STM32源码\1.直线倒立摆STM32源码\4.WHEELTEC 直线倒立摆源码(基于数学模型的LQR控制器稳摆+能量控制器起摆)\USER\WHEELTEC.uvprojx
Project File Date:  05/09/2023

<h2>Output:</h2>
*** Using Compiler 'V5.06 update 7 (build 960)', folder: 'C:\Keil_v5\ARM\ARMCC\Bin'
Rebuild target 'Target 1'
assembling startup_stm32f10x_md.s...
compiling exti.c...
compiling usart.c...
compiling motor.c...
compiling key.c...
compiling encoder.c...
compiling Minibalance.c...
compiling adc.c...
compiling timer.c...
compiling delay.c...
compiling LED.C...
compiling control.c...
compiling show.c...
compiling oled.c...
compiling sys.c...
compiling check.c...
linking...
Program Size: Code=16928 RO-data=19184 RW-data=136 ZI-data=2656  
FromELF: creating hex file...
"..\OBJ\Minibalance.axf" - 0 Error(s), 0 Warning(s).

<h2>Software Packages used:</h2>

Package Vendor: ARM
                http://www.keil.com/pack/ARM.CMSIS.5.9.0.pack
                ARM.CMSIS.5.9.0
                CMSIS (Common Microcontroller Software Interface Standard)
   * Component: CORE Version: 5.6.0

Package Vendor: Keil
                http://www.keil.com/pack/Keil.STM32F1xx_DFP.1.0.5.pack
                Keil.STM32F1xx_DFP.1.0.5
                STMicroelectronics STM32F1 Series Device Support, Drivers and Examples

<h2>Collection of Component include folders:</h2>
  ./RTE/_Target_1
  C:/Keil_v5/ARM/CMSIS/5.9.0/CMSIS/Core/Include
  C:/Keil_v5/Keil/STM32F1xx_DFP/1.0.5/Device/Include

<h2>Collection of Component Files used:</h2>

   * Component: ARM::CMSIS:CORE:5.6.0
Build Time Elapsed:  00:00:00
</pre>
</body>
</html>
